=== base_af1 / ar_transposed_chal ===
=== base_af1 / idempotent_reduce_max_chal ===
=== base_af1 / max_min_with_dead_chal ===
=== base_af1 / max_reduce_redundant_chal ===
=== base_af1 / min_via_max_neg_chal ===
=== base_af1 / per_column_max_ar_chal ===
=== base_af1 / per_row_max_ar_M32_chal ===
=== base_af1 / per_row_min_ar_M32_chal ===
=== base_af1 / rotating_shuffle_chal ===
=== base_af1 / sparse_topk_chal ===
=== base_af1 / two_ars_transposed_chal ===
=== base_af1 / three_max_ars_pairwise_chal ===
=== noadv_af1 / ar_transposed_chal ===
=== noadv_af1 / idempotent_reduce_max_chal ===
=== noadv_af1 / max_min_with_dead_chal ===
=== noadv_af1 / max_reduce_redundant_chal ===
=== noadv_af1 / min_via_max_neg_chal ===
=== noadv_af1 / per_column_max_ar_chal ===
=== noadv_af1 / per_row_max_ar_M32_chal ===
=== noadv_af1 / per_row_min_ar_M32_chal ===
=== noadv_af1 / rotating_shuffle_chal ===
=== noadv_af1 / sparse_topk_chal ===
=== noadv_af1 / two_ars_transposed_chal ===
=== noadv_af1 / three_max_ars_pairwise_chal ===
=== base_af2 / ar_transposed_chal ===
=== base_af2 / idempotent_reduce_max_chal ===
=== base_af2 / max_min_with_dead_chal ===
=== base_af2 / max_reduce_redundant_chal ===
=== base_af2 / min_via_max_neg_chal ===
=== base_af2 / per_column_max_ar_chal ===
=== base_af2 / per_row_max_ar_M32_chal ===
=== base_af2 / per_row_min_ar_M32_chal ===
=== base_af2 / rotating_shuffle_chal ===
=== base_af2 / sparse_topk_chal ===
=== base_af2 / two_ars_transposed_chal ===
=== base_af2 / three_max_ars_pairwise_chal ===
=== noadv_af2 / ar_transposed_chal ===
=== noadv_af2 / idempotent_reduce_max_chal ===
=== noadv_af2 / max_min_with_dead_chal ===
=== noadv_af2 / max_reduce_redundant_chal ===
=== noadv_af2 / min_via_max_neg_chal ===
=== noadv_af2 / per_column_max_ar_chal ===
=== noadv_af2 / per_row_max_ar_M32_chal ===
=== noadv_af2 / per_row_min_ar_M32_chal ===
=== noadv_af2 / rotating_shuffle_chal ===
=== noadv_af2 / sparse_topk_chal ===
=== noadv_af2 / two_ars_transposed_chal ===
=== noadv_af2 / three_max_ars_pairwise_chal ===
ADVFREQ_DONE
