=== base_bcast / mod_sq_bcast ===
"best_sim_time_us": 60.699999999999996
=== base_bcast / xor_grid_bcast ===
"best_sim_time_us": 88.76823431812598
=== base_bcast / triangle_num_bcast ===
"best_sim_time_us": 60.699999999999996
=== base_bcast / sign_alt_bcast ===
"best_sim_time_us": 88.76823431812598
=== base_bcast / gray_code_bcast ===
"best_sim_time_us": 60.699999999999996
=== base_bcast / hamming_dist_bcast ===
"best_sim_time_us": 61.699999999999996
=== papersim_bcast / mod_sq_bcast ===
"best_sim_time_us": 2.0
=== papersim_bcast / xor_grid_bcast ===
"best_sim_time_us": 29.0
=== papersim_bcast / triangle_num_bcast ===
"best_sim_time_us": 3.0
=== papersim_bcast / sign_alt_bcast ===
"best_sim_time_us": 6.0
=== papersim_bcast / gray_code_bcast ===
"best_sim_time_us": 29.0
=== papersim_bcast / hamming_dist_bcast ===
"best_sim_time_us": 29.0
BCAST_ABL_DONE
