=== longprompt_bcast / mod_sq_bcast ===
"best_sim_time_us": 824.1607142857142
=== longprompt_bcast / xor_grid_bcast ===
"best_sim_time_us": 88.76823431812598
=== longprompt_bcast / triangle_num_bcast ===
"best_sim_time_us": 60.699999999999996
=== longprompt_bcast / sign_alt_bcast ===
"best_sim_time_us": 88.76823431812598
=== longprompt_bcast / gray_code_bcast ===
"best_sim_time_us": 60.699999999999996
=== longprompt_bcast / hamming_dist_bcast ===
"best_sim_time_us": 60.699999999999996
=== noadv_bcast / mod_sq_bcast ===
"best_sim_time_us": 60.699999999999996
=== noadv_bcast / xor_grid_bcast ===
"best_sim_time_us": 88.76823431812598
=== noadv_bcast / triangle_num_bcast ===
"best_sim_time_us": 60.699999999999996
=== noadv_bcast / sign_alt_bcast ===
"best_sim_time_us": 88.76823431812598
=== noadv_bcast / gray_code_bcast ===
"best_sim_time_us": 60.699999999999996
=== noadv_bcast / hamming_dist_bcast ===
"best_sim_time_us": 60.699999999999996
BCAST_PROMPT_ABL_DONE
