=== base_hz1 / max_ij_bcast ===
"best_sim_time_us": 31.0
=== base_hz1 / or_ij_bcast ===
"best_sim_time_us": 88.76823431812598
=== noadv_hz1 / max_ij_bcast ===
"best_sim_time_us": 31.0
=== noadv_hz1 / or_ij_bcast ===
"best_sim_time_us": 88.76823431812598
=== base_hz2 / max_ij_bcast ===
"best_sim_time_us": 31.0
=== base_hz2 / or_ij_bcast ===
"best_sim_time_us": 88.76823431812598
=== noadv_hz2 / max_ij_bcast ===
"best_sim_time_us": 31.0
=== noadv_hz2 / or_ij_bcast ===
"best_sim_time_us": 88.76823431812598
=== base_hz3 / max_ij_bcast ===
"best_sim_time_us": 31.0
=== base_hz3 / or_ij_bcast ===
"best_sim_time_us": 88.76823431812598
=== noadv_hz3 / max_ij_bcast ===
"best_sim_time_us": 31.0
=== noadv_hz3 / or_ij_bcast ===
"best_sim_time_us": 88.76823431812598
HAZARD_DONE
