=== base_r24 / four_ar_evens_edge_chal ===
"best_sim_time_us": 5164.9
=== base_r24 / five_ar_indep_sumatend_chal ===
"best_sim_time_us": 5177.142857142858
=== base_r24 / reduce_scatter_from_ar_chal ===
"best_sim_time_us": 6128.942222222222
=== base_r24 / five_ar_zero_coefs_chal ===
"best_sim_time_us": 5180.642857142858
=== base_r24 / fp16_upcast_ar_chal ===
"best_sim_time_us": 5160.0
=== base_r24 / seven_ar_seq_edge_chal ===
"best_sim_time_us": 5168.4
=== base_r24 / global_l2_norm_sq_chal ===
"best_sim_time_us": 5160.7
=== base_r24 / three_group_dead_verify_chal ===
"best_sim_time_us": 5335.685714285713
=== base_r24 / batched_ar_scale_chal ===
"best_sim_time_us": 5180.000000000001
=== base_r24 / four_ar_mixed_coef_edge_chal ===
"best_sim_time_us": 5164.0
=== base_r24 / eight_ar_half_ints_edge_chal ===
"best_sim_time_us": 5170.5
=== base_r24 / per_row_ar_M1024_chal ===
"best_sim_time_us": 5177.142857142858
=== base_r24 / total_and_mean_ars_chal ===
"best_sim_time_us": 5178.542857142857
=== base_r24 / min_neg_max_dead_verify_chal ===
"best_sim_time_us": 5177.142857142858
=== base_r24 / per_row_ar_M64_chal ===
"best_sim_time_us": 5177.142857142858
=== base_r24 / alt_add_sub_edge_chal ===
"best_sim_time_us": 5162.1
=== base_r24 / four_ar_same_input_chal ===
"best_sim_time_us": 5177.842857142857
=== base_r24 / ar_output_reused_chal ===
"best_sim_time_us": 5177.842857142857
=== base_r24 / compound_ij_bcast ===
"best_sim_time_us": 88.76823431812598
=== base_r24 / bimodal_dist_bcast ===
"best_sim_time_us": 60.699999999999996
=== base_r24 / triangle_num_bcast ===
"best_sim_time_us": 60.699999999999996
=== base_r24 / sign_alt_bcast ===
"best_sim_time_us": 88.76823431812598
=== base_r24 / and_ij_bcast ===
"best_sim_time_us": 88.76823431812598
=== base_r24 / diag_dist_bcast ===
"best_sim_time_us": 88.76823431812598
=== papersim_r24 / four_ar_evens_edge_chal ===
"best_sim_time_us": 5164.9
=== papersim_r24 / five_ar_indep_sumatend_chal ===
"best_sim_time_us": 5179.942857142856
=== papersim_r24 / reduce_scatter_from_ar_chal ===
"best_sim_time_us": 6128.942222222222
=== papersim_r24 / five_ar_zero_coefs_chal ===
"best_sim_time_us": 5180.642857142858
=== papersim_r24 / fp16_upcast_ar_chal ===
"best_sim_time_us": 5160.0
=== papersim_r24 / seven_ar_seq_edge_chal ===
"best_sim_time_us": 5168.4
=== papersim_r24 / global_l2_norm_sq_chal ===
"best_sim_time_us": 5160.7
=== papersim_r24 / three_group_dead_verify_chal ===
"best_sim_time_us": 5335.685714285713
=== papersim_r24 / batched_ar_scale_chal ===
"best_sim_time_us": 5180.000000000001
=== papersim_r24 / four_ar_mixed_coef_edge_chal ===
"best_sim_time_us": 5164.0
=== papersim_r24 / eight_ar_half_ints_edge_chal ===
"best_sim_time_us": 5161.7
=== papersim_r24 / per_row_ar_M1024_chal ===
"best_sim_time_us": 5177.142857142858
=== papersim_r24 / total_and_mean_ars_chal ===
"best_sim_time_us": 5177.842857142857
=== papersim_r24 / min_neg_max_dead_verify_chal ===
"best_sim_time_us": 5177.142857142858
=== papersim_r24 / per_row_ar_M64_chal ===
"best_sim_time_us": 5177.142857142858
=== papersim_r24 / alt_add_sub_edge_chal ===
"best_sim_time_us": 5162.1
=== papersim_r24 / four_ar_same_input_chal ===
"best_sim_time_us": 5177.842857142857
=== papersim_r24 / ar_output_reused_chal ===
"best_sim_time_us": 5177.842857142857
=== papersim_r24 / compound_ij_bcast ===
"best_sim_time_us": 6.0
=== papersim_r24 / bimodal_dist_bcast ===
"best_sim_time_us": 2.0
=== papersim_r24 / triangle_num_bcast ===
"best_sim_time_us": 3.0
=== papersim_r24 / sign_alt_bcast ===
"best_sim_time_us": 6.0
=== papersim_r24 / and_ij_bcast ===
"best_sim_time_us": 29.0
=== papersim_r24 / diag_dist_bcast ===
"best_sim_time_us": 29.0
=== stratform_r24 / four_ar_evens_edge_chal ===
"best_sim_time_us": 5168.7
=== stratform_r24 / five_ar_indep_sumatend_chal ===
"best_sim_time_us": 5179.942857142856
=== stratform_r24 / reduce_scatter_from_ar_chal ===
"best_sim_time_us": 6128.942222222222
=== stratform_r24 / five_ar_zero_coefs_chal ===
"best_sim_time_us": 5180.642857142858
=== stratform_r24 / fp16_upcast_ar_chal ===
"best_sim_time_us": 5160.0
=== stratform_r24 / seven_ar_seq_edge_chal ===
"best_sim_time_us": 5168.4
=== stratform_r24 / global_l2_norm_sq_chal ===
"best_sim_time_us": 5160.7
=== stratform_r24 / three_group_dead_verify_chal ===
"best_sim_time_us": 5335.685714285713
=== stratform_r24 / batched_ar_scale_chal ===
"best_sim_time_us": 5180.000000000001
=== stratform_r24 / four_ar_mixed_coef_edge_chal ===
"best_sim_time_us": 5164.0
=== stratform_r24 / eight_ar_half_ints_edge_chal ===
"best_sim_time_us": 5178.5
=== stratform_r24 / per_row_ar_M1024_chal ===
"best_sim_time_us": 5177.142857142858
=== stratform_r24 / total_and_mean_ars_chal ===
"best_sim_time_us": 5177.842857142857
=== stratform_r24 / min_neg_max_dead_verify_chal ===
"best_sim_time_us": 5177.142857142858
=== stratform_r24 / per_row_ar_M64_chal ===
"best_sim_time_us": 0.0
=== stratform_r24 / alt_add_sub_edge_chal ===
"best_sim_time_us": 5162.1
=== stratform_r24 / four_ar_same_input_chal ===
"best_sim_time_us": 5177.842857142857
=== stratform_r24 / ar_output_reused_chal ===
"best_sim_time_us": 5177.842857142857
=== stratform_r24 / compound_ij_bcast ===
"best_sim_time_us": 0.0
=== stratform_r24 / bimodal_dist_bcast ===
"best_sim_time_us": 5160.0
=== stratform_r24 / triangle_num_bcast ===
"best_sim_time_us": 861.9428571428568
=== stratform_r24 / sign_alt_bcast ===
"best_sim_time_us": 895.9285714285714
=== stratform_r24 / and_ij_bcast ===
"best_sim_time_us": 895.9285714285714
=== stratform_r24 / diag_dist_bcast ===
"best_sim_time_us": 817.3785714285715
=== noadv_r24 / four_ar_evens_edge_chal ===
"best_sim_time_us": 5164.9
=== noadv_r24 / five_ar_indep_sumatend_chal ===
"best_sim_time_us": 5179.942857142856
=== noadv_r24 / reduce_scatter_from_ar_chal ===
"best_sim_time_us": 6128.942222222222
=== noadv_r24 / five_ar_zero_coefs_chal ===
"best_sim_time_us": 5180.642857142858
=== noadv_r24 / fp16_upcast_ar_chal ===
"best_sim_time_us": 5160.0
=== noadv_r24 / seven_ar_seq_edge_chal ===
"best_sim_time_us": 5168.4
=== noadv_r24 / global_l2_norm_sq_chal ===
"best_sim_time_us": 5160.7
=== noadv_r24 / three_group_dead_verify_chal ===
"best_sim_time_us": 5335.685714285713
=== noadv_r24 / batched_ar_scale_chal ===
"best_sim_time_us": 5180.000000000001
=== noadv_r24 / four_ar_mixed_coef_edge_chal ===
"best_sim_time_us": 5164.999999999999
=== noadv_r24 / eight_ar_half_ints_edge_chal ===
"best_sim_time_us": 5170.5
=== noadv_r24 / per_row_ar_M1024_chal ===
"best_sim_time_us": 5177.142857142858
=== noadv_r24 / total_and_mean_ars_chal ===
"best_sim_time_us": 5177.842857142857
=== noadv_r24 / min_neg_max_dead_verify_chal ===
"best_sim_time_us": 5177.142857142858
=== noadv_r24 / per_row_ar_M64_chal ===
"best_sim_time_us": 5177.142857142858
=== noadv_r24 / alt_add_sub_edge_chal ===
"best_sim_time_us": 5162.1
=== noadv_r24 / four_ar_same_input_chal ===
"best_sim_time_us": 5177.842857142857
=== noadv_r24 / ar_output_reused_chal ===
"best_sim_time_us": 5177.842857142857
=== noadv_r24 / compound_ij_bcast ===
"best_sim_time_us": 895.9285714285714
=== noadv_r24 / bimodal_dist_bcast ===
"best_sim_time_us": 60.699999999999996
=== noadv_r24 / triangle_num_bcast ===
"best_sim_time_us": 60.699999999999996
=== noadv_r24 / sign_alt_bcast ===
"best_sim_time_us": 88.76823431812598
=== noadv_r24 / and_ij_bcast ===
"best_sim_time_us": 88.76823431812598
=== noadv_r24 / diag_dist_bcast ===
"best_sim_time_us": 88.76823431812598
R24_DONE
