=== sequential_ar_chain_edge_chal ===
  baselines cold=3.0207 warm=3.0109
  base cold=3.0053 warm=2.9536
  longprompt cold=2.9493 warm=2.9604
  noadv cold=2.8987 warm=3.0063
  papersim cold=3.0952 warm=3.0589
=== three_inline_ars_chal ===
  baselines cold=3.0992 warm=3.2173
  base cold=2.8785 warm=3.0066
  longprompt cold=2.9782 warm=2.9142
  noadv cold=2.9802 warm=2.8320
  papersim cold=2.8439 warm=2.9703
=== ten_ar_alt_sign_zero_chal ===
  baselines cold=3.8717 warm=3.8534
  base cold=0.1069 warm=0.1068
  longprompt cold=0.0897 warm=0.3556
  noadv cold=0.0936 warm=0.0613
  papersim cold=0.0876 warm=0.0930
=== per_row_ar_M96_chal ===
  baselines cold=9.9526 warm=9.8427
  base cold=2.9180 warm=2.8348
  longprompt cold=2.9040 warm=2.8697
  noadv cold=2.9681 warm=2.8686
  papersim cold=2.9736 warm=2.9738
=== grad_ar ===
  baselines cold=9.0442 warm=8.7316
  base cold=8.6730 warm=8.8338
  longprompt cold=8.6439 warm=8.7259
  noadv cold=8.7513 warm=8.6567
  papersim cold=8.6266 warm=8.7344
=== reduce_scatter_from_ar_chal ===
  baselines cold= warm=
  base cold= warm=
  longprompt cold= warm=
  noadv cold= warm=
  papersim cold= warm=
=== mixmaxmin_chal ===
  baselines cold=4.1839 warm=4.0714
  base cold=3.0747 warm=2.9129
  longprompt cold=3.0126 warm=2.9829
  noadv cold=3.0402 warm=2.9316
  papersim cold=3.1091 warm=3.0688
=== eightslab_chal ===
  baselines cold=3.4597 warm=3.5941
  base cold=2.8660 warm=2.7980
  longprompt cold=2.8726 warm=2.8779
  noadv cold=2.9312 warm=2.8907
  papersim cold=2.8553 warm=2.8283
RT_DONE
