=== base / sequential_ar_chain_edge_chal ===
"best_sim_time_us": 5161.4
=== base / three_inline_ars_chal ===
"best_sim_time_us": 5177.842857142857
=== base / ten_ar_alt_sign_zero_chal ===
"best_sim_time_us": 29.0
=== base / per_row_ar_M96_chal ===
"best_sim_time_us": 5171.428571428572
=== base / grad_ar ===
"best_sim_time_us": 53902.4
=== base / reduce_scatter_from_ar_chal ===
"best_sim_time_us": 6128.942222222222
=== base / mixmaxmin_chal ===
"best_sim_time_us": 5222.1
=== base / eightslab_chal ===
"best_sim_time_us": 5160.0
=== papersim / sequential_ar_chain_edge_chal ===
"best_sim_time_us": 1
=== papersim / three_inline_ars_chal ===
"best_sim_time_us": 1
=== papersim / ten_ar_alt_sign_zero_chal ===
"best_sim_time_us": 1
=== papersim / per_row_ar_M96_chal ===
"best_sim_time_us": 1
=== papersim / grad_ar ===
"best_sim_time_us": 1
=== papersim / reduce_scatter_from_ar_chal ===
"best_sim_time_us": 1
=== papersim / mixmaxmin_chal ===
tail: cannot open '/home/ubuntu/abl/papersim/mixmaxmin_chal.log' for reading: No such file or directory
  (no result)
=== papersim / eightslab_chal ===
"best_sim_time_us": 5160.0
=== longprompt / sequential_ar_chain_edge_chal ===
"best_sim_time_us": 5161.0
=== longprompt / three_inline_ars_chal ===
"best_sim_time_us": 5177.842857142857
=== longprompt / ten_ar_alt_sign_zero_chal ===
"best_sim_time_us": 29.0
=== longprompt / per_row_ar_M96_chal ===
"best_sim_time_us": 5171.428571428572
=== longprompt / grad_ar ===
"best_sim_time_us": 53902.4
=== longprompt / reduce_scatter_from_ar_chal ===
"best_sim_time_us": 6128.942222222222
=== longprompt / mixmaxmin_chal ===
"best_sim_time_us": 5222.1
=== longprompt / eightslab_chal ===
"best_sim_time_us": 5160.0
=== noadv / sequential_ar_chain_edge_chal ===
"best_sim_time_us": 5161.4
=== noadv / three_inline_ars_chal ===
"best_sim_time_us": 5177.842857142857
=== noadv / ten_ar_alt_sign_zero_chal ===
"best_sim_time_us": 0.0
=== noadv / per_row_ar_M96_chal ===
"best_sim_time_us": 5171.428571428572
=== noadv / grad_ar ===
"best_sim_time_us": 53902.4
=== noadv / reduce_scatter_from_ar_chal ===
"best_sim_time_us": 6128.942222222222
=== noadv / mixmaxmin_chal ===
"best_sim_time_us": 5222.1
=== noadv / eightslab_chal ===
"best_sim_time_us": 5160.0
ALL_SEARCHES_DONE
