=== base_t2 / per_row_ar_M1024_chal ===
"best_sim_time_us": 5177.142857142858
=== base_t2 / per_column_ar_C64_chal ===
"best_sim_time_us": 5160.0
=== base_t2 / nine_ar_same_input_chal ===
"best_sim_time_us": 5166.414285714285
=== base_t2 / four_ar_sum_zero_chal ===
"best_sim_time_us": 0.0
=== base_t2 / ag_slice_use_chal ===
"best_sim_time_us": 786.3785714285715
=== base_t2 / five_ar_mixed_sign_edge_chal ===
"best_sim_time_us": 5165.599999999999
=== papersim_t2 / per_row_ar_M1024_chal ===
"best_sim_time_us": 5177.142857142858
=== papersim_t2 / per_column_ar_C64_chal ===
"best_sim_time_us": 5160.0
=== papersim_t2 / nine_ar_same_input_chal ===
"best_sim_time_us": 5166.414285714285
=== papersim_t2 / four_ar_sum_zero_chal ===
"best_sim_time_us": 5177.842857142857
=== papersim_t2 / ag_slice_use_chal ===
"best_sim_time_us": 1.0
=== papersim_t2 / five_ar_mixed_sign_edge_chal ===
"best_sim_time_us": 5164.999999999999
=== longprompt_t2 / per_row_ar_M1024_chal ===
"best_sim_time_us": 5177.142857142858
=== longprompt_t2 / per_column_ar_C64_chal ===
"best_sim_time_us": 5160.0
=== longprompt_t2 / nine_ar_same_input_chal ===
"best_sim_time_us": 5166.414285714285
=== longprompt_t2 / four_ar_sum_zero_chal ===
"best_sim_time_us": 29.0
=== longprompt_t2 / ag_slice_use_chal ===
"best_sim_time_us": 786.3785714285715
=== longprompt_t2 / five_ar_mixed_sign_edge_chal ===
"best_sim_time_us": 5165.599999999999
=== noadv_t2 / per_row_ar_M1024_chal ===
"best_sim_time_us": 5177.142857142858
=== noadv_t2 / per_column_ar_C64_chal ===
"best_sim_time_us": 5160.0
=== noadv_t2 / nine_ar_same_input_chal ===
"best_sim_time_us": 5166.414285714285
=== noadv_t2 / four_ar_sum_zero_chal ===
"best_sim_time_us": 0.0
=== noadv_t2 / ag_slice_use_chal ===
"best_sim_time_us": 786.3785714285715
=== noadv_t2 / five_ar_mixed_sign_edge_chal ===
"best_sim_time_us": 5165.599999999999
TIER2_DONE
