=== base_zf1 / ar_selfcancel_chal ===
=== base_zf1 / ar_zero_input_chal ===
=== base_zf1 / five_ar_zero_coefs_chal ===
=== base_zf1 / four_ar_sum_zero_chal ===
=== base_zf1 / ar_scalar_cancel_chain_chal ===
=== base_zf1 / ar_relu_dead_chain_chal ===
=== base_zf1 / ar_where_dead_chal ===
=== base_zf1 / cat_zero_before_ar_chal ===
=== papersim_zf1 / ar_selfcancel_chal ===
=== papersim_zf1 / ar_zero_input_chal ===
=== papersim_zf1 / five_ar_zero_coefs_chal ===
=== papersim_zf1 / four_ar_sum_zero_chal ===
=== papersim_zf1 / ar_scalar_cancel_chain_chal ===
=== papersim_zf1 / ar_relu_dead_chain_chal ===
=== papersim_zf1 / ar_where_dead_chal ===
=== papersim_zf1 / cat_zero_before_ar_chal ===
=== base_zf2 / ar_selfcancel_chal ===
=== base_zf2 / ar_zero_input_chal ===
=== base_zf2 / five_ar_zero_coefs_chal ===
=== base_zf2 / four_ar_sum_zero_chal ===
=== base_zf2 / ar_scalar_cancel_chain_chal ===
=== base_zf2 / ar_relu_dead_chain_chal ===
=== base_zf2 / ar_where_dead_chal ===
=== base_zf2 / cat_zero_before_ar_chal ===
=== papersim_zf2 / ar_selfcancel_chal ===
=== papersim_zf2 / ar_zero_input_chal ===
=== papersim_zf2 / five_ar_zero_coefs_chal ===
=== papersim_zf2 / four_ar_sum_zero_chal ===
=== papersim_zf2 / ar_scalar_cancel_chain_chal ===
=== papersim_zf2 / ar_relu_dead_chain_chal ===
=== papersim_zf2 / ar_where_dead_chal ===
=== papersim_zf2 / cat_zero_before_ar_chal ===
=== base_zf3 / ar_selfcancel_chal ===
=== base_zf3 / ar_zero_input_chal ===
=== base_zf3 / five_ar_zero_coefs_chal ===
=== base_zf3 / four_ar_sum_zero_chal ===
=== base_zf3 / ar_scalar_cancel_chain_chal ===
=== base_zf3 / ar_relu_dead_chain_chal ===
=== base_zf3 / ar_where_dead_chal ===
=== base_zf3 / cat_zero_before_ar_chal ===
=== papersim_zf3 / ar_selfcancel_chal ===
=== papersim_zf3 / ar_zero_input_chal ===
=== papersim_zf3 / five_ar_zero_coefs_chal ===
=== papersim_zf3 / four_ar_sum_zero_chal ===
=== papersim_zf3 / ar_scalar_cancel_chain_chal ===
=== papersim_zf3 / ar_relu_dead_chain_chal ===
=== papersim_zf3 / ar_where_dead_chal ===
=== papersim_zf3 / cat_zero_before_ar_chal ===
ZEROFREQ_DONE
