==== 2026-07-24T03:48:00+00:00 strat hamming_dist_bcast ====
  Winner: evo:baseline_ar_bcast_2
  Score: 0.340, SimTime: 34.0 us, Local ops: 6
==== 2026-07-24T03:52:39+00:00 strat quad_disk_bcast ====
  Winner: evo:baseline_ar_bcast_1
  Score: 0.030, SimTime: 3.0 us, Local ops: 3
==== 2026-07-24T03:57:27+00:00 strat nested_mod_bcast ====
  Winner: evo:baseline_ar_bcast_0
  Score: 0.050, SimTime: 5.0 us, Local ops: 5
==== 2026-07-24T04:02:27+00:00 strat piecewise_bcast ====
  Winner: evo:baseline_ar_bcast_0
  Score: 0.330, SimTime: 33.0 us, Local ops: 5
==== 2026-07-24T04:06:41+00:00 strat sum_popcount_bcast ====
  Winner: evo:baseline_ar_bcast_1
  Score: 0.160, SimTime: 16.0 us, Local ops: 16
==== 2026-07-24T04:11:38+00:00 strat cond_xor_bcast ====
  Winner: evo:baseline_ar_bcast_1
  Score: 0.290, SimTime: 29.0 us, Local ops: 1
V6_STRAT_DONE 2026-07-24T04:15:29+00:00
Completed 5.5 KiB/5.5 KiB (17.4 KiB/s) with 1 file(s) remainingupload: ./v6_strat_snap.tar.gz to s3://overlayccl-kaiyao-artifacts/2026-07-24-cb-v4/v6_strat_snap.tar.gz
