=== N=1024 ===
  chained baseline cold=6.2355 warm=5.8355
  chained sorcar cold=41.0762 warm=5.6172
  seqchain baseline cold=6.0450 warm=5.7639
  seqchain sorcar cold=91.1014 warm=5.5379
=== N=4096 ===
  chained baseline cold=42.0790 warm=5.9152
  chained sorcar cold=5.7151 warm=5.4520
  seqchain baseline cold=91.0356 warm=5.6923
  seqchain sorcar cold=41.3672 warm=5.6133
=== N=16384 ===
  chained baseline cold=6.1781 warm=5.9969
  chained sorcar cold=5.4909 warm=5.6135
  seqchain baseline cold=41.0902 warm=6.0202
  seqchain sorcar cold=5.5437 warm=5.6020
=== N=65536 ===
  chained baseline cold=42.2930 warm=6.0767
  chained sorcar cold=41.3603 warm=5.7051
  seqchain baseline cold=5.8216 warm=5.8756
  seqchain sorcar cold=41.7756 warm=5.7387
=== N=262144 ===
  chained baseline cold=41.9260 warm=6.9994
  chained sorcar cold=91.4581 warm=5.8089
  seqchain baseline cold=42.0175 warm=6.1853
  seqchain sorcar cold=91.1490 warm=5.8133
=== N=1048576 ===
  chained baseline cold=7.8655 warm=7.9818
  chained sorcar cold=41.9839 warm=6.0253
  seqchain baseline cold=7.0890 warm=6.9621
  seqchain sorcar cold=6.2582 warm=6.2001
DONE
