=== PROBLEM: triple_ar_linear_edge_chal ===
  baseline cold=43.0955 warm=6.0841
  sorcar cold=40.5615 warm=5.5542
=== PROBLEM: seq_dep_chain5_edge_chal ===
  baseline cold=41.8733 warm=6.7000
  sorcar cold=5.6659 warm=5.4106
=== PROBLEM: six_ar_seq_edge_chal ===
  baseline cold=6.9699 warm=6.7666
  sorcar cold=5.4915 warm=5.9124
=== PROBLEM: three_ar_frac_dep_edge_chal ===
  baseline cold=6.1344 warm=6.2044
  sorcar cold=5.6347 warm=5.5067
=== PROBLEM: seven_ar_seq_edge_chal ===
  baseline cold=42.7134 warm=7.2838
  sorcar cold=91.9593 warm=5.5635
=== PROBLEM: five_ar_arith_prog_edge_chal ===
  baseline cold=41.3392 warm=6.8981
  sorcar cold=5.5564 warm=5.4768
=== PROBLEM: chained_ar_nested_edge_chal ===
  baseline cold=5.9051 warm=6.0159
  sorcar cold=5.4600 warm=5.5902
=== PROBLEM: sequential_ar_chain_edge_chal ===
  baseline cold=91.0693 warm=5.8806
  sorcar cold=5.5177 warm=5.5677
=== PROBLEM: ar_scalar_chain_edge_chal ===
  baseline cold=6.0620 warm=6.3510
  sorcar cold=5.8067 warm=5.5773
=== PROBLEM: seq_dep_chain4_scaled_edge_chal ===
  baseline cold=42.1234 warm=6.3506
  sorcar cold=91.7454 warm=5.7246
=== PROBLEM: five_ar_mixed_sign_edge_chal ===
  baseline cold=42.5045 warm=6.6685
  sorcar cold=5.5902 warm=5.5710
=== PROBLEM: four_ar_mixed_coef_edge_chal ===
  baseline cold=6.5290 warm=6.3948
  sorcar cold=5.4085 warm=5.5364
DONE
