=== PROBLEM: chained_ar_nested_edge_chal ===
  baseline cold=6.0774 warm=5.7373
  sorcar cold=5.7373 warm=5.4840
=== PROBLEM: sequential_ar_chain_edge_chal ===
  baseline cold=39.9430 warm=5.7438
  sorcar cold=5.5728 warm=5.3561
=== PROBLEM: triple_ar_linear_edge_chal ===
  baseline cold=2.2410 warm=2.4171
  sorcar cold=2.4062 warm=2.4875
=== PROBLEM: ar_scalar_chain_edge_chal ===
  baseline cold=2.2376 warm=2.5224
  sorcar cold=2.5137 warm=2.4084
=== PROBLEM: seq_dep_chain5_edge_chal ===
  baseline cold=2.4790 warm=2.4446
  sorcar cold=2.4589 warm=2.5675
=== PROBLEM: seq_dep_chain4_scaled_edge_chal ===
  baseline cold=2.3659 warm=2.7581
  sorcar cold=2.2979 warm=2.3507
=== PROBLEM: six_ar_seq_edge_chal ===
  baseline cold=2.6386 warm=2.6418
  sorcar cold=2.3269 warm=2.7766
=== PROBLEM: five_ar_mixed_sign_edge_chal ===
  baseline cold=2.6325 warm=2.4765
  sorcar cold=2.3181 warm=2.3576
=== PROBLEM: three_ar_frac_dep_edge_chal ===
  baseline cold=2.5084 warm=2.4584
  sorcar cold=2.6846 warm=2.5323
=== PROBLEM: four_ar_mixed_coef_edge_chal ===
  baseline cold=1.8825 warm=2.7948
  sorcar cold=1.7549 warm=2.5269
=== PROBLEM: seven_ar_seq_edge_chal ===
  baseline cold=2.4107 warm=2.6014
  sorcar cold=2.5275 warm=2.8594
=== PROBLEM: five_ar_arith_prog_edge_chal ===
  baseline cold=2.5959 warm=2.3961
  sorcar cold=2.5220 warm=2.4631
=== PROBLEM: eight_ar_half_ints_edge_chal ===
=== PROBLEM: eight_ar_half_ints_edge_chal ===
  baseline cold=7.4491 warm=7.4438
  sorcar cold=41.8454 warm=5.7009
=== PROBLEM: four_ar_N224_edge_chal ===
  baseline cold=90.9984 warm=6.5501
  sorcar cold=5.6383 warm=5.6694
=== PROBLEM: six_ar_altsign_edge_chal ===
  baseline cold=6.8421 warm=6.7215
  sorcar cold=5.6286 warm=5.6689
=== PROBLEM: four_ar_pow2_edge_chal ===
  baseline cold=41.6331 warm=6.4819
  sorcar cold=41.3924 warm=5.5185
=== PROBLEM: four_ar_evens_edge_chal ===
  baseline cold=41.7247 warm=6.5329
  sorcar cold=41.0275 warm=5.5622
=== PROBLEM: six_ar_arith_edge_chal ===
  baseline cold=92.2020 warm=7.4164
  sorcar cold=92.4179 warm=5.4414
DONE
