W0724 01:19:27.190000 695183 torch/distributed/run.py:793] 
W0724 01:19:27.190000 695183 torch/distributed/run.py:793] *****************************************
W0724 01:19:27.190000 695183 torch/distributed/run.py:793] Setting OMP_NUM_THREADS environment variable for each process to be 1 in default, to avoid your system being overloaded, please further tune the variable for optimal performance in your application as needed. 
W0724 01:19:27.190000 695183 torch/distributed/run.py:793] *****************************************
WARNING:root:Found libneuronpjrt.so. Setting PJRT_DEVICE=NEURON.
2026-07-24 01:19:35.439425: W neuron/pjrt-api/neuronpjrt.cc:1826] Use PJRT C-API 0.79 as client did not specify a PJRT C-API version
WARNING:root:Found libneuronpjrt.so. Setting PJRT_DEVICE=NEURON.
2026-07-24 01:19:35.467491: W neuron/pjrt-api/neuronpjrt.cc:1826] Use PJRT C-API 0.79 as client did not specify a PJRT C-API version
WARNING:root:Found libneuronpjrt.so. Setting PJRT_DEVICE=NEURON.
WARNING:root:Found libneuronpjrt.so. Setting PJRT_DEVICE=NEURON.
2026-07-24 01:19:35.627647: W neuron/pjrt-api/neuronpjrt.cc:1826] Use PJRT C-API 0.79 as client did not specify a PJRT C-API version
2026-07-24 01:19:35.630786: W neuron/pjrt-api/neuronpjrt.cc:1826] Use PJRT C-API 0.79 as client did not specify a PJRT C-API version
WARNING:root:Found libneuronpjrt.so. Setting PJRT_DEVICE=NEURON.
2026-07-24 01:19:35.657115: W neuron/pjrt-api/neuronpjrt.cc:1826] Use PJRT C-API 0.79 as client did not specify a PJRT C-API version
WARNING:root:Found libneuronpjrt.so. Setting PJRT_DEVICE=NEURON.
WARNING:root:Found libneuronpjrt.so. Setting PJRT_DEVICE=NEURON.
WARNING:root:Found libneuronpjrt.so. Setting PJRT_DEVICE=NEURON.
2026-07-24 01:19:35.665248: W neuron/pjrt-api/neuronpjrt.cc:1826] Use PJRT C-API 0.79 as client did not specify a PJRT C-API version
2026-07-24 01:19:35.665932: W neuron/pjrt-api/neuronpjrt.cc:1826] Use PJRT C-API 0.79 as client did not specify a PJRT C-API version
WARNING:root:Found libneuronpjrt.so. Setting PJRT_DEVICE=NEURON.
2026-07-24 01:19:35.671198: W neuron/pjrt-api/neuronpjrt.cc:1826] Use PJRT C-API 0.79 as client did not specify a PJRT C-API version
2026-07-24 01:19:35.675115: W neuron/pjrt-api/neuronpjrt.cc:1826] Use PJRT C-API 0.79 as client did not specify a PJRT C-API version
WARNING:root:Found libneuronpjrt.so. Setting PJRT_DEVICE=NEURON.
WARNING:root:Found libneuronpjrt.so. Setting PJRT_DEVICE=NEURON.
2026-07-24 01:19:35.723029: W neuron/pjrt-api/neuronpjrt.cc:1826] Use PJRT C-API 0.79 as client did not specify a PJRT C-API version
WARNING:root:Found libneuronpjrt.so. Setting PJRT_DEVICE=NEURON.
WARNING:root:Found libneuronpjrt.so. Setting PJRT_DEVICE=NEURON.
WARNING:root:Found libneuronpjrt.so. Setting PJRT_DEVICE=NEURON.
2026-07-24 01:19:35.726458: W neuron/pjrt-api/neuronpjrt.cc:1826] Use PJRT C-API 0.79 as client did not specify a PJRT C-API version
WARNING:root:Found libneuronpjrt.so. Setting PJRT_DEVICE=NEURON.
2026-07-24 01:19:35.728819: W neuron/pjrt-api/neuronpjrt.cc:1826] Use PJRT C-API 0.79 as client did not specify a PJRT C-API version
2026-07-24 01:19:35.730678: W neuron/pjrt-api/neuronpjrt.cc:1826] Use PJRT C-API 0.79 as client did not specify a PJRT C-API version
2026-07-24 01:19:35.731305: W neuron/pjrt-api/neuronpjrt.cc:1826] Use PJRT C-API 0.79 as client did not specify a PJRT C-API version
WARNING:root:Found libneuronpjrt.so. Setting PJRT_DEVICE=NEURON.
WARNING:root:Found libneuronpjrt.so. Setting PJRT_DEVICE=NEURON.
WARNING:root:Found libneuronpjrt.so. Setting PJRT_DEVICE=NEURON.
2026-07-24 01:19:35.732669: W neuron/pjrt-api/neuronpjrt.cc:1826] Use PJRT C-API 0.79 as client did not specify a PJRT C-API version
WARNING:root:Found libneuronpjrt.so. Setting PJRT_DEVICE=NEURON.
2026-07-24 01:19:35.737712: W neuron/pjrt-api/neuronpjrt.cc:1826] Use PJRT C-API 0.79 as client did not specify a PJRT C-API version
2026-07-24 01:19:35.737946: W neuron/pjrt-api/neuronpjrt.cc:1826] Use PJRT C-API 0.79 as client did not specify a PJRT C-API version
2026-07-24 01:19:35.738541: W neuron/pjrt-api/neuronpjrt.cc:1826] Use PJRT C-API 0.79 as client did not specify a PJRT C-API version
2026-07-24 01:19:35.741192: W neuron/pjrt-api/neuronpjrt.cc:1826] Use PJRT C-API 0.79 as client did not specify a PJRT C-API version
WARNING:root:Found libneuronpjrt.so. Setting PJRT_DEVICE=NEURON.
2026-07-24 01:19:35.750004: W neuron/pjrt-api/neuronpjrt.cc:1826] Use PJRT C-API 0.79 as client did not specify a PJRT C-API version
WARNING:root:Found libneuronpjrt.so. Setting PJRT_DEVICE=NEURON.
2026-07-24 01:19:35.762297: W neuron/pjrt-api/neuronpjrt.cc:1826] Use PJRT C-API 0.79 as client did not specify a PJRT C-API version
WARNING:root:Found libneuronpjrt.so. Setting PJRT_DEVICE=NEURON.
WARNING:root:Found libneuronpjrt.so. Setting PJRT_DEVICE=NEURON.
WARNING:root:Found libneuronpjrt.so. Setting PJRT_DEVICE=NEURON.
2026-07-24 01:19:35.808436: W neuron/pjrt-api/neuronpjrt.cc:1826] Use PJRT C-API 0.79 as client did not specify a PJRT C-API version
WARNING:root:Found libneuronpjrt.so. Setting PJRT_DEVICE=NEURON.
WARNING:root:Found libneuronpjrt.so. Setting PJRT_DEVICE=NEURON.
2026-07-24 01:19:35.815178: W neuron/pjrt-api/neuronpjrt.cc:1826] Use PJRT C-API 0.79 as client did not specify a PJRT C-API version
2026-07-24 01:19:35.815222: W neuron/pjrt-api/neuronpjrt.cc:1826] Use PJRT C-API 0.79 as client did not specify a PJRT C-API version
2026-07-24 01:19:35.823992: W neuron/pjrt-api/neuronpjrt.cc:1826] Use PJRT C-API 0.79 as client did not specify a PJRT C-API version
2026-07-24 01:19:35.824165: W neuron/pjrt-api/neuronpjrt.cc:1826] Use PJRT C-API 0.79 as client did not specify a PJRT C-API version
WARNING:root:Found libneuronpjrt.so. Setting PJRT_DEVICE=NEURON.
WARNING:root:Found libneuronpjrt.so. Setting PJRT_DEVICE=NEURON.
WARNING:root:Found libneuronpjrt.so. Setting PJRT_DEVICE=NEURON.
2026-07-24 01:19:35.841670: W neuron/pjrt-api/neuronpjrt.cc:1826] Use PJRT C-API 0.79 as client did not specify a PJRT C-API version
2026-07-24 01:19:35.848884: W neuron/pjrt-api/neuronpjrt.cc:1826] Use PJRT C-API 0.79 as client did not specify a PJRT C-API version
2026-07-24 01:19:35.852899: W neuron/pjrt-api/neuronpjrt.cc:1826] Use PJRT C-API 0.79 as client did not specify a PJRT C-API version
WARNING:root:Found libneuronpjrt.so. Setting PJRT_DEVICE=NEURON.
2026-07-24 01:19:35.866196: W neuron/pjrt-api/neuronpjrt.cc:1826] Use PJRT C-API 0.79 as client did not specify a PJRT C-API version
WARNING:root:Found libneuronpjrt.so. Setting PJRT_DEVICE=NEURON.
2026-07-24 01:19:35.905354: W neuron/pjrt-api/neuronpjrt.cc:1826] Use PJRT C-API 0.79 as client did not specify a PJRT C-API version
WARNING:root:Found libneuronpjrt.so. Setting PJRT_DEVICE=NEURON.
2026-07-24 01:19:35.938003: W neuron/pjrt-api/neuronpjrt.cc:1826] Use PJRT C-API 0.79 as client did not specify a PJRT C-API version
/home/ubuntu/venv/lib/python3.10/site-packages/torch/_dynamo/eval_frame.py:632: UserWarning: Set seed for `privateuseone` device does not take effect, please add API's `_is_in_bad_fork` and `manual_seed_all` to `privateuseone` device module.
  return fn(*args, **kwargs)
/home/ubuntu/venv/lib/python3.10/site-packages/torch/_dynamo/eval_frame.py:632: UserWarning: Set seed for `privateuseone` device does not take effect, please add API's `_is_in_bad_fork` and `manual_seed_all` to `privateuseone` device module.
  return fn(*args, **kwargs)
/home/ubuntu/venv/lib/python3.10/site-packages/torch/_dynamo/eval_frame.py:632: UserWarning: Set seed for `privateuseone` device does not take effect, please add API's `_is_in_bad_fork` and `manual_seed_all` to `privateuseone` device module.
  return fn(*args, **kwargs)
/home/ubuntu/venv/lib/python3.10/site-packages/torch/_dynamo/eval_frame.py:632: UserWarning: Set seed for `privateuseone` device does not take effect, please add API's `_is_in_bad_fork` and `manual_seed_all` to `privateuseone` device module.
  return fn(*args, **kwargs)
/home/ubuntu/venv/lib/python3.10/site-packages/torch/_dynamo/eval_frame.py:632: UserWarning: Set seed for `privateuseone` device does not take effect, please add API's `_is_in_bad_fork` and `manual_seed_all` to `privateuseone` device module.
  return fn(*args, **kwargs)
/home/ubuntu/venv/lib/python3.10/site-packages/torch/_dynamo/eval_frame.py:632: UserWarning: Set seed for `privateuseone` device does not take effect, please add API's `_is_in_bad_fork` and `manual_seed_all` to `privateuseone` device module.
  return fn(*args, **kwargs)
/home/ubuntu/venv/lib/python3.10/site-packages/torch/_dynamo/eval_frame.py:632: UserWarning: Set seed for `privateuseone` device does not take effect, please add API's `_is_in_bad_fork` and `manual_seed_all` to `privateuseone` device module.
  return fn(*args, **kwargs)
/home/ubuntu/venv/lib/python3.10/site-packages/torch/_dynamo/eval_frame.py:632: UserWarning: Set seed for `privateuseone` device does not take effect, please add API's `_is_in_bad_fork` and `manual_seed_all` to `privateuseone` device module.
  return fn(*args, **kwargs)
/home/ubuntu/venv/lib/python3.10/site-packages/torch/_dynamo/eval_frame.py:632: UserWarning: Set seed for `privateuseone` device does not take effect, please add API's `_is_in_bad_fork` and `manual_seed_all` to `privateuseone` device module.
  return fn(*args, **kwargs)
/home/ubuntu/venv/lib/python3.10/site-packages/torch/_dynamo/eval_frame.py:632: UserWarning: Set seed for `privateuseone` device does not take effect, please add API's `_is_in_bad_fork` and `manual_seed_all` to `privateuseone` device module.
  return fn(*args, **kwargs)
/home/ubuntu/venv/lib/python3.10/site-packages/torch/_dynamo/eval_frame.py:632: UserWarning: Set seed for `privateuseone` device does not take effect, please add API's `_is_in_bad_fork` and `manual_seed_all` to `privateuseone` device module.
  return fn(*args, **kwargs)
/home/ubuntu/venv/lib/python3.10/site-packages/torch/_dynamo/eval_frame.py:632: UserWarning: Set seed for `privateuseone` device does not take effect, please add API's `_is_in_bad_fork` and `manual_seed_all` to `privateuseone` device module.
  return fn(*args, **kwargs)
/home/ubuntu/venv/lib/python3.10/site-packages/torch/_dynamo/eval_frame.py:632: UserWarning: Set seed for `privateuseone` device does not take effect, please add API's `_is_in_bad_fork` and `manual_seed_all` to `privateuseone` device module.
  return fn(*args, **kwargs)
/home/ubuntu/venv/lib/python3.10/site-packages/torch/_dynamo/eval_frame.py:632: UserWarning: Set seed for `privateuseone` device does not take effect, please add API's `_is_in_bad_fork` and `manual_seed_all` to `privateuseone` device module.
  return fn(*args, **kwargs)
/home/ubuntu/venv/lib/python3.10/site-packages/torch/_dynamo/eval_frame.py:632: UserWarning: Set seed for `privateuseone` device does not take effect, please add API's `_is_in_bad_fork` and `manual_seed_all` to `privateuseone` device module.
  return fn(*args, **kwargs)
/home/ubuntu/venv/lib/python3.10/site-packages/torch/_dynamo/eval_frame.py:632: UserWarning: Set seed for `privateuseone` device does not take effect, please add API's `_is_in_bad_fork` and `manual_seed_all` to `privateuseone` device module.
  return fn(*args, **kwargs)
/home/ubuntu/venv/lib/python3.10/site-packages/torch/_dynamo/eval_frame.py:632: UserWarning: Set seed for `privateuseone` device does not take effect, please add API's `_is_in_bad_fork` and `manual_seed_all` to `privateuseone` device module.
  return fn(*args, **kwargs)
/home/ubuntu/venv/lib/python3.10/site-packages/torch/_dynamo/eval_frame.py:632: UserWarning: Set seed for `privateuseone` device does not take effect, please add API's `_is_in_bad_fork` and `manual_seed_all` to `privateuseone` device module.
  return fn(*args, **kwargs)
/home/ubuntu/venv/lib/python3.10/site-packages/torch/_dynamo/eval_frame.py:632: UserWarning: Set seed for `privateuseone` device does not take effect, please add API's `_is_in_bad_fork` and `manual_seed_all` to `privateuseone` device module.
  return fn(*args, **kwargs)
/home/ubuntu/venv/lib/python3.10/site-packages/torch/_dynamo/eval_frame.py:632: UserWarning: Set seed for `privateuseone` device does not take effect, please add API's `_is_in_bad_fork` and `manual_seed_all` to `privateuseone` device module.
  return fn(*args, **kwargs)
/home/ubuntu/venv/lib/python3.10/site-packages/torch/_dynamo/eval_frame.py:632: UserWarning: Set seed for `privateuseone` device does not take effect, please add API's `_is_in_bad_fork` and `manual_seed_all` to `privateuseone` device module.
  return fn(*args, **kwargs)
/home/ubuntu/venv/lib/python3.10/site-packages/torch/_dynamo/eval_frame.py:632: UserWarning: Set seed for `privateuseone` device does not take effect, please add API's `_is_in_bad_fork` and `manual_seed_all` to `privateuseone` device module.
  return fn(*args, **kwargs)
/home/ubuntu/venv/lib/python3.10/site-packages/torch/_dynamo/eval_frame.py:632: UserWarning: Set seed for `privateuseone` device does not take effect, please add API's `_is_in_bad_fork` and `manual_seed_all` to `privateuseone` device module.
  return fn(*args, **kwargs)
/home/ubuntu/venv/lib/python3.10/site-packages/torch/_dynamo/eval_frame.py:632: UserWarning: Set seed for `privateuseone` device does not take effect, please add API's `_is_in_bad_fork` and `manual_seed_all` to `privateuseone` device module.
  return fn(*args, **kwargs)
/home/ubuntu/venv/lib/python3.10/site-packages/torch/_dynamo/eval_frame.py:632: UserWarning: Set seed for `privateuseone` device does not take effect, please add API's `_is_in_bad_fork` and `manual_seed_all` to `privateuseone` device module.
  return fn(*args, **kwargs)
/home/ubuntu/venv/lib/python3.10/site-packages/torch/_dynamo/eval_frame.py:632: UserWarning: Set seed for `privateuseone` device does not take effect, please add API's `_is_in_bad_fork` and `manual_seed_all` to `privateuseone` device module.
  return fn(*args, **kwargs)
/home/ubuntu/venv/lib/python3.10/site-packages/torch/_dynamo/eval_frame.py:632: UserWarning: Set seed for `privateuseone` device does not take effect, please add API's `_is_in_bad_fork` and `manual_seed_all` to `privateuseone` device module.
  return fn(*args, **kwargs)
/home/ubuntu/venv/lib/python3.10/site-packages/torch/_dynamo/eval_frame.py:632: UserWarning: Set seed for `privateuseone` device does not take effect, please add API's `_is_in_bad_fork` and `manual_seed_all` to `privateuseone` device module.
  return fn(*args, **kwargs)
/home/ubuntu/venv/lib/python3.10/site-packages/torch/_dynamo/eval_frame.py:632: UserWarning: Set seed for `privateuseone` device does not take effect, please add API's `_is_in_bad_fork` and `manual_seed_all` to `privateuseone` device module.
  return fn(*args, **kwargs)
/home/ubuntu/venv/lib/python3.10/site-packages/torch/_dynamo/eval_frame.py:632: UserWarning: Set seed for `privateuseone` device does not take effect, please add API's `_is_in_bad_fork` and `manual_seed_all` to `privateuseone` device module.
  return fn(*args, **kwargs)
/home/ubuntu/venv/lib/python3.10/site-packages/torch/_dynamo/eval_frame.py:632: UserWarning: Set seed for `privateuseone` device does not take effect, please add API's `_is_in_bad_fork` and `manual_seed_all` to `privateuseone` device module.
  return fn(*args, **kwargs)
/home/ubuntu/venv/lib/python3.10/site-packages/torch/_dynamo/eval_frame.py:632: UserWarning: Set seed for `privateuseone` device does not take effect, please add API's `_is_in_bad_fork` and `manual_seed_all` to `privateuseone` device module.
  return fn(*args, **kwargs)
.Completed run_backend_driver.

Compiler status PASS
2026-07-24 01:20:09.000038:  695251  [INFO]: Compilation Successfully Completed for model.MODULE_15948363893541647764+e30acd3a.hlo_module.pb
2026-07-24 01:20:11.000097:  695250  [INFO]: Using a cached neff at /var/tmp/neuron-compile-cache/neuronxcc-2.20.9961.0+0acef03a/MODULE_15948363893541647764+e30acd3a/model.neff
2026-07-24 01:20:11.000103:  695262  [INFO]: Using a cached neff at /var/tmp/neuron-compile-cache/neuronxcc-2.20.9961.0+0acef03a/MODULE_15948363893541647764+e30acd3a/model.neff
2026-07-24 01:20:11.000103:  695248  [INFO]: Using a cached neff at /var/tmp/neuron-compile-cache/neuronxcc-2.20.9961.0+0acef03a/MODULE_15948363893541647764+e30acd3a/model.neff
2026-07-24 01:20:11.000105:  695277  [INFO]: Using a cached neff at /var/tmp/neuron-compile-cache/neuronxcc-2.20.9961.0+0acef03a/MODULE_15948363893541647764+e30acd3a/model.neff
2026-07-24 01:20:11.000107:  695254  [INFO]: Using a cached neff at /var/tmp/neuron-compile-cache/neuronxcc-2.20.9961.0+0acef03a/MODULE_15948363893541647764+e30acd3a/model.neff
2026-07-24 01:20:11.000108:  695259  [INFO]: Using a cached neff at /var/tmp/neuron-compile-cache/neuronxcc-2.20.9961.0+0acef03a/MODULE_15948363893541647764+e30acd3a/model.neff
2026-07-24 01:20:11.000109:  695258  [INFO]: Using a cached neff at /var/tmp/neuron-compile-cache/neuronxcc-2.20.9961.0+0acef03a/MODULE_15948363893541647764+e30acd3a/model.neff
2026-07-24 01:20:11.000111:  695268  [INFO]: Using a cached neff at /var/tmp/neuron-compile-cache/neuronxcc-2.20.9961.0+0acef03a/MODULE_15948363893541647764+e30acd3a/model.neff
2026-07-24 01:20:11.000111:  695261  [INFO]: Using a cached neff at /var/tmp/neuron-compile-cache/neuronxcc-2.20.9961.0+0acef03a/MODULE_15948363893541647764+e30acd3a/model.neff
2026-07-24 01:20:11.000114:  695249  [INFO]: Using a cached neff at /var/tmp/neuron-compile-cache/neuronxcc-2.20.9961.0+0acef03a/MODULE_15948363893541647764+e30acd3a/model.neff
2026-07-24 01:20:11.000114:  695257  [INFO]: Using a cached neff at /var/tmp/neuron-compile-cache/neuronxcc-2.20.9961.0+0acef03a/MODULE_15948363893541647764+e30acd3a/model.neff
2026-07-24 01:20:11.000114:  695265  [INFO]: Using a cached neff at /var/tmp/neuron-compile-cache/neuronxcc-2.20.9961.0+0acef03a/MODULE_15948363893541647764+e30acd3a/model.neff
2026-07-24 01:20:11.000114:  695274  [INFO]: Using a cached neff at /var/tmp/neuron-compile-cache/neuronxcc-2.20.9961.0+0acef03a/MODULE_15948363893541647764+e30acd3a/model.neff
2026-07-24 01:20:11.000117:  695275  [INFO]: Using a cached neff at /var/tmp/neuron-compile-cache/neuronxcc-2.20.9961.0+0acef03a/MODULE_15948363893541647764+e30acd3a/model.neff
2026-07-24 01:20:11.000119:  695264  [INFO]: Using a cached neff at /var/tmp/neuron-compile-cache/neuronxcc-2.20.9961.0+0acef03a/MODULE_15948363893541647764+e30acd3a/model.neff
2026-07-24 01:20:11.000120:  695270  [INFO]: Using a cached neff at /var/tmp/neuron-compile-cache/neuronxcc-2.20.9961.0+0acef03a/MODULE_15948363893541647764+e30acd3a/model.neff
2026-07-24 01:20:11.000122:  695279  [INFO]: Using a cached neff at /var/tmp/neuron-compile-cache/neuronxcc-2.20.9961.0+0acef03a/MODULE_15948363893541647764+e30acd3a/model.neff
2026-07-24 01:20:11.000125:  695260  [INFO]: Using a cached neff at /var/tmp/neuron-compile-cache/neuronxcc-2.20.9961.0+0acef03a/MODULE_15948363893541647764+e30acd3a/model.neff
2026-07-24 01:20:11.000127:  695252  [INFO]: Using a cached neff at /var/tmp/neuron-compile-cache/neuronxcc-2.20.9961.0+0acef03a/MODULE_15948363893541647764+e30acd3a/model.neff
2026-07-24 01:20:11.000128:  695272  [INFO]: Using a cached neff at /var/tmp/neuron-compile-cache/neuronxcc-2.20.9961.0+0acef03a/MODULE_15948363893541647764+e30acd3a/model.neff
2026-07-24 01:20:11.000132:  695269  [INFO]: Using a cached neff at /var/tmp/neuron-compile-cache/neuronxcc-2.20.9961.0+0acef03a/MODULE_15948363893541647764+e30acd3a/model.neff
2026-07-24 01:20:11.000135:  695266  [INFO]: Using a cached neff at /var/tmp/neuron-compile-cache/neuronxcc-2.20.9961.0+0acef03a/MODULE_15948363893541647764+e30acd3a/model.neff
2026-07-24 01:20:11.000135:  695276  [INFO]: Using a cached neff at /var/tmp/neuron-compile-cache/neuronxcc-2.20.9961.0+0acef03a/MODULE_15948363893541647764+e30acd3a/model.neff
2026-07-24 01:20:11.000166:  695267  [INFO]: Using a cached neff at /var/tmp/neuron-compile-cache/neuronxcc-2.20.9961.0+0acef03a/MODULE_15948363893541647764+e30acd3a/model.neff
2026-07-24 01:20:11.000170:  695273  [INFO]: Using a cached neff at /var/tmp/neuron-compile-cache/neuronxcc-2.20.9961.0+0acef03a/MODULE_15948363893541647764+e30acd3a/model.neff
2026-07-24 01:20:11.000171:  695263  [INFO]: Using a cached neff at /var/tmp/neuron-compile-cache/neuronxcc-2.20.9961.0+0acef03a/MODULE_15948363893541647764+e30acd3a/model.neff
2026-07-24 01:20:11.000177:  695256  [INFO]: Using a cached neff at /var/tmp/neuron-compile-cache/neuronxcc-2.20.9961.0+0acef03a/MODULE_15948363893541647764+e30acd3a/model.neff
2026-07-24 01:20:16.000109:  695255  [INFO]: Using a cached neff at /var/tmp/neuron-compile-cache/neuronxcc-2.20.9961.0+0acef03a/MODULE_15948363893541647764+e30acd3a/model.neff
2026-07-24 01:20:16.000114:  695253  [INFO]: Using a cached neff at /var/tmp/neuron-compile-cache/neuronxcc-2.20.9961.0+0acef03a/MODULE_15948363893541647764+e30acd3a/model.neff
2026-07-24 01:20:21.000113:  695271  [INFO]: Using a cached neff at /var/tmp/neuron-compile-cache/neuronxcc-2.20.9961.0+0acef03a/MODULE_15948363893541647764+e30acd3a/model.neff
2026-07-24 01:20:26.000119:  695278  [INFO]: Using a cached neff at /var/tmp/neuron-compile-cache/neuronxcc-2.20.9961.0+0acef03a/MODULE_15948363893541647764+e30acd3a/model.neff
REAL_PROBLEM xor_grid_bcast
REAL_VARIANT baseline
REAL_MS_PER_ITER 15.0276
REAL_LOSS_INITIAL 7.104887
REAL_LOSS_FINAL 5.932696
REAL_LOSS_DESCENT 1.172190
