W0724 01:20:54.095000 714458 torch/distributed/run.py:793] 
W0724 01:20:54.095000 714458 torch/distributed/run.py:793] *****************************************
W0724 01:20:54.095000 714458 torch/distributed/run.py:793] Setting OMP_NUM_THREADS environment variable for each process to be 1 in default, to avoid your system being overloaded, please further tune the variable for optimal performance in your application as needed. 
W0724 01:20:54.095000 714458 torch/distributed/run.py:793] *****************************************
WARNING:root:Found libneuronpjrt.so. Setting PJRT_DEVICE=NEURON.
2026-07-24 01:20:58.943624: W neuron/pjrt-api/neuronpjrt.cc:1826] Use PJRT C-API 0.79 as client did not specify a PJRT C-API version
WARNING:root:Found libneuronpjrt.so. Setting PJRT_DEVICE=NEURON.
2026-07-24 01:20:58.979909: W neuron/pjrt-api/neuronpjrt.cc:1826] Use PJRT C-API 0.79 as client did not specify a PJRT C-API version
WARNING:root:Found libneuronpjrt.so. Setting PJRT_DEVICE=NEURON.
2026-07-24 01:20:58.997367: W neuron/pjrt-api/neuronpjrt.cc:1826] Use PJRT C-API 0.79 as client did not specify a PJRT C-API version
WARNING:root:Found libneuronpjrt.so. Setting PJRT_DEVICE=NEURON.
2026-07-24 01:20:59.054954: W neuron/pjrt-api/neuronpjrt.cc:1826] Use PJRT C-API 0.79 as client did not specify a PJRT C-API version
WARNING:root:Found libneuronpjrt.so. Setting PJRT_DEVICE=NEURON.
WARNING:root:Found libneuronpjrt.so. Setting PJRT_DEVICE=NEURON.
WARNING:root:Found libneuronpjrt.so. Setting PJRT_DEVICE=NEURON.
2026-07-24 01:20:59.092560: W neuron/pjrt-api/neuronpjrt.cc:1826] Use PJRT C-API 0.79 as client did not specify a PJRT C-API version
2026-07-24 01:20:59.092889: W neuron/pjrt-api/neuronpjrt.cc:1826] Use PJRT C-API 0.79 as client did not specify a PJRT C-API version
2026-07-24 01:20:59.094674: W neuron/pjrt-api/neuronpjrt.cc:1826] Use PJRT C-API 0.79 as client did not specify a PJRT C-API version
WARNING:root:Found libneuronpjrt.so. Setting PJRT_DEVICE=NEURON.
WARNING:root:Found libneuronpjrt.so. Setting PJRT_DEVICE=NEURON.
2026-07-24 01:20:59.104172: W neuron/pjrt-api/neuronpjrt.cc:1826] Use PJRT C-API 0.79 as client did not specify a PJRT C-API version
2026-07-24 01:20:59.105422: W neuron/pjrt-api/neuronpjrt.cc:1826] Use PJRT C-API 0.79 as client did not specify a PJRT C-API version
WARNING:root:Found libneuronpjrt.so. Setting PJRT_DEVICE=NEURON.
2026-07-24 01:20:59.112884: W neuron/pjrt-api/neuronpjrt.cc:1826] Use PJRT C-API 0.79 as client did not specify a PJRT C-API version
WARNING:root:Found libneuronpjrt.so. Setting PJRT_DEVICE=NEURON.
2026-07-24 01:20:59.126159: W neuron/pjrt-api/neuronpjrt.cc:1826] Use PJRT C-API 0.79 as client did not specify a PJRT C-API version
WARNING:root:Found libneuronpjrt.so. Setting PJRT_DEVICE=NEURON.
WARNING:root:Found libneuronpjrt.so. Setting PJRT_DEVICE=NEURON.
WARNING:root:Found libneuronpjrt.so. Setting PJRT_DEVICE=NEURON.
WARNING:root:Found libneuronpjrt.so. Setting PJRT_DEVICE=NEURON.
WARNING:root:Found libneuronpjrt.so. Setting PJRT_DEVICE=NEURON.
WARNING:root:Found libneuronpjrt.so. Setting PJRT_DEVICE=NEURON.
2026-07-24 01:20:59.158759: W neuron/pjrt-api/neuronpjrt.cc:1826] Use PJRT C-API 0.79 as client did not specify a PJRT C-API version
2026-07-24 01:20:59.158796: W neuron/pjrt-api/neuronpjrt.cc:1826] Use PJRT C-API 0.79 as client did not specify a PJRT C-API version
WARNING:root:Found libneuronpjrt.so. Setting PJRT_DEVICE=NEURON.
2026-07-24 01:20:59.159616: W neuron/pjrt-api/neuronpjrt.cc:1826] Use PJRT C-API 0.79 as client did not specify a PJRT C-API version
2026-07-24 01:20:59.159736: W neuron/pjrt-api/neuronpjrt.cc:1826] Use PJRT C-API 0.79 as client did not specify a PJRT C-API version
WARNING:root:Found libneuronpjrt.so. Setting PJRT_DEVICE=NEURON.
2026-07-24 01:20:59.161864: W neuron/pjrt-api/neuronpjrt.cc:1826] Use PJRT C-API 0.79 as client did not specify a PJRT C-API version
2026-07-24 01:20:59.161890: W neuron/pjrt-api/neuronpjrt.cc:1826] Use PJRT C-API 0.79 as client did not specify a PJRT C-API version
WARNING:root:Found libneuronpjrt.so. Setting PJRT_DEVICE=NEURON.
WARNING:root:Found libneuronpjrt.so. Setting PJRT_DEVICE=NEURON.
2026-07-24 01:20:59.164833: W neuron/pjrt-api/neuronpjrt.cc:1826] Use PJRT C-API 0.79 as client did not specify a PJRT C-API version
2026-07-24 01:20:59.167796: W neuron/pjrt-api/neuronpjrt.cc:1826] Use PJRT C-API 0.79 as client did not specify a PJRT C-API version
WARNING:root:Found libneuronpjrt.so. Setting PJRT_DEVICE=NEURON.
2026-07-24 01:20:59.169781: W neuron/pjrt-api/neuronpjrt.cc:1826] Use PJRT C-API 0.79 as client did not specify a PJRT C-API version
2026-07-24 01:20:59.170499: W neuron/pjrt-api/neuronpjrt.cc:1826] Use PJRT C-API 0.79 as client did not specify a PJRT C-API version
WARNING:root:Found libneuronpjrt.so. Setting PJRT_DEVICE=NEURON.
2026-07-24 01:20:59.180353: W neuron/pjrt-api/neuronpjrt.cc:1826] Use PJRT C-API 0.79 as client did not specify a PJRT C-API version
WARNING:root:Found libneuronpjrt.so. Setting PJRT_DEVICE=NEURON.
2026-07-24 01:20:59.181545: W neuron/pjrt-api/neuronpjrt.cc:1826] Use PJRT C-API 0.79 as client did not specify a PJRT C-API version
2026-07-24 01:20:59.187174: W neuron/pjrt-api/neuronpjrt.cc:1826] Use PJRT C-API 0.79 as client did not specify a PJRT C-API version
WARNING:root:Found libneuronpjrt.so. Setting PJRT_DEVICE=NEURON.
2026-07-24 01:20:59.198249: W neuron/pjrt-api/neuronpjrt.cc:1826] Use PJRT C-API 0.79 as client did not specify a PJRT C-API version
WARNING:root:Found libneuronpjrt.so. Setting PJRT_DEVICE=NEURON.
2026-07-24 01:20:59.206413: W neuron/pjrt-api/neuronpjrt.cc:1826] Use PJRT C-API 0.79 as client did not specify a PJRT C-API version
WARNING:root:Found libneuronpjrt.so. Setting PJRT_DEVICE=NEURON.
2026-07-24 01:20:59.223085: W neuron/pjrt-api/neuronpjrt.cc:1826] Use PJRT C-API 0.79 as client did not specify a PJRT C-API version
WARNING:root:Found libneuronpjrt.so. Setting PJRT_DEVICE=NEURON.
2026-07-24 01:20:59.244574: W neuron/pjrt-api/neuronpjrt.cc:1826] Use PJRT C-API 0.79 as client did not specify a PJRT C-API version
WARNING:root:Found libneuronpjrt.so. Setting PJRT_DEVICE=NEURON.
2026-07-24 01:20:59.262333: W neuron/pjrt-api/neuronpjrt.cc:1826] Use PJRT C-API 0.79 as client did not specify a PJRT C-API version
WARNING:root:Found libneuronpjrt.so. Setting PJRT_DEVICE=NEURON.
WARNING:root:Found libneuronpjrt.so. Setting PJRT_DEVICE=NEURON.
2026-07-24 01:20:59.300417: W neuron/pjrt-api/neuronpjrt.cc:1826] Use PJRT C-API 0.79 as client did not specify a PJRT C-API version
2026-07-24 01:20:59.307160: W neuron/pjrt-api/neuronpjrt.cc:1826] Use PJRT C-API 0.79 as client did not specify a PJRT C-API version
WARNING:root:Found libneuronpjrt.so. Setting PJRT_DEVICE=NEURON.
2026-07-24 01:20:59.400143: W neuron/pjrt-api/neuronpjrt.cc:1826] Use PJRT C-API 0.79 as client did not specify a PJRT C-API version
/home/ubuntu/venv/lib/python3.10/site-packages/torch/_dynamo/eval_frame.py:632: UserWarning: Set seed for `privateuseone` device does not take effect, please add API's `_is_in_bad_fork` and `manual_seed_all` to `privateuseone` device module.
  return fn(*args, **kwargs)
/home/ubuntu/venv/lib/python3.10/site-packages/torch/_dynamo/eval_frame.py:632: UserWarning: Set seed for `privateuseone` device does not take effect, please add API's `_is_in_bad_fork` and `manual_seed_all` to `privateuseone` device module.
  return fn(*args, **kwargs)
/home/ubuntu/venv/lib/python3.10/site-packages/torch/_dynamo/eval_frame.py:632: UserWarning: Set seed for `privateuseone` device does not take effect, please add API's `_is_in_bad_fork` and `manual_seed_all` to `privateuseone` device module.
  return fn(*args, **kwargs)
/home/ubuntu/venv/lib/python3.10/site-packages/torch/_dynamo/eval_frame.py:632: UserWarning: Set seed for `privateuseone` device does not take effect, please add API's `_is_in_bad_fork` and `manual_seed_all` to `privateuseone` device module.
  return fn(*args, **kwargs)
/home/ubuntu/venv/lib/python3.10/site-packages/torch/_dynamo/eval_frame.py:632: UserWarning: Set seed for `privateuseone` device does not take effect, please add API's `_is_in_bad_fork` and `manual_seed_all` to `privateuseone` device module.
  return fn(*args, **kwargs)
/home/ubuntu/venv/lib/python3.10/site-packages/torch/_dynamo/eval_frame.py:632: UserWarning: Set seed for `privateuseone` device does not take effect, please add API's `_is_in_bad_fork` and `manual_seed_all` to `privateuseone` device module.
  return fn(*args, **kwargs)
/home/ubuntu/venv/lib/python3.10/site-packages/torch/_dynamo/eval_frame.py:632: UserWarning: Set seed for `privateuseone` device does not take effect, please add API's `_is_in_bad_fork` and `manual_seed_all` to `privateuseone` device module.
  return fn(*args, **kwargs)
/home/ubuntu/venv/lib/python3.10/site-packages/torch/_dynamo/eval_frame.py:632: UserWarning: Set seed for `privateuseone` device does not take effect, please add API's `_is_in_bad_fork` and `manual_seed_all` to `privateuseone` device module.
  return fn(*args, **kwargs)
/home/ubuntu/venv/lib/python3.10/site-packages/torch/_dynamo/eval_frame.py:632: UserWarning: Set seed for `privateuseone` device does not take effect, please add API's `_is_in_bad_fork` and `manual_seed_all` to `privateuseone` device module.
  return fn(*args, **kwargs)
/home/ubuntu/venv/lib/python3.10/site-packages/torch/_dynamo/eval_frame.py:632: UserWarning: Set seed for `privateuseone` device does not take effect, please add API's `_is_in_bad_fork` and `manual_seed_all` to `privateuseone` device module.
  return fn(*args, **kwargs)
/home/ubuntu/venv/lib/python3.10/site-packages/torch/_dynamo/eval_frame.py:632: UserWarning: Set seed for `privateuseone` device does not take effect, please add API's `_is_in_bad_fork` and `manual_seed_all` to `privateuseone` device module.
  return fn(*args, **kwargs)
/home/ubuntu/venv/lib/python3.10/site-packages/torch/_dynamo/eval_frame.py:632: UserWarning: Set seed for `privateuseone` device does not take effect, please add API's `_is_in_bad_fork` and `manual_seed_all` to `privateuseone` device module.
  return fn(*args, **kwargs)
/home/ubuntu/venv/lib/python3.10/site-packages/torch/_dynamo/eval_frame.py:632: UserWarning: Set seed for `privateuseone` device does not take effect, please add API's `_is_in_bad_fork` and `manual_seed_all` to `privateuseone` device module.
  return fn(*args, **kwargs)
/home/ubuntu/venv/lib/python3.10/site-packages/torch/_dynamo/eval_frame.py:632: UserWarning: Set seed for `privateuseone` device does not take effect, please add API's `_is_in_bad_fork` and `manual_seed_all` to `privateuseone` device module.
  return fn(*args, **kwargs)
/home/ubuntu/venv/lib/python3.10/site-packages/torch/_dynamo/eval_frame.py:632: UserWarning: Set seed for `privateuseone` device does not take effect, please add API's `_is_in_bad_fork` and `manual_seed_all` to `privateuseone` device module.
  return fn(*args, **kwargs)
/home/ubuntu/venv/lib/python3.10/site-packages/torch/_dynamo/eval_frame.py:632: UserWarning: Set seed for `privateuseone` device does not take effect, please add API's `_is_in_bad_fork` and `manual_seed_all` to `privateuseone` device module.
  return fn(*args, **kwargs)
/home/ubuntu/venv/lib/python3.10/site-packages/torch/_dynamo/eval_frame.py:632: UserWarning: Set seed for `privateuseone` device does not take effect, please add API's `_is_in_bad_fork` and `manual_seed_all` to `privateuseone` device module.
  return fn(*args, **kwargs)
/home/ubuntu/venv/lib/python3.10/site-packages/torch/_dynamo/eval_frame.py:632: UserWarning: Set seed for `privateuseone` device does not take effect, please add API's `_is_in_bad_fork` and `manual_seed_all` to `privateuseone` device module.
  return fn(*args, **kwargs)
/home/ubuntu/venv/lib/python3.10/site-packages/torch/_dynamo/eval_frame.py:632: UserWarning: Set seed for `privateuseone` device does not take effect, please add API's `_is_in_bad_fork` and `manual_seed_all` to `privateuseone` device module.
  return fn(*args, **kwargs)
/home/ubuntu/venv/lib/python3.10/site-packages/torch/_dynamo/eval_frame.py:632: UserWarning: Set seed for `privateuseone` device does not take effect, please add API's `_is_in_bad_fork` and `manual_seed_all` to `privateuseone` device module.
  return fn(*args, **kwargs)
/home/ubuntu/venv/lib/python3.10/site-packages/torch/_dynamo/eval_frame.py:632: UserWarning: Set seed for `privateuseone` device does not take effect, please add API's `_is_in_bad_fork` and `manual_seed_all` to `privateuseone` device module.
  return fn(*args, **kwargs)
/home/ubuntu/venv/lib/python3.10/site-packages/torch/_dynamo/eval_frame.py:632: UserWarning: Set seed for `privateuseone` device does not take effect, please add API's `_is_in_bad_fork` and `manual_seed_all` to `privateuseone` device module.
  return fn(*args, **kwargs)
/home/ubuntu/venv/lib/python3.10/site-packages/torch/_dynamo/eval_frame.py:632: UserWarning: Set seed for `privateuseone` device does not take effect, please add API's `_is_in_bad_fork` and `manual_seed_all` to `privateuseone` device module.
  return fn(*args, **kwargs)
/home/ubuntu/venv/lib/python3.10/site-packages/torch/_dynamo/eval_frame.py:632: UserWarning: Set seed for `privateuseone` device does not take effect, please add API's `_is_in_bad_fork` and `manual_seed_all` to `privateuseone` device module.
  return fn(*args, **kwargs)
/home/ubuntu/venv/lib/python3.10/site-packages/torch/_dynamo/eval_frame.py:632: UserWarning: Set seed for `privateuseone` device does not take effect, please add API's `_is_in_bad_fork` and `manual_seed_all` to `privateuseone` device module.
  return fn(*args, **kwargs)
/home/ubuntu/venv/lib/python3.10/site-packages/torch/_dynamo/eval_frame.py:632: UserWarning: Set seed for `privateuseone` device does not take effect, please add API's `_is_in_bad_fork` and `manual_seed_all` to `privateuseone` device module.
  return fn(*args, **kwargs)
/home/ubuntu/venv/lib/python3.10/site-packages/torch/_dynamo/eval_frame.py:632: UserWarning: Set seed for `privateuseone` device does not take effect, please add API's `_is_in_bad_fork` and `manual_seed_all` to `privateuseone` device module.
  return fn(*args, **kwargs)
/home/ubuntu/venv/lib/python3.10/site-packages/torch/_dynamo/eval_frame.py:632: UserWarning: Set seed for `privateuseone` device does not take effect, please add API's `_is_in_bad_fork` and `manual_seed_all` to `privateuseone` device module.
  return fn(*args, **kwargs)
/home/ubuntu/venv/lib/python3.10/site-packages/torch/_dynamo/eval_frame.py:632: UserWarning: Set seed for `privateuseone` device does not take effect, please add API's `_is_in_bad_fork` and `manual_seed_all` to `privateuseone` device module.
  return fn(*args, **kwargs)
/home/ubuntu/venv/lib/python3.10/site-packages/torch/_dynamo/eval_frame.py:632: UserWarning: Set seed for `privateuseone` device does not take effect, please add API's `_is_in_bad_fork` and `manual_seed_all` to `privateuseone` device module.
  return fn(*args, **kwargs)
/home/ubuntu/venv/lib/python3.10/site-packages/torch/_dynamo/eval_frame.py:632: UserWarning: Set seed for `privateuseone` device does not take effect, please add API's `_is_in_bad_fork` and `manual_seed_all` to `privateuseone` device module.
  return fn(*args, **kwargs)
/home/ubuntu/venv/lib/python3.10/site-packages/torch/_dynamo/eval_frame.py:632: UserWarning: Set seed for `privateuseone` device does not take effect, please add API's `_is_in_bad_fork` and `manual_seed_all` to `privateuseone` device module.
  return fn(*args, **kwargs)
.Completed run_backend_driver.

Compiler status PASS
2026-07-24 01:21:38.000032:  714533  [INFO]: Compilation Successfully Completed for model.MODULE_18109401156046995119+e30acd3a.hlo_module.pb
2026-07-24 01:21:38.000372:  714531  [INFO]: Using a cached neff at /var/tmp/neuron-compile-cache/neuronxcc-2.20.9961.0+0acef03a/MODULE_18109401156046995119+e30acd3a/model.neff
2026-07-24 01:21:38.000373:  714536  [INFO]: Using a cached neff at /var/tmp/neuron-compile-cache/neuronxcc-2.20.9961.0+0acef03a/MODULE_18109401156046995119+e30acd3a/model.neff
2026-07-24 01:21:38.000377:  714549  [INFO]: Using a cached neff at /var/tmp/neuron-compile-cache/neuronxcc-2.20.9961.0+0acef03a/MODULE_18109401156046995119+e30acd3a/model.neff
2026-07-24 01:21:38.000378:  714553  [INFO]: Using a cached neff at /var/tmp/neuron-compile-cache/neuronxcc-2.20.9961.0+0acef03a/MODULE_18109401156046995119+e30acd3a/model.neff
2026-07-24 01:21:38.000380:  714545  [INFO]: Using a cached neff at /var/tmp/neuron-compile-cache/neuronxcc-2.20.9961.0+0acef03a/MODULE_18109401156046995119+e30acd3a/model.neff
2026-07-24 01:21:38.000388:  714542  [INFO]: Using a cached neff at /var/tmp/neuron-compile-cache/neuronxcc-2.20.9961.0+0acef03a/MODULE_18109401156046995119+e30acd3a/model.neff
2026-07-24 01:21:38.000388:  714550  [INFO]: Using a cached neff at /var/tmp/neuron-compile-cache/neuronxcc-2.20.9961.0+0acef03a/MODULE_18109401156046995119+e30acd3a/model.neff
2026-07-24 01:21:38.000389:  714525  [INFO]: Using a cached neff at /var/tmp/neuron-compile-cache/neuronxcc-2.20.9961.0+0acef03a/MODULE_18109401156046995119+e30acd3a/model.neff
2026-07-24 01:21:38.000390:  714528  [INFO]: Using a cached neff at /var/tmp/neuron-compile-cache/neuronxcc-2.20.9961.0+0acef03a/MODULE_18109401156046995119+e30acd3a/model.neff
2026-07-24 01:21:38.000394:  714526  [INFO]: Using a cached neff at /var/tmp/neuron-compile-cache/neuronxcc-2.20.9961.0+0acef03a/MODULE_18109401156046995119+e30acd3a/model.neff
2026-07-24 01:21:38.000394:  714532  [INFO]: Using a cached neff at /var/tmp/neuron-compile-cache/neuronxcc-2.20.9961.0+0acef03a/MODULE_18109401156046995119+e30acd3a/model.neff
2026-07-24 01:21:38.000395:  714530  [INFO]: Using a cached neff at /var/tmp/neuron-compile-cache/neuronxcc-2.20.9961.0+0acef03a/MODULE_18109401156046995119+e30acd3a/model.neff
2026-07-24 01:21:38.000395:  714548  [INFO]: Using a cached neff at /var/tmp/neuron-compile-cache/neuronxcc-2.20.9961.0+0acef03a/MODULE_18109401156046995119+e30acd3a/model.neff
2026-07-24 01:21:38.000396:  714523  [INFO]: Using a cached neff at /var/tmp/neuron-compile-cache/neuronxcc-2.20.9961.0+0acef03a/MODULE_18109401156046995119+e30acd3a/model.neff
2026-07-24 01:21:38.000397:  714541  [INFO]: Using a cached neff at /var/tmp/neuron-compile-cache/neuronxcc-2.20.9961.0+0acef03a/MODULE_18109401156046995119+e30acd3a/model.neff
2026-07-24 01:21:38.000398:  714546  [INFO]: Using a cached neff at /var/tmp/neuron-compile-cache/neuronxcc-2.20.9961.0+0acef03a/MODULE_18109401156046995119+e30acd3a/model.neff
2026-07-24 01:21:38.000401:  714543  [INFO]: Using a cached neff at /var/tmp/neuron-compile-cache/neuronxcc-2.20.9961.0+0acef03a/MODULE_18109401156046995119+e30acd3a/model.neff
2026-07-24 01:21:38.000403:  714529  [INFO]: Using a cached neff at /var/tmp/neuron-compile-cache/neuronxcc-2.20.9961.0+0acef03a/MODULE_18109401156046995119+e30acd3a/model.neff
2026-07-24 01:21:38.000403:  714524  [INFO]: Using a cached neff at /var/tmp/neuron-compile-cache/neuronxcc-2.20.9961.0+0acef03a/MODULE_18109401156046995119+e30acd3a/model.neff
2026-07-24 01:21:38.000404:  714539  [INFO]: Using a cached neff at /var/tmp/neuron-compile-cache/neuronxcc-2.20.9961.0+0acef03a/MODULE_18109401156046995119+e30acd3a/model.neff
2026-07-24 01:21:38.000407:  714534  [INFO]: Using a cached neff at /var/tmp/neuron-compile-cache/neuronxcc-2.20.9961.0+0acef03a/MODULE_18109401156046995119+e30acd3a/model.neff
2026-07-24 01:21:38.000408:  714552  [INFO]: Using a cached neff at /var/tmp/neuron-compile-cache/neuronxcc-2.20.9961.0+0acef03a/MODULE_18109401156046995119+e30acd3a/model.neff
2026-07-24 01:21:38.000409:  714554  [INFO]: Using a cached neff at /var/tmp/neuron-compile-cache/neuronxcc-2.20.9961.0+0acef03a/MODULE_18109401156046995119+e30acd3a/model.neff
2026-07-24 01:21:38.000409:  714538  [INFO]: Using a cached neff at /var/tmp/neuron-compile-cache/neuronxcc-2.20.9961.0+0acef03a/MODULE_18109401156046995119+e30acd3a/model.neff
2026-07-24 01:21:38.000410:  714547  [INFO]: Using a cached neff at /var/tmp/neuron-compile-cache/neuronxcc-2.20.9961.0+0acef03a/MODULE_18109401156046995119+e30acd3a/model.neff
2026-07-24 01:21:38.000413:  714537  [INFO]: Using a cached neff at /var/tmp/neuron-compile-cache/neuronxcc-2.20.9961.0+0acef03a/MODULE_18109401156046995119+e30acd3a/model.neff
2026-07-24 01:21:38.000418:  714535  [INFO]: Using a cached neff at /var/tmp/neuron-compile-cache/neuronxcc-2.20.9961.0+0acef03a/MODULE_18109401156046995119+e30acd3a/model.neff
2026-07-24 01:21:43.000399:  714551  [INFO]: Using a cached neff at /var/tmp/neuron-compile-cache/neuronxcc-2.20.9961.0+0acef03a/MODULE_18109401156046995119+e30acd3a/model.neff
2026-07-24 01:21:43.000407:  714544  [INFO]: Using a cached neff at /var/tmp/neuron-compile-cache/neuronxcc-2.20.9961.0+0acef03a/MODULE_18109401156046995119+e30acd3a/model.neff
2026-07-24 01:21:43.000414:  714540  [INFO]: Using a cached neff at /var/tmp/neuron-compile-cache/neuronxcc-2.20.9961.0+0acef03a/MODULE_18109401156046995119+e30acd3a/model.neff
2026-07-24 01:21:43.000420:  714527  [INFO]: Using a cached neff at /var/tmp/neuron-compile-cache/neuronxcc-2.20.9961.0+0acef03a/MODULE_18109401156046995119+e30acd3a/model.neff
REAL_PROBLEM xor_grid_bcast
REAL_VARIANT kiss_pick
REAL_MS_PER_ITER 14.6414
REAL_LOSS_INITIAL 7.088504
REAL_LOSS_FINAL 5.925282
REAL_LOSS_DESCENT 1.163222
