=== [2026-07-24T09:42:52+00:00] mod_sq_bcast baseline port=54004 ===
=== [2026-07-24T09:43:43+00:00] mod_sq_bcast kiss_pick port=54008 ===
=== [2026-07-24T09:44:58+00:00] mod_sq_bcast strat_pick port=54012 ===
=== [2026-07-24T09:45:45+00:00] hamming_dist_bcast baseline port=54016 ===
=== [2026-07-24T09:46:34+00:00] hamming_dist_bcast kiss_pick port=54020 ===
=== [2026-07-24T09:47:23+00:00] hamming_dist_bcast strat_pick port=54024 ===
=== [2026-07-24T09:48:15+00:00] cond_xor_bcast baseline port=54028 ===
=== [2026-07-24T09:49:07+00:00] cond_xor_bcast kiss_pick port=54032 ===
=== [2026-07-24T09:49:56+00:00] cond_xor_bcast strat_pick port=54036 ===
=== [2026-07-24T09:50:46+00:00] sign_alt_bcast baseline port=54040 ===
=== [2026-07-24T09:51:50+00:00] sign_alt_bcast kiss_pick port=54044 ===
=== [2026-07-24T09:53:23+00:00] sign_alt_bcast strat_pick port=54048 ===
=== [2026-07-24T09:54:30+00:00] perm_shuffle_bcast baseline port=54052 ===
=== [2026-07-24T09:55:29+00:00] perm_shuffle_bcast kiss_pick port=54056 ===
=== [2026-07-24T09:56:46+00:00] perm_shuffle_bcast strat_pick port=54060 ===
=== [2026-07-24T09:57:53+00:00] triangle_num_bcast baseline port=54064 ===
=== [2026-07-24T09:58:43+00:00] triangle_num_bcast kiss_pick port=54068 ===
=== [2026-07-24T09:59:05+00:00] triangle_num_bcast strat_pick port=54072 ===
RT_V11 DONE 2026-07-24T09:59:54+00:00
Completed 379.9 KiB/404.1 KiB (677.1 KiB/s) with 3 file(s) remainingCompleted 380.5 KiB/404.1 KiB (653.7 KiB/s) with 3 file(s) remainingupload: rt_v11/summary.csv to s3://overlayccl-kaiyao-artifacts/2026-07-24-cb-v4/rt_v11/summary.csv
Completed 380.5 KiB/404.1 KiB (653.7 KiB/s) with 2 file(s) remainingCompleted 383.3 KiB/404.1 KiB (639.0 KiB/s) with 2 file(s) remainingupload: rt_v11/triangle_num_bcast_kiss_pick_m.log to s3://overlayccl-kaiyao-artifacts/2026-07-24-cb-v4/rt_v11/triangle_num_bcast_kiss_pick_m.log
Completed 383.3 KiB/404.1 KiB (639.0 KiB/s) with 1 file(s) remainingCompleted 404.1 KiB/404.1 KiB (667.2 KiB/s) with 1 file(s) remainingupload: rt_v11/triangle_num_bcast_baseline_m.log to s3://overlayccl-kaiyao-artifacts/2026-07-24-cb-v4/rt_v11/triangle_num_bcast_baseline_m.log
