==== 2026-07-24T08:43:42+00:00 v10-target hamming_dist_bcast ====
  "wall_seconds": 60.150962829589844,
  "baseline_sim_time_us": 5160.0,
  "best_sim_time_us": 29.0,
  "best_name": "kiss_1",
  "n_score_calls": 1,
  "target_score": null,
  "hit_target": false
}==== 2026-07-24T08:46:16+00:00 v10-target cond_xor_bcast ====
  "wall_seconds": 177.90327215194702,
  "baseline_sim_time_us": 5160.0,
  "best_sim_time_us": 29.0,
  "best_name": "kiss_5",
  "n_score_calls": 6,
  "target_score": null,
  "hit_target": false
}==== 2026-07-24T08:50:48+00:00 v10-target sum_popcount_bcast ====
  "wall_seconds": 129.17188549041748,
  "baseline_sim_time_us": 5160.0,
  "best_sim_time_us": 29.0,
  "best_name": "kiss_2",
  "n_score_calls": 2,
  "target_score": null,
  "hit_target": false
}==== 2026-07-24T08:54:43+00:00 v10-target sign_alt_bcast ====
  "wall_seconds": 91.60359120368958,
  "baseline_sim_time_us": 5160.0,
  "best_sim_time_us": 6.0,
  "best_name": "kiss_2",
  "n_score_calls": 2,
  "target_score": null,
  "hit_target": false
}==== 2026-07-24T08:57:51+00:00 v10-target perm_shuffle_bcast ====
  "wall_seconds": 165.45132994651794,
  "baseline_sim_time_us": 5160.0,
  "best_sim_time_us": 2.0,
  "best_name": "kiss_3",
  "n_score_calls": 5,
  "target_score": null,
  "hit_target": false
}==== 2026-07-24T09:02:10+00:00 v10-target nested_mod_bcast ====
  "wall_seconds": 139.87961626052856,
  "baseline_sim_time_us": 5160.0,
  "best_sim_time_us": 29.0,
  "best_name": "kiss_3",
  "n_score_calls": 3,
  "target_score": null,
  "hit_target": false
}V10_TARGETS DONE 2026-07-24T09:06:07+00:00
Completed 3.4 KiB/3.4 KiB (10.6 KiB/s) with 1 file(s) remainingupload: ./v10_targets_snap.tar.gz to s3://overlayccl-kaiyao-artifacts/2026-07-24-cb-v4/v10_targets_snap.tar.gz
