==== 2026-07-24T08:20:20+00:00 v10-noregress xor_grid_bcast ====
  "wall_seconds": 391.14071393013,
  "baseline_sim_time_us": 5160.0,
  "best_sim_time_us": 28.0,
  "best_name": "kiss_7",
  "n_score_calls": 8,
  "target_score": null,
  "hit_target": false
}==== 2026-07-24T08:28:35+00:00 v10-noregress gray_code_bcast ====
  "wall_seconds": 161.62566232681274,
  "baseline_sim_time_us": 5160.0,
  "best_sim_time_us": 29.0,
  "best_name": "kiss_4",
  "n_score_calls": 4,
  "target_score": null,
  "hit_target": false
}==== 2026-07-24T08:32:53+00:00 v10-noregress piecewise_bcast ====
  "wall_seconds": 135.85391521453857,
  "baseline_sim_time_us": 5160.0,
  "best_sim_time_us": 29.0,
  "best_name": "kiss_2",
  "n_score_calls": 2,
  "target_score": null,
  "hit_target": false
}==== 2026-07-24T08:36:41+00:00 v10-noregress triangle_num_bcast ====
  "wall_seconds": 74.45406007766724,
  "baseline_sim_time_us": 5160.0,
  "best_sim_time_us": 3.0,
  "best_name": "kiss_1",
  "n_score_calls": 2,
  "target_score": null,
  "hit_target": false
}==== 2026-07-24T08:39:30+00:00 v10-noregress popcount_bcast ====
  "wall_seconds": 115.64329528808594,
  "baseline_sim_time_us": 5160.0,
  "best_sim_time_us": 29.0,
  "best_name": "kiss_3",
  "n_score_calls": 3,
  "target_score": null,
  "hit_target": false
}V10_NOREGRESS DONE 2026-07-24T08:43:12+00:00
Completed 3.6 KiB/3.6 KiB (11.8 KiB/s) with 1 file(s) remainingupload: ./v10_noregress_snap.tar.gz to s3://overlayccl-kaiyao-artifacts/2026-07-24-cb-v4/v10_noregress_snap.tar.gz
