==== 2026-07-24T09:08:43+00:00 v11-check nested_mod_bcast ====
  "wall_seconds": 162.7459111213684,
  "baseline_sim_time_us": 5160.0,
  "best_sim_time_us": 29.0,
  "best_name": "kiss_5",
  "n_score_calls": 5,
  "target_score": null,
  "hit_target": false
}==== 2026-07-24T09:13:23+00:00 v11-check triangle_num_bcast ====
  "wall_seconds": 51.920488357543945,
  "baseline_sim_time_us": 5160.0,
  "best_sim_time_us": 3.0,
  "best_name": "kiss_1",
  "n_score_calls": 1,
  "target_score": null,
  "hit_target": false
}==== 2026-07-24T09:15:45+00:00 v11-check mod_sq_bcast ====
  "wall_seconds": 361.2535960674286,
  "baseline_sim_time_us": 5160.0,
  "best_sim_time_us": 2.0,
  "best_name": "kiss_8",
  "n_score_calls": 9,
  "target_score": null,
  "hit_target": false
}==== 2026-07-24T09:23:25+00:00 v11-check perm_shuffle_bcast ====
  "wall_seconds": 170.58153676986694,
  "baseline_sim_time_us": 5160.0,
  "best_sim_time_us": 2.0,
  "best_name": "kiss_4",
  "n_score_calls": 4,
  "target_score": null,
  "hit_target": false
}==== 2026-07-24T09:28:01+00:00 v11-check sign_alt_bcast ====
  "wall_seconds": 91.89945197105408,
  "baseline_sim_time_us": 5160.0,
  "best_sim_time_us": 6.0,
  "best_name": "kiss_2",
  "n_score_calls": 2,
  "target_score": null,
  "hit_target": false
}==== 2026-07-24T09:31:05+00:00 v11-check cond_xor_bcast ====
  "wall_seconds": 128.80874109268188,
  "baseline_sim_time_us": 5160.0,
  "best_sim_time_us": 29.0,
  "best_name": "kiss_3",
  "n_score_calls": 3,
  "target_score": null,
  "hit_target": false
}==== 2026-07-24T09:34:50+00:00 v11-check hamming_dist_bcast ====
  "wall_seconds": 212.84785556793213,
  "baseline_sim_time_us": 5160.0,
  "best_sim_time_us": 29.0,
  "best_name": "kiss_5",
  "n_score_calls": 5,
  "target_score": null,
  "hit_target": false
}V11_CHECK DONE 2026-07-24T09:40:14+00:00
Completed 4.6 KiB/4.6 KiB (14.9 KiB/s) with 1 file(s) remainingupload: ./v11_check_snap.tar.gz to s3://overlayccl-kaiyao-artifacts/2026-07-24-cb-v4/v11_check_snap.tar.gz
