[strat] xor_grid_bcast = sim=5160.0 (171s)
[strat] gray_code_bcast = sim=5160.0 (182s)
[strat] sum_across_ranks_comm = sim=5160.0 (172s)
[strat] max_across_ranks_comm = sim=5160.0 (184s)
[strat] concat_all_ranks_comm = sim=5160.0 (212s)
[strat] dot_across_ranks_comm = sim=5160.7 (177s)
[strat] shift_neighbor_comm = sim=5160.0 (165s)
[strat] reduce_scatter_sum_comm = sim=5160.0 (164s)
[strat] mean_max_normalize_comm = sim=5181.3 (199s)
[strat] rank_prefix_sum_comm = sim=5162.0 (224s)
[strat] center_by_mean_comm = sim=5161.4 (169s)
[strat] top_k_scalars_comm = sim=5161.0 (192s)
[strat] alltoallv =  (400s)
[strat] uniform_a2a = sim=6107.9 (227s)
[strat] ring_kv = sim=5264.0 (189s)
[strat] grad_ar = sim=7287.4 (226s)
[strat] dxe = sim=5207.0 (213s)
[strat] pp_send_recv = sim=6013.8 (199s)
[strat] tp_mlp = sim=18680.0 (204s)
[strat] fsdp_prefetch = sim=18680.0 (179s)
[strat] llama_block_ar = sim=5984.5 (164s)
