==== 2026-07-24T05:35:14+00:00 strat-rerun mod_sq_bcast ====
  Winner: evo:baseline_ar_bcast_0
  Score: 0.020, SimTime: 2.0 us, Local ops: 2
==== 2026-07-24T05:38:51+00:00 strat-rerun popcount_bcast ====
  Winner: evo:baseline_ar_bcast_0
  Score: 0.290, SimTime: 29.0 us, Local ops: 1
==== 2026-07-24T05:42:26+00:00 strat-rerun triangle_num_bcast ====
  Winner: evo:baseline_ar_bcast_0
  Score: 0.030, SimTime: 3.0 us, Local ops: 3
==== 2026-07-24T05:45:48+00:00 strat-rerun sign_alt_bcast ====
  Winner: evo:baseline_ar_bcast_0
  Score: 0.060, SimTime: 6.0 us, Local ops: 6
==== 2026-07-24T05:49:39+00:00 strat-rerun bimodal_dist_bcast ====
  Winner: evo:baseline_ar_bcast_0
  Score: 0.010, SimTime: 1.0 us, Local ops: 1
==== 2026-07-24T05:52:29+00:00 strat-rerun gray_code_bcast ====
  Winner: evo:baseline_ar_bcast_1
  Score: 0.850, SimTime: 85.0 us, Local ops: 57
==== 2026-07-24T05:55:52+00:00 strat-rerun compound_ij_bcast ====
  Winner: evo:baseline_ar_bcast_0
  Score: 0.060, SimTime: 6.0 us, Local ops: 6
==== 2026-07-24T05:59:39+00:00 strat-rerun perm_shuffle_bcast ====
  Winner: evo:baseline_ar_bcast_0
  Score: 0.020, SimTime: 2.0 us, Local ops: 2
==== 2026-07-24T06:05:49+00:00 strat-rerun piecewise_bcast ====
  Winner: evo:baseline_ar_bcast_2
  Score: 0.330, SimTime: 33.0 us, Local ops: 5
==== 2026-07-24T06:10:08+00:00 strat-rerun quad_disk_bcast ====
  Winner: evo:baseline_ar_bcast_1
  Score: 0.030, SimTime: 3.0 us, Local ops: 3
STRAT_RERUN DONE 2026-07-24T06:14:21+00:00
Completed 7.6 KiB/7.6 KiB (23.2 KiB/s) with 1 file(s) remainingupload: ./strat_rerun_snap.tar.gz to s3://overlayccl-kaiyao-artifacts/2026-07-24-cb-v4/strat_rerun_snap.tar.gz
