[10bT] backend=sorcar ws=224 TP=32 DP=7 layers=48 per-core=305.4M cluster=9.70B
[10bT] sites: emb(F1)=1.05M norms(F4a)=194x4096 qkv0(F7)=1.6M F4b tensors=192 F5 flat=303.0M (+pad 5242880)
[10bT] step   0 loss=6.0630 chk=0.00e+00 gmax=4.517e-02 mon=0.00e+00 ms=9891.4
[10bT] step   1 loss=16.9576 chk=0.00e+00 gmax=1.406e-01 mon=0.00e+00 ms=5157.8
[10bT] step   2 loss=11.9159 chk=0.00e+00 gmax=9.424e-02 mon=0.00e+00 ms=3750.5
[10bT] step   3 loss=13.4000 chk=0.00e+00 gmax=1.030e-01 mon=0.00e+00 ms=3732.6
[10bT] step   4 loss=13.8041 chk=0.00e+00 gmax=8.984e-02 mon=0.00e+00 ms=3737.5
[10bT] step   5 loss=11.4420 chk=0.00e+00 gmax=6.299e-02 mon=0.00e+00 ms=3751.8
[10bT] step   6 loss=10.1292 chk=0.00e+00 gmax=5.884e-02 mon=0.00e+00 ms=3743.8
[10bT] step   7 loss=8.3850 chk=0.00e+00 gmax=5.713e-02 mon=0.00e+00 ms=3754.9
[10bT] step   8 loss=6.4634 chk=0.00e+00 gmax=4.663e-02 mon=0.00e+00 ms=3709.9
[10bT] step   9 loss=6.7634 chk=0.00e+00 gmax=8.203e-02 mon=0.00e+00 ms=3798.1
[10bT] step  10 loss=5.7041 chk=0.00e+00 gmax=6.641e-02 mon=0.00e+00 ms=3779.4
[10bT] step  11 loss=4.9816 chk=0.00e+00 gmax=4.102e-02 mon=0.00e+00 ms=3697.4
[10bT] step  12 loss=4.7054 chk=0.00e+00 gmax=3.906e-02 mon=0.00e+00 ms=3710.4
[10bT] step  13 loss=4.9536 chk=0.00e+00 gmax=6.738e-02 mon=0.00e+00 ms=3737.8
[10bT] step  14 loss=4.5615 chk=0.00e+00 gmax=4.492e-02 mon=0.00e+00 ms=3728.0
[10bT] step  15 loss=4.1109 chk=0.00e+00 gmax=3.613e-02 mon=0.00e+00 ms=3728.0
[10bT] step  16 loss=3.8731 chk=0.00e+00 gmax=2.930e-02 mon=0.00e+00 ms=3753.6
[10bT] step  17 loss=3.7134 chk=0.00e+00 gmax=2.234e-02 mon=0.00e+00 ms=3651.4
[10bT] step  18 loss=3.8848 chk=0.00e+00 gmax=3.979e-02 mon=0.00e+00 ms=3693.4
[10bT] step  19 loss=3.7568 chk=0.00e+00 gmax=3.418e-02 mon=0.00e+00 ms=3721.7
[10bT] step  20 loss=3.6536 chk=0.00e+00 gmax=2.869e-02 mon=0.00e+00 ms=3757.0
[10bT] step  21 loss=3.5758 chk=0.00e+00 gmax=2.698e-02 mon=0.00e+00 ms=3683.7
[10bT] step  22 loss=3.5896 chk=0.00e+00 gmax=3.638e-02 mon=0.00e+00 ms=3735.8
[10bT] step  23 loss=3.4148 chk=0.00e+00 gmax=3.247e-02 mon=0.00e+00 ms=3716.2
[10bT] step  24 loss=3.2594 chk=0.00e+00 gmax=2.124e-02 mon=0.00e+00 ms=3736.1
[10bT] step  25 loss=3.3261 chk=0.00e+00 gmax=2.026e-02 mon=0.00e+00 ms=3699.0
[10bT] step  26 loss=3.3274 chk=0.00e+00 gmax=2.283e-02 mon=0.00e+00 ms=3722.5
[10bT] step  27 loss=3.4004 chk=0.00e+00 gmax=2.405e-02 mon=0.00e+00 ms=3764.6
[10bT] step  28 loss=3.3994 chk=0.00e+00 gmax=2.673e-02 mon=0.00e+00 ms=3725.8
[10bT] step  29 loss=3.3625 chk=0.00e+00 gmax=2.148e-02 mon=0.00e+00 ms=3771.5
RESULT_JSON {"arch": "gpt10b_tp", "backend": "sorcar", "ws": 224, "tp": 32, "dp": 7, "layers": 48, "cluster_params_b": 9.699598336, "median_ms_per_step": 3732.6102256774902, "mean_ms_per_step": 3731.1795199358903, "first_loss": 6.063021183013916, "final_loss": 3.3624773025512695, "losses": [6.063021183013916, 16.957557678222656, 11.915900230407715, 13.400026321411133, 13.804139137268066, 11.441960334777832, 10.129233360290527, 8.385008811950684, 6.463387489318848, 6.763448238372803, 5.7041425704956055, 4.981611728668213, 4.70539665222168, 4.953614711761475, 4.561517715454102, 4.110886573791504, 3.873094081878662, 3.71335506439209, 3.884763717651367, 3.7568483352661133, 3.6535911560058594, 3.5758185386657715, 3.589611530303955, 3.414813756942749, 3.2593772411346436, 3.3261213302612305, 3.327357292175293, 3.40042781829834, 3.399381160736084, 3.3624773025512695]}
