[10bT] backend=sorcar ws=224 TP=32 DP=7 layers=48 per-core=306.1M cluster=9.75B
[10bT] sites: emb(F1)=1.05M norms(F4a)=97x4096 qkv0(F7)=1.6M F4b tensors=240 F5 flat=304.6M (+pad 3670016)
[10bT] step   0 loss=6.3215 chk=0.00e+00 gmax=4.565e-02 mon=0.00e+00 ms=65646.5
[10bT] step   1 loss=6.3422 chk=0.00e+00 gmax=8.301e-02 mon=0.00e+00 ms=6421.6
[10bT] step   2 loss=7.4283 chk=0.00e+00 gmax=3.320e-02 mon=0.00e+00 ms=5987.6
[10bT] step   3 loss=5.7298 chk=0.00e+00 gmax=3.564e-02 mon=0.00e+00 ms=5606.9
[10bT] step   4 loss=5.9559 chk=0.00e+00 gmax=3.564e-02 mon=0.00e+00 ms=5572.7
[10bT] step   5 loss=5.3782 chk=0.00e+00 gmax=2.454e-02 mon=0.00e+00 ms=5637.1
[10bT] step   6 loss=4.7101 chk=0.00e+00 gmax=1.819e-02 mon=0.00e+00 ms=5594.2
[10bT] step   7 loss=4.7388 chk=0.00e+00 gmax=1.965e-02 mon=0.00e+00 ms=5546.0
[10bT] step   8 loss=4.5908 chk=0.00e+00 gmax=1.978e-02 mon=0.00e+00 ms=5544.3
[10bT] step   9 loss=4.4290 chk=0.00e+00 gmax=2.075e-02 mon=0.00e+00 ms=5616.3
[10bT] step  10 loss=4.0180 chk=0.00e+00 gmax=2.148e-02 mon=0.00e+00 ms=5596.5
[10bT] step  11 loss=3.7437 chk=0.00e+00 gmax=1.416e-02 mon=0.00e+00 ms=5560.9
[10bT] step  12 loss=3.6599 chk=0.00e+00 gmax=1.843e-02 mon=0.00e+00 ms=5630.2
[10bT] step  13 loss=3.4220 chk=0.00e+00 gmax=1.343e-02 mon=0.00e+00 ms=5551.2
[10bT] step  14 loss=3.3388 chk=0.00e+00 gmax=1.575e-02 mon=0.00e+00 ms=5564.5
[10bT] step  15 loss=3.1952 chk=0.00e+00 gmax=1.190e-02 mon=0.00e+00 ms=5711.3
[10bT] step  16 loss=3.0686 chk=0.00e+00 gmax=1.331e-02 mon=0.00e+00 ms=5513.0
[10bT] step  17 loss=3.1011 chk=0.00e+00 gmax=1.349e-02 mon=0.00e+00 ms=5482.6
[10bT] step  18 loss=2.9123 chk=0.00e+00 gmax=1.062e-02 mon=0.00e+00 ms=5567.9
[10bT] step  19 loss=3.0410 chk=0.00e+00 gmax=1.495e-02 mon=0.00e+00 ms=5515.6
[10bT] step  20 loss=2.9925 chk=0.00e+00 gmax=1.349e-02 mon=0.00e+00 ms=5491.4
[10bT] step  21 loss=2.8603 chk=0.00e+00 gmax=1.343e-02 mon=0.00e+00 ms=5509.1
[10bT] step  22 loss=2.7785 chk=0.00e+00 gmax=1.477e-02 mon=0.00e+00 ms=5422.4
[10bT] step  23 loss=2.7772 chk=0.00e+00 gmax=1.068e-02 mon=0.00e+00 ms=5470.2
[10bT] step  24 loss=2.7589 chk=0.00e+00 gmax=1.208e-02 mon=0.00e+00 ms=5473.2
RESULT_JSON {"arch": "llama10b_tp", "backend": "sorcar", "ws": 224, "tp": 32, "dp": 7, "layers": 48, "cluster_params_b": 9.749008384, "median_ms_per_step": 5560.938835144043, "mean_ms_per_step": 5553.529999472878, "first_loss": 6.321529865264893, "final_loss": 2.7588951587677, "losses": [6.321529865264893, 6.3422112464904785, 7.428313255310059, 5.729847431182861, 5.9558539390563965, 5.378233909606934, 4.710066318511963, 4.738797187805176, 4.590790748596191, 4.429022789001465, 4.0180487632751465, 3.743662118911743, 3.6599388122558594, 3.421957492828369, 3.3388078212738037, 3.195152521133423, 3.068617820739746, 3.1010565757751465, 2.9122703075408936, 3.0409932136535645, 2.9925425052642822, 2.8603017330169678, 2.778467893600464, 2.7771565914154053, 2.7588951587677]}
