[10bT] backend=baseline ws=224 TP=32 DP=7 layers=48 per-core=305.4M cluster=9.70B
[10bT] sites: emb(F1)=1.05M norms(F4a)=194x4096 qkv0(F7)=1.6M F4b tensors=192 F5 flat=303.0M (+pad 5242880)
[10bT] step   0 loss=6.0632 chk=0.00e+00 gmax=4.492e-02 mon=-7.49e-02 ms=271012.4
[10bT] step   1 loss=16.9670 chk=0.00e+00 gmax=1.406e-01 mon=-1.41e-01 ms=61803.0
[10bT] step   2 loss=11.9082 chk=0.00e+00 gmax=9.424e-02 mon=-1.21e-01 ms=6021.5
[10bT] step   3 loss=13.3855 chk=0.00e+00 gmax=1.035e-01 mon=-2.12e-01 ms=5935.0
[10bT] step   4 loss=13.7616 chk=0.00e+00 gmax=9.131e-02 mon=-2.02e-01 ms=5999.5
[10bT] step   5 loss=11.4029 chk=0.00e+00 gmax=6.104e-02 mon=-1.52e-01 ms=6010.1
[10bT] step   6 loss=10.1023 chk=0.00e+00 gmax=5.835e-02 mon=1.51e-01 ms=6022.5
[10bT] step   7 loss=8.3114 chk=0.00e+00 gmax=5.493e-02 mon=-2.62e-04 ms=5999.3
[10bT] step   8 loss=6.4235 chk=0.00e+00 gmax=5.005e-02 mon=1.09e-01 ms=6007.6
[10bT] step   9 loss=6.8153 chk=0.00e+00 gmax=8.350e-02 mon=-8.87e-03 ms=6006.7
[10bT] step  10 loss=5.6301 chk=0.00e+00 gmax=6.396e-02 mon=1.92e-03 ms=5963.3
[10bT] step  11 loss=4.9878 chk=0.00e+00 gmax=4.077e-02 mon=-8.87e-02 ms=6033.7
[10bT] step  12 loss=4.7831 chk=0.00e+00 gmax=4.175e-02 mon=-1.99e-02 ms=6021.3
[10bT] step  13 loss=5.0170 chk=0.00e+00 gmax=6.641e-02 mon=-2.04e-01 ms=6011.1
[10bT] step  14 loss=4.5816 chk=0.00e+00 gmax=3.809e-02 mon=1.87e-01 ms=5996.4
[10bT] step  15 loss=4.1714 chk=0.00e+00 gmax=3.931e-02 mon=-5.99e-02 ms=6034.0
[10bT] step  16 loss=3.8990 chk=0.00e+00 gmax=2.869e-02 mon=5.83e-03 ms=5968.2
[10bT] step  17 loss=3.6952 chk=0.00e+00 gmax=2.417e-02 mon=4.70e-02 ms=5998.3
[10bT] step  18 loss=3.8794 chk=0.00e+00 gmax=4.102e-02 mon=-1.09e-02 ms=5951.2
[10bT] step  19 loss=3.7645 chk=0.00e+00 gmax=3.687e-02 mon=-2.23e-01 ms=6005.6
[10bT] step  20 loss=3.6471 chk=0.00e+00 gmax=2.783e-02 mon=2.28e-02 ms=5986.1
[10bT] step  21 loss=3.5788 chk=0.00e+00 gmax=2.832e-02 mon=5.06e-02 ms=5972.3
[10bT] step  22 loss=3.5965 chk=0.00e+00 gmax=3.540e-02 mon=4.68e-02 ms=5984.0
[10bT] step  23 loss=3.4533 chk=0.00e+00 gmax=3.638e-02 mon=-6.66e-02 ms=6008.6
[10bT] step  24 loss=3.2946 chk=0.00e+00 gmax=2.356e-02 mon=7.61e-02 ms=5996.4
[10bT] step  25 loss=3.3209 chk=0.00e+00 gmax=1.941e-02 mon=3.30e-03 ms=6008.4
[10bT] step  26 loss=3.3060 chk=0.00e+00 gmax=2.161e-02 mon=6.43e-03 ms=5963.3
[10bT] step  27 loss=3.3855 chk=0.00e+00 gmax=2.563e-02 mon=-4.54e-02 ms=6018.3
[10bT] step  28 loss=3.4027 chk=0.00e+00 gmax=2.893e-02 mon=-1.55e-02 ms=5981.1
[10bT] step  29 loss=3.3733 chk=0.00e+00 gmax=2.380e-02 mon=-5.15e-03 ms=5977.0
RESULT_JSON {"arch": "gpt10b_tp", "backend": "baseline", "ws": 224, "tp": 32, "dp": 7, "layers": 48, "cluster_params_b": 9.699598336, "median_ms_per_step": 5999.337911605835, "mean_ms_per_step": 5994.795384230437, "first_loss": 6.063229084014893, "final_loss": 3.3733222484588623, "losses": [6.063229084014893, 16.967023849487305, 11.908162117004395, 13.385527610778809, 13.761611938476562, 11.402853965759277, 10.102283477783203, 8.31137466430664, 6.4234538078308105, 6.815339088439941, 5.630126476287842, 4.9878058433532715, 4.783050537109375, 5.0170488357543945, 4.581596374511719, 4.171420574188232, 3.898989677429199, 3.695235013961792, 3.8793606758117676, 3.764500617980957, 3.6471428871154785, 3.5788421630859375, 3.596503496170044, 3.45328426361084, 3.2946057319641113, 3.3209385871887207, 3.306018590927124, 3.3855390548706055, 3.4026918411254883, 3.3733222484588623]}
