[10bT] backend=sorcar ws=224 TP=32 DP=7 layers=48 per-core=306.1M cluster=9.75B
[10bT] sites: emb(F1)=1.05M norms(F4a)=97x4096 qkv0(F7)=1.6M F4b tensors=240 F5 flat=304.6M (+pad 3670016)
[10bT] step   0 loss=6.3111 chk=0.00e+00 gmax=4.932e-02 mon=0.00e+00 ms=68381.7
[10bT] step   1 loss=7.3918 chk=0.00e+00 gmax=1.128e-01 mon=0.00e+00 ms=6657.4
[10bT] step   2 loss=6.9992 chk=0.00e+00 gmax=3.564e-02 mon=0.00e+00 ms=5721.9
[10bT] step   3 loss=5.2111 chk=0.00e+00 gmax=3.369e-02 mon=0.00e+00 ms=5555.4
[10bT] step   4 loss=6.6601 chk=0.00e+00 gmax=4.712e-02 mon=0.00e+00 ms=5626.0
[10bT] step   5 loss=5.8676 chk=0.00e+00 gmax=2.661e-02 mon=0.00e+00 ms=5605.2
[10bT] step   6 loss=5.0454 chk=0.00e+00 gmax=1.917e-02 mon=0.00e+00 ms=5484.7
[10bT] step   7 loss=4.8181 chk=0.00e+00 gmax=2.246e-02 mon=0.00e+00 ms=5604.8
[10bT] step   8 loss=4.3113 chk=0.00e+00 gmax=1.538e-02 mon=0.00e+00 ms=5585.4
[10bT] step   9 loss=3.8824 chk=0.00e+00 gmax=1.495e-02 mon=0.00e+00 ms=5540.4
[10bT] step  10 loss=4.0300 chk=0.00e+00 gmax=2.185e-02 mon=0.00e+00 ms=5566.9
[10bT] step  11 loss=3.6374 chk=0.00e+00 gmax=1.221e-02 mon=0.00e+00 ms=5676.9
[10bT] step  12 loss=3.7078 chk=0.00e+00 gmax=1.544e-02 mon=0.00e+00 ms=5476.8
[10bT] step  13 loss=3.6164 chk=0.00e+00 gmax=1.709e-02 mon=0.00e+00 ms=5508.2
[10bT] step  14 loss=3.4266 chk=0.00e+00 gmax=1.251e-02 mon=0.00e+00 ms=5619.8
[10bT] step  15 loss=3.2260 chk=0.00e+00 gmax=1.129e-02 mon=0.00e+00 ms=5526.3
[10bT] step  16 loss=3.2114 chk=0.00e+00 gmax=2.100e-02 mon=0.00e+00 ms=5479.0
[10bT] step  17 loss=3.1210 chk=0.00e+00 gmax=1.575e-02 mon=0.00e+00 ms=5388.0
[10bT] step  18 loss=3.0128 chk=0.00e+00 gmax=1.648e-02 mon=0.00e+00 ms=5592.6
[10bT] step  19 loss=3.0654 chk=0.00e+00 gmax=1.556e-02 mon=0.00e+00 ms=5599.7
[10bT] step  20 loss=3.0513 chk=0.00e+00 gmax=1.288e-02 mon=0.00e+00 ms=5476.4
[10bT] step  21 loss=2.8679 chk=0.00e+00 gmax=1.099e-02 mon=0.00e+00 ms=5538.3
[10bT] step  22 loss=2.8207 chk=0.00e+00 gmax=1.440e-02 mon=0.00e+00 ms=5454.7
[10bT] step  23 loss=2.7762 chk=0.00e+00 gmax=8.301e-03 mon=0.00e+00 ms=5528.9
[10bT] step  24 loss=2.7437 chk=0.00e+00 gmax=8.118e-03 mon=0.00e+00 ms=5585.6
RESULT_JSON {"arch": "llama10b_tp", "backend": "sorcar", "ws": 224, "tp": 32, "dp": 7, "layers": 48, "cluster_params_b": 9.749008384, "median_ms_per_step": 5555.441379547119, "mean_ms_per_step": 5546.374288472262, "first_loss": 6.311147689819336, "final_loss": 2.743717908859253, "losses": [6.311147689819336, 7.3918137550354, 6.999189853668213, 5.211066722869873, 6.660138130187988, 5.86760950088501, 5.045431137084961, 4.818079471588135, 4.311335563659668, 3.8823680877685547, 4.029959678649902, 3.6373820304870605, 3.707751750946045, 3.616436719894409, 3.4265520572662354, 3.226034641265869, 3.211437940597534, 3.120967149734497, 3.012753963470459, 3.0653891563415527, 3.051297187805176, 2.8679349422454834, 2.8206584453582764, 2.7761781215667725, 2.743717908859253]}
