[10bT] backend=sorcar ws=224 TP=32 DP=7 layers=48 per-core=305.4M cluster=9.70B
[10bT] sites: emb(F1)=1.05M norms(F4a)=194x4096 qkv0(F7)=1.6M F4b tensors=192 F5 flat=303.0M (+pad 5242880)
[10bT] step   0 loss=6.0518 chk=0.00e+00 gmax=4.199e-02 mon=0.00e+00 ms=25340.4
[10bT] step   1 loss=15.9488 chk=0.00e+00 gmax=1.328e-01 mon=0.00e+00 ms=16862.8
[10bT] step   2 loss=13.0192 chk=0.00e+00 gmax=1.128e-01 mon=0.00e+00 ms=7626.9
[10bT] step   3 loss=14.2594 chk=0.00e+00 gmax=8.545e-02 mon=0.00e+00 ms=7608.2
[10bT] step   4 loss=14.0204 chk=0.00e+00 gmax=7.275e-02 mon=0.00e+00 ms=7681.5
[10bT] step   5 loss=12.2765 chk=0.00e+00 gmax=9.375e-02 mon=0.00e+00 ms=7643.5
[10bT] step   6 loss=11.1040 chk=0.00e+00 gmax=6.250e-02 mon=0.00e+00 ms=7576.8
[10bT] step   7 loss=9.0716 chk=0.00e+00 gmax=5.493e-02 mon=0.00e+00 ms=7647.9
[10bT] step   8 loss=6.9033 chk=0.00e+00 gmax=3.491e-02 mon=0.00e+00 ms=7620.5
[10bT] step   9 loss=8.6920 chk=0.00e+00 gmax=9.326e-02 mon=0.00e+00 ms=7586.3
[10bT] step  10 loss=6.0595 chk=0.00e+00 gmax=6.104e-02 mon=0.00e+00 ms=7784.4
[10bT] step  11 loss=5.7477 chk=0.00e+00 gmax=6.592e-02 mon=0.00e+00 ms=7625.5
[10bT] step  12 loss=5.5959 chk=0.00e+00 gmax=4.810e-02 mon=0.00e+00 ms=7578.2
[10bT] step  13 loss=5.7597 chk=0.00e+00 gmax=4.053e-02 mon=0.00e+00 ms=7606.6
[10bT] step  14 loss=5.4828 chk=0.00e+00 gmax=4.297e-02 mon=0.00e+00 ms=7586.1
[10bT] step  15 loss=5.1725 chk=0.00e+00 gmax=4.712e-02 mon=0.00e+00 ms=7597.2
[10bT] step  16 loss=4.5307 chk=0.00e+00 gmax=3.638e-02 mon=0.00e+00 ms=7680.9
[10bT] step  17 loss=3.8360 chk=0.00e+00 gmax=2.637e-02 mon=0.00e+00 ms=7524.1
[10bT] step  18 loss=3.4238 chk=0.00e+00 gmax=2.148e-02 mon=0.00e+00 ms=7565.0
[10bT] step  19 loss=3.8455 chk=0.00e+00 gmax=5.054e-02 mon=0.00e+00 ms=7518.5
RESULT_JSON {"arch": "gpt10b_tp", "backend": "sorcar", "ws": 224, "tp": 32, "dp": 7, "layers": 48, "cluster_params_b": 9.699598336, "median_ms_per_step": 7606.562614440918, "mean_ms_per_step": 7613.589511198156, "first_loss": 6.051793098449707, "final_loss": 3.845494508743286, "losses": [6.051793098449707, 15.948844909667969, 13.019189834594727, 14.259395599365234, 14.020356178283691, 12.276535987854004, 11.103994369506836, 9.071569442749023, 6.903263568878174, 8.692012786865234, 6.059525489807129, 5.747663497924805, 5.595881938934326, 5.759688377380371, 5.482768535614014, 5.172541618347168, 4.530653953552246, 3.8360238075256348, 3.4237706661224365, 3.845494508743286]}
