[strat] xor_grid_bcast = sim=5160.0 (181s)
[strat] gray_code_bcast = sim=5160.0 (185s)
[strat] piecewise_bcast = sim=669.0 (181s)
[strat] triangle_num_bcast = sim=29.0 (170s)
[strat] popcount_bcast = sim=5160.0 (163s)
[strat] hamming_dist_bcast = sim=5160.0 (167s)
[strat] cond_xor_bcast = sim=5160.0 (178s)
[strat] sum_popcount_bcast = sim=102.4 (165s)
[strat] sign_alt_bcast = sim=5160.0 (165s)
[strat] perm_shuffle_bcast = sim=5160.0 (157s)
[strat] mod_sq_bcast = sim=5160.0 (150s)
[strat] nested_mod_bcast = sim=5160.0 (160s)
[strat] alltoallv = sim=5386.0 (269s)
[strat] uniform_a2a = sim=6107.9 (296s)
[strat] ring_kv = sim=5264.0 (199s)
[strat] grad_ar = sim=7287.4 (213s)
[strat] dxe = sim=5207.0 (203s)
[strat] pp_send_recv = sim=6013.8 (192s)
[strat] tp_mlp = sim=18680.0 (203s)
[strat] fsdp_prefetch = sim=18680.0 (184s)
[strat] llama_block_ar = sim=5984.5 (178s)
