=== PROBLEM: chained_ar_nested_edge_chal ===
  baseline cold=44.2060 warm=8.9800
  sorcar cold=43.4355 warm=8.1530
=== PROBLEM: sequential_ar_chain_edge_chal ===
  baseline cold=8.4482 warm=8.3849
  sorcar cold=42.5757 warm=7.8857
=== PROBLEM: triple_ar_linear_edge_chal ===
  baseline cold=43.5808 warm=8.8462
  sorcar cold=43.4926 warm=8.0864
=== PROBLEM: ar_scalar_chain_edge_chal ===
  baseline cold=43.8451 warm=8.7966
  sorcar cold=8.3192 warm=8.3738
=== PROBLEM: seq_dep_chain5_edge_chal ===
  baseline cold=94.8141 warm=9.8463
  sorcar cold=43.7875 warm=8.2640
=== PROBLEM: seq_dep_chain4_scaled_edge_chal ===
  baseline cold=10.1247 warm=9.6904
  sorcar cold=43.3757 warm=8.1664
=== PROBLEM: six_ar_seq_edge_chal ===
  baseline cold=44.5520 warm=10.5500
  sorcar cold=8.1129 warm=8.3213
=== PROBLEM: five_ar_mixed_sign_edge_chal ===
  baseline cold=10.0258 warm=10.3686
  sorcar cold=42.9070 warm=8.1787
=== PROBLEM: three_ar_frac_dep_edge_chal ===
  baseline cold=8.9933 warm=9.2136
  sorcar cold=8.1449 warm=7.9695
=== PROBLEM: four_ar_mixed_coef_edge_chal ===
  baseline cold=9.3678 warm=9.4644
  sorcar cold=8.2881 warm=8.2574
=== PROBLEM: seven_ar_seq_edge_chal ===
  baseline cold=95.6754 warm=10.7546
  sorcar cold=93.2364 warm=8.1980
=== PROBLEM: five_ar_arith_prog_edge_chal ===
  baseline cold=44.9350 warm=9.8380
  sorcar cold=43.3987 warm=8.2928
=== PROBLEM: eight_ar_half_ints_edge_chal ===
  baseline cold=45.6968 warm=11.3116
  sorcar cold=92.8903 warm=8.3653
=== PROBLEM: four_ar_N224_edge_chal ===
  baseline cold=44.2365 warm=10.0035
  sorcar cold=92.7912 warm=8.1548
=== PROBLEM: six_ar_altsign_edge_chal ===
  baseline cold=44.4697 warm=10.5587
  sorcar cold=143.2058 warm=8.1893
=== PROBLEM: four_ar_pow2_edge_chal ===
  baseline cold=44.3227 warm=9.4598
  sorcar cold=93.0370 warm=8.2426
=== PROBLEM: four_ar_evens_edge_chal ===
  baseline cold=93.6656 warm=9.2160
  sorcar cold=93.3072 warm=8.2604
=== PROBLEM: six_ar_arith_edge_chal ===
  baseline cold=10.6712 warm=10.2780
  sorcar cold=8.2604 warm=8.0499
DONE
