=== PROBLEM: four_ar_same_input_chal ===
  baseline cold=43.9004 warm=9.3832
  sorcar cold=8.0142 warm=8.0583
=== PROBLEM: five_ar_scaled_same_input_chal ===
  baseline cold=44.7368 warm=9.9242
  sorcar cold=8.0404 warm=8.1072
=== PROBLEM: seven_ar_same_input_chal ===
  baseline cold=44.8324 warm=10.9821
  sorcar cold=8.3237 warm=8.0627
=== PROBLEM: nine_ar_same_input_chal ===
  baseline cold=95.9468 warm=11.7822
  sorcar cold=8.2862 warm=7.8864
=== PROBLEM: three_inline_ars_chal ===
  baseline cold=43.6057 warm=8.8771
  sorcar cold=8.0586 warm=8.2039
=== PROBLEM: three_scaled_x_ars_chal ===
  baseline cold=43.2303 warm=8.9782
  sorcar cold=8.1871 warm=8.2326
=== PROBLEM: ar_via_two_paths_chal ===
  baseline cold=43.8092 warm=8.4661
  sorcar cold=8.3589 warm=8.1544
=== PROBLEM: alternating_indep_ars_chal ===
  baseline cold=94.9581 warm=10.1013
  sorcar cold=93.4908 warm=8.5357
=== PROBLEM: five_ar_indep_sumatend_chal ===
  baseline cold=93.9416 warm=9.8314
  sorcar cold=42.6301 warm=8.3001
=== PROBLEM: six_ar_indep_pool_chal ===
  baseline cold=94.7920 warm=10.3618
  sorcar cold=8.2501 warm=8.1863
=== PROBLEM: four_ar_indep_large_N_chal ===
  baseline cold=10.0241 warm=9.5361
  sorcar cold=43.9161 warm=8.1253
=== PROBLEM: ag_slice_use_chal ===
  baseline cold=23.9920 warm=15.7196
  sorcar cold=2.1534 warm=1.7831
=== PROBLEM: ar_scaled_by_worldsize_chal ===
  baseline cold=143.3163 warm=8.4759
  sorcar cold=93.2232 warm=8.1323
=== PROBLEM: max_reduce_redundant_chal ===
  baseline cold=43.1880 warm=8.5193
  sorcar cold=42.3305 warm=7.8681
=== PROBLEM: idempotent_reduce_max_chal ===
  baseline cold=93.5064 warm=8.9242
  sorcar cold=8.1083 warm=7.9357
=== PROBLEM: max_min_with_dead_chal ===
  baseline cold=9.7770 warm=9.2528
  sorcar cold=42.8999 warm=8.5186
=== PROBLEM: mixed_reduce_dead_sum_chal ===
  baseline cold=44.2955 warm=8.9895
  sorcar cold=92.3392 warm=8.5255
=== PROBLEM: ar_dead_gather_verify_chal ===
  baseline cold=18.7393 warm=16.8057
  sorcar cold=42.1744 warm=8.0378
=== PROBLEM: min_neg_max_dead_verify_chal ===
  baseline cold=43.7255 warm=8.6052
  sorcar cold=8.3459 warm=7.9514
=== PROBLEM: three_ars_two_zero_chal ===
  baseline cold=43.9876 warm=9.1820
  sorcar cold=8.1483 warm=8.0314
=== PROBLEM: pow_ar_double_verify_chal ===
  baseline cold=42.6801 warm=8.4873
  sorcar cold=7.9394 warm=8.1394
=== PROBLEM: four_ar_sum_zero_chal ===
  baseline cold=43.7916 warm=9.2847
  sorcar cold=1.6741 warm=2.1275
=== PROBLEM: ten_ar_alt_sign_zero_chal ===
  baseline cold=96.1736 warm=11.9434
  sorcar cold=2.0312 warm=1.8526
=== PROBLEM: per_row_ar_M8_chal ===
  baseline cold=45.4636 warm=11.2996
  sorcar cold=8.0028 warm=8.0608
=== PROBLEM: per_row_ar_M32_chal ===
  baseline cold=51.9836 warm=21.1743
  sorcar cold=92.2002 warm=8.2161
=== PROBLEM: per_row_ar_M48_chal ===
  baseline cold=56.7021 warm=27.9926
  sorcar cold=93.0365 warm=8.0531
=== PROBLEM: per_row_ar_M64_chal ===
  baseline cold=109.5391 warm=34.8763
  sorcar cold=8.0001 warm=8.1373
=== PROBLEM: per_row_ar_M96_chal ===
  baseline cold=69.0003 warm=47.5531
  sorcar cold=43.3187 warm=8.1867
=== PROBLEM: per_row_ar_M128_chal ===
  baseline cold=144.3922 warm=61.4566
  sorcar cold=8.0018 warm=8.0660
=== PROBLEM: per_row_ar_M256_chal ===
  baseline cold=187.3168 warm=117.7638
  sorcar cold=93.2404 warm=8.1088
=== PROBLEM: per_row_ar_M512_chal ===
  baseline cold=322.5011 warm=196.8781
  sorcar cold=43.3829 warm=8.2337
=== PROBLEM: per_row_ar_M1024_chal ===
  baseline cold=661.4242 warm=367.9363
  sorcar cold=93.0232 warm=7.9511
=== PROBLEM: per_row_max_ar_chal ===
  baseline cold=14.5708 warm=14.6031
  sorcar cold=8.0374 warm=8.1739
=== PROBLEM: per_row_max_ar_M32_chal ===
  baseline cold=51.3590 warm=21.2973
  sorcar cold=8.2240 warm=7.9981
=== PROBLEM: per_row_min_ar_chal ===
  baseline cold=48.0865 warm=14.6728
  sorcar cold=8.0717 warm=8.0101
=== PROBLEM: per_row_min_ar_M32_chal ===
  baseline cold=51.3854 warm=20.9241
  sorcar cold=93.3006 warm=8.1100
=== PROBLEM: per_column_ar_chal ===
  baseline cold=44.7445 warm=11.1635
  sorcar cold=42.8691 warm=8.0391
=== PROBLEM: per_column_ar_C16_chal ===
  baseline cold=48.1460 warm=14.5972
  sorcar cold=43.7258 warm=7.9209
=== PROBLEM: per_column_ar_C32_chal ===
  baseline cold=52.2251 warm=21.2990
  sorcar cold=42.9969 warm=7.9566
=== PROBLEM: per_column_ar_C64_chal ===
  baseline cold=102.6085 warm=30.7236
  sorcar cold=43.6930 warm=7.9700
=== PROBLEM: per_column_max_ar_chal ===
  baseline cold=46.3362 warm=14.7204
  sorcar cold=93.0970 warm=7.9337
=== PROBLEM: per_batch_ar_3d_chal ===
  baseline cold=45.6000 warm=11.2299
  sorcar cold=7.9952 warm=8.2419
=== PROBLEM: ar_before_local_reduce_M128_chal ===
  baseline cold=43.8974 warm=8.5571
  sorcar cold=92.8813 warm=8.0820
=== PROBLEM: ar_then_scalar_reduce_largeN_chal ===
  baseline cold=43.3607 warm=8.1395
  sorcar cold=42.0770 warm=7.7311
=== PROBLEM: ar_4chunk_pattern_chal ===
  baseline cold=43.5392 warm=9.3530
  sorcar cold=7.9869 warm=8.0951
=== PROBLEM: conditional_ars_chal ===
  baseline cold=43.3359 warm=8.9237
  sorcar cold=92.8612 warm=7.9421
=== PROBLEM: reduce_scatter_from_ar_chal ===
  baseline cold=12.3513 warm=10.5082
  sorcar cold=8.5893 warm=8.7903
=== PROBLEM: cp_double_swap_chal ===
  baseline cold=21.5828 warm=2.4802
  sorcar cold=1.6488 warm=2.1204
=== PROBLEM: four_scaled_plus_bcast_ar_chal ===
  baseline cold=10.0967 warm=9.8793
  sorcar cold=93.2404 warm=8.1612
=== PROBLEM: three_group_dead_verify_chal ===
  baseline cold=145.0493 warm=10.1528
  sorcar cold=93.4941 warm=9.0769
=== PROBLEM: compare_two_ars_chal ===
  baseline cold=44.1390 warm=8.4516
  sorcar cold=8.2404 warm=8.2652
DONE
