=== [2026-07-24T04:23:14+00:00] mod_sq_bcast baseline port=51004 ===
=== [2026-07-24T04:24:29+00:00] mod_sq_bcast kiss_pick port=51008 ===
=== [2026-07-24T04:25:43+00:00] mod_sq_bcast strat_pick port=51012 ===
=== [2026-07-24T04:29:24+00:00] popcount_bcast baseline port=51016 ===
=== [2026-07-24T04:30:40+00:00] popcount_bcast kiss_pick port=51020 ===
=== [2026-07-24T04:32:12+00:00] popcount_bcast strat_pick port=51024 ===
=== [2026-07-24T04:35:53+00:00] triangle_num_bcast baseline port=51028 ===
=== [2026-07-24T04:37:09+00:00] triangle_num_bcast kiss_pick port=51032 ===
=== [2026-07-24T04:38:28+00:00] triangle_num_bcast strat_pick port=51036 ===
=== [2026-07-24T04:42:10+00:00] sign_alt_bcast baseline port=51040 ===
=== [2026-07-24T04:43:01+00:00] sign_alt_bcast kiss_pick port=51044 ===
=== [2026-07-24T04:44:18+00:00] sign_alt_bcast strat_pick port=51048 ===
=== [2026-07-24T04:47:59+00:00] bimodal_dist_bcast baseline port=51052 ===
=== [2026-07-24T04:49:01+00:00] bimodal_dist_bcast kiss_pick port=51056 ===
=== [2026-07-24T04:49:23+00:00] bimodal_dist_bcast strat_pick port=51060 ===
=== [2026-07-24T04:53:04+00:00] gray_code_bcast baseline port=51064 ===
=== [2026-07-24T04:53:56+00:00] gray_code_bcast kiss_pick port=51068 ===
=== [2026-07-24T04:54:47+00:00] gray_code_bcast strat_pick port=51072 ===
=== [2026-07-24T04:58:28+00:00] compound_ij_bcast baseline port=51076 ===
=== [2026-07-24T04:59:19+00:00] compound_ij_bcast kiss_pick port=51080 ===
=== [2026-07-24T05:00:32+00:00] compound_ij_bcast strat_pick port=51084 ===
=== [2026-07-24T05:04:13+00:00] perm_shuffle_bcast baseline port=51088 ===
=== [2026-07-24T05:05:14+00:00] perm_shuffle_bcast kiss_pick port=51092 ===
=== [2026-07-24T05:06:36+00:00] perm_shuffle_bcast strat_pick port=51096 ===
=== [2026-07-24T05:10:18+00:00] piecewise_bcast baseline port=51100 ===
=== [2026-07-24T05:11:08+00:00] piecewise_bcast kiss_pick port=51104 ===
=== [2026-07-24T05:12:34+00:00] piecewise_bcast strat_pick port=51108 ===
=== [2026-07-24T05:13:23+00:00] hamming_dist_bcast baseline port=51112 ===
=== [2026-07-24T05:14:42+00:00] hamming_dist_bcast kiss_pick port=51116 ===
=== [2026-07-24T05:15:54+00:00] hamming_dist_bcast strat_pick port=51120 ===
=== [2026-07-24T05:17:32+00:00] quad_disk_bcast baseline port=51124 ===
=== [2026-07-24T05:18:25+00:00] quad_disk_bcast kiss_pick port=51128 ===
=== [2026-07-24T05:20:00+00:00] quad_disk_bcast strat_pick port=51132 ===
=== [2026-07-24T05:21:02+00:00] nested_mod_bcast baseline port=51136 ===
=== [2026-07-24T05:22:04+00:00] nested_mod_bcast kiss_pick port=51140 ===
=== [2026-07-24T05:23:36+00:00] nested_mod_bcast strat_pick port=51144 ===
=== [2026-07-24T05:24:50+00:00] sum_popcount_bcast baseline port=51148 ===
=== [2026-07-24T05:25:40+00:00] sum_popcount_bcast kiss_pick port=51152 ===
=== [2026-07-24T05:26:54+00:00] sum_popcount_bcast strat_pick port=51156 ===
=== [2026-07-24T05:28:14+00:00] cond_xor_bcast baseline port=51160 ===
=== [2026-07-24T05:29:06+00:00] cond_xor_bcast kiss_pick port=51164 ===
=== [2026-07-24T05:30:23+00:00] cond_xor_bcast strat_pick port=51168 ===
RT_ALL_NOVEL DONE 2026-07-24T05:31:36+00:00
Completed 830.5 KiB/896.0 KiB (895.0 KiB/s) with 3 file(s) remainingCompleted 854.3 KiB/896.0 KiB (902.3 KiB/s) with 3 file(s) remainingupload: rt_all_novel/mod_sq_bcast_strat_pick_m.log to s3://overlayccl-kaiyao-artifacts/2026-07-24-cb-v4/rt_all_novel/mod_sq_bcast_strat_pick_m.log
Completed 854.3 KiB/896.0 KiB (902.3 KiB/s) with 2 file(s) remainingCompleted 875.2 KiB/896.0 KiB (893.5 KiB/s) with 2 file(s) remainingupload: rt_all_novel/nested_mod_bcast_baseline_m.log to s3://overlayccl-kaiyao-artifacts/2026-07-24-cb-v4/rt_all_novel/nested_mod_bcast_baseline_m.log
Completed 875.2 KiB/896.0 KiB (893.5 KiB/s) with 1 file(s) remainingCompleted 896.0 KiB/896.0 KiB (909.9 KiB/s) with 1 file(s) remainingupload: rt_all_novel/mod_sq_bcast_kiss_pick_m.log to s3://overlayccl-kaiyao-artifacts/2026-07-24-cb-v4/rt_all_novel/mod_sq_bcast_kiss_pick_m.log
