[10b] backend=sorcar ws=224 rep=153.7M local/rank=41.4M cluster=9.44B cap=7 mc=14336
[10b] sites: emb(F1)=33.0M norms(F4a)=30720 qkv0(F7)=12.6M oproj(F5)=16.8M rest(F4b)=91.3M in 16 tensors
[10b] step   0 loss=9.9674 chk=0.00e+00 gmax=5.066e-03 ms=604063.2
[10b] step   1 loss=12.3288 chk=0.00e+00 gmax=1.367e-02 ms=673368.7
[10b] step   2 loss=11.6902 chk=0.00e+00 gmax=1.453e-02 ms=5931.8
[10b] step   3 loss=11.2456 chk=0.00e+00 gmax=1.422e-02 ms=5929.9
[10b] step   4 loss=9.0432 chk=0.00e+00 gmax=1.587e-02 ms=5921.1
[10b] step   5 loss=7.8735 chk=0.00e+00 gmax=2.417e-02 ms=5924.9
[10b] step   6 loss=6.5363 chk=0.00e+00 gmax=1.990e-02 ms=5925.2
[10b] step   7 loss=5.6798 chk=0.00e+00 gmax=1.929e-02 ms=5926.8
[10b] step   8 loss=4.8792 chk=0.00e+00 gmax=1.324e-02 ms=5924.7
[10b] step   9 loss=4.2700 chk=0.00e+00 gmax=9.644e-03 ms=5933.6
[10b] step  10 loss=3.9642 chk=0.00e+00 gmax=7.324e-03 ms=5955.6
[10b] step  11 loss=4.0581 chk=0.00e+00 gmax=7.690e-03 ms=5929.0
[10b] step  12 loss=3.8352 chk=0.00e+00 gmax=6.439e-03 ms=5942.4
[10b] step  13 loss=3.8061 chk=0.00e+00 gmax=5.219e-03 ms=5929.1
[10b] step  14 loss=4.0404 chk=0.00e+00 gmax=5.341e-03 ms=5934.7
[10b] step  15 loss=4.0385 chk=0.00e+00 gmax=7.874e-03 ms=5928.6
[10b] step  16 loss=4.0701 chk=0.00e+00 gmax=6.104e-03 ms=5930.0
[10b] step  17 loss=4.0778 chk=0.00e+00 gmax=5.585e-03 ms=5937.7
[10b] step  18 loss=3.9606 chk=0.00e+00 gmax=4.883e-03 ms=5928.9
[10b] step  19 loss=4.0258 chk=0.00e+00 gmax=5.737e-03 ms=5945.5
[10b] step  20 loss=3.9805 chk=0.00e+00 gmax=4.944e-03 ms=5927.3
[10b] step  21 loss=4.0329 chk=0.00e+00 gmax=3.387e-03 ms=5943.6
[10b] step  22 loss=3.9959 chk=0.00e+00 gmax=4.486e-03 ms=5946.9
[10b] step  23 loss=4.0422 chk=0.00e+00 gmax=5.035e-03 ms=5930.4
[10b] step  24 loss=3.9813 chk=0.00e+00 gmax=6.439e-03 ms=5929.2
[10b] step  25 loss=4.0398 chk=0.00e+00 gmax=4.333e-03 ms=5939.6
[10b] step  26 loss=4.0577 chk=0.00e+00 gmax=3.845e-03 ms=5928.3
[10b] step  27 loss=4.0417 chk=0.00e+00 gmax=3.769e-03 ms=5925.2
[10b] step  28 loss=4.0515 chk=0.00e+00 gmax=3.601e-03 ms=5927.0
[10b] step  29 loss=4.0292 chk=0.00e+00 gmax=4.364e-03 ms=5935.9
[10b] step  30 loss=4.2043 chk=0.00e+00 gmax=3.448e-03 ms=5931.5
[10b] step  31 loss=4.1645 chk=0.00e+00 gmax=3.250e-03 ms=5940.5
[10b] step  32 loss=4.2459 chk=0.00e+00 gmax=5.310e-03 ms=5946.2
[10b] step  33 loss=4.0853 chk=0.00e+00 gmax=3.799e-03 ms=5926.9
[10b] step  34 loss=4.0511 chk=0.00e+00 gmax=5.859e-03 ms=5948.0
[10b] step  35 loss=4.1070 chk=0.00e+00 gmax=7.355e-03 ms=5926.1
[10b] step  36 loss=4.0091 chk=0.00e+00 gmax=4.333e-03 ms=5929.9
[10b] step  37 loss=3.9460 chk=0.00e+00 gmax=5.676e-03 ms=5924.4
[10b] step  38 loss=3.9533 chk=0.00e+00 gmax=5.188e-03 ms=5927.2
[10b] step  39 loss=3.8652 chk=0.00e+00 gmax=2.838e-03 ms=5932.4
[10b] step  40 loss=3.9194 chk=0.00e+00 gmax=3.906e-03 ms=5950.1
[10b] step  41 loss=4.0258 chk=0.00e+00 gmax=5.859e-03 ms=5935.5
[10b] step  42 loss=4.0641 chk=0.00e+00 gmax=4.486e-03 ms=5942.3
[10b] step  43 loss=4.0739 chk=0.00e+00 gmax=4.242e-03 ms=5935.1
[10b] step  44 loss=4.0297 chk=0.00e+00 gmax=5.707e-03 ms=5928.2
[10b] step  45 loss=4.1487 chk=0.00e+00 gmax=5.463e-03 ms=5929.5
[10b] step  46 loss=4.1506 chk=0.00e+00 gmax=4.425e-03 ms=5927.0
[10b] step  47 loss=4.0312 chk=0.00e+00 gmax=4.364e-03 ms=5925.7
[10b] step  48 loss=3.9935 chk=0.00e+00 gmax=4.150e-03 ms=5925.2
[10b] step  49 loss=4.0022 chk=0.00e+00 gmax=3.601e-03 ms=5924.7
[10b] step  50 loss=4.0179 chk=0.00e+00 gmax=2.808e-03 ms=5919.4
[10b] step  51 loss=3.9534 chk=0.00e+00 gmax=3.342e-03 ms=5929.1
[10b] step  52 loss=4.0203 chk=0.00e+00 gmax=3.006e-03 ms=5922.7
[10b] step  53 loss=4.1657 chk=0.00e+00 gmax=5.981e-03 ms=5926.0
[10b] step  54 loss=4.1939 chk=0.00e+00 gmax=3.571e-03 ms=5930.7
[10b] step  55 loss=4.0944 chk=0.00e+00 gmax=3.433e-03 ms=5929.8
[10b] step  56 loss=4.2558 chk=0.00e+00 gmax=3.967e-03 ms=5919.5
[10b] step  57 loss=4.2692 chk=0.00e+00 gmax=5.585e-03 ms=5925.2
[10b] step  58 loss=4.2542 chk=0.00e+00 gmax=2.518e-03 ms=5924.9
[10b] step  59 loss=4.3081 chk=0.00e+00 gmax=2.869e-03 ms=5935.6
RESULT_JSON {"arch": "olmoe10b", "backend": "sorcar", "ws": 224, "cluster_params_b": 9.435183104, "median_ms_per_step": 5929.134845733643, "mean_ms_per_step": 5931.618848017284, "first_loss": 9.967370986938477, "final_loss": 4.308078765869141, "losses": [9.967370986938477, 12.328795433044434, 11.690159797668457, 11.24562931060791, 9.043246269226074, 7.873539924621582, 6.536349296569824, 5.679839134216309, 4.8792009353637695, 4.270020961761475, 3.9642205238342285, 4.0581135749816895, 3.8351893424987793, 3.8061108589172363, 4.040405750274658, 4.038524627685547, 4.07013463973999, 4.077765941619873, 3.96061635017395, 4.025770664215088, 3.9804880619049072, 4.032930850982666, 3.995854139328003, 4.0421648025512695, 3.9812839031219482, 4.039792537689209, 4.057723522186279, 4.041675567626953, 4.051459312438965, 4.0291852951049805, 4.204326152801514, 4.164527416229248, 4.245875835418701, 4.085328578948975, 4.051083087921143, 4.106998443603516, 4.009060382843018, 3.9460079669952393, 3.953256130218506, 3.8651745319366455, 3.919372081756592, 4.025848388671875, 4.064082622528076, 4.073888301849365, 4.029659271240234, 4.1487274169921875, 4.150604724884033, 4.031161785125732, 3.993457317352295, 4.002246379852295, 4.017889022827148, 3.953409433364868, 4.020272731781006, 4.165746688842773, 4.193946361541748, 4.0943803787231445, 4.2558159828186035, 4.269247055053711, 4.254247188568115, 4.308078765869141]}
