[10b] backend=baseline ws=224 rep=153.7M local/rank=41.4M cluster=9.44B cap=4 mc=8192
[10b] sites: emb(F1)=33.0M norms(F4a)=30720 qkv0(F7)=12.6M oproj(F5)=16.8M rest(F4b)=91.3M in 16 tensors
[10b] step   0 loss=9.9689 chk=0.00e+00 gmax=4.456e-03 mon=2.49e-02 ms=186884.4
[10b] step   1 loss=12.1900 chk=0.00e+00 gmax=1.337e-02 mon=2.74e-01 ms=45125.1
[10b] step   2 loss=11.7325 chk=0.00e+00 gmax=1.611e-02 mon=-2.71e-02 ms=8366.0
[10b] step   3 loss=11.3202 chk=0.00e+00 gmax=1.782e-02 mon=-4.57e-02 ms=8358.8
[10b] step   4 loss=9.5476 chk=0.00e+00 gmax=1.990e-02 mon=-7.16e-02 ms=8367.7
[10b] step   5 loss=7.4310 chk=0.00e+00 gmax=2.771e-02 mon=3.49e-02 ms=8326.1
[10b] step   6 loss=6.4326 chk=0.00e+00 gmax=2.417e-02 mon=3.75e-02 ms=8354.9
[10b] step   7 loss=5.5556 chk=0.00e+00 gmax=1.953e-02 mon=-2.72e-02 ms=8335.6
[10b] step   8 loss=4.8031 chk=0.00e+00 gmax=1.599e-02 mon=-2.58e-02 ms=8355.0
[10b] step   9 loss=4.3633 chk=0.00e+00 gmax=9.521e-03 mon=-2.18e-02 ms=8403.3
[10b] step  10 loss=4.1058 chk=0.00e+00 gmax=7.935e-03 mon=1.85e-02 ms=8351.6
[10b] step  11 loss=4.0020 chk=0.00e+00 gmax=6.073e-03 mon=1.47e-02 ms=8348.3
[10b] step  12 loss=3.8484 chk=0.00e+00 gmax=3.845e-03 mon=2.25e-03 ms=8352.9
[10b] step  13 loss=4.0666 chk=0.00e+00 gmax=6.042e-03 mon=-5.65e-03 ms=8379.8
[10b] step  14 loss=4.0378 chk=0.00e+00 gmax=5.188e-03 mon=-5.22e-03 ms=8354.0
[10b] step  15 loss=4.0406 chk=0.00e+00 gmax=5.768e-03 mon=-4.11e-03 ms=8347.3
[10b] step  16 loss=3.9898 chk=0.00e+00 gmax=3.601e-03 mon=8.65e-03 ms=8367.9
[10b] step  17 loss=4.0285 chk=0.00e+00 gmax=5.219e-03 mon=3.70e-03 ms=8361.0
[10b] step  18 loss=3.9935 chk=0.00e+00 gmax=5.005e-03 mon=-6.84e-03 ms=8350.1
[10b] step  19 loss=4.0887 chk=0.00e+00 gmax=6.256e-03 mon=-8.79e-03 ms=8355.6
[10b] step  20 loss=4.0768 chk=0.00e+00 gmax=6.256e-03 mon=-4.05e-03 ms=8348.6
[10b] step  21 loss=4.1474 chk=0.00e+00 gmax=3.967e-03 mon=-7.87e-05 ms=8341.4
[10b] step  22 loss=4.1301 chk=0.00e+00 gmax=5.493e-03 mon=-3.89e-04 ms=8351.3
[10b] step  23 loss=4.1179 chk=0.00e+00 gmax=5.219e-03 mon=6.95e-03 ms=8365.0
[10b] step  24 loss=4.0896 chk=0.00e+00 gmax=5.432e-03 mon=2.80e-03 ms=8389.0
[10b] step  25 loss=4.0880 chk=0.00e+00 gmax=3.799e-03 mon=1.63e-03 ms=8361.7
[10b] step  26 loss=4.0500 chk=0.00e+00 gmax=3.052e-03 mon=-2.54e-03 ms=8343.7
[10b] step  27 loss=3.9906 chk=0.00e+00 gmax=6.226e-03 mon=-2.45e-03 ms=8338.1
[10b] step  28 loss=4.1246 chk=0.00e+00 gmax=5.524e-03 mon=-1.37e-03 ms=8337.8
[10b] step  29 loss=4.0396 chk=0.00e+00 gmax=3.311e-03 mon=1.95e-03 ms=8356.8
[10b] step  30 loss=4.1613 chk=0.00e+00 gmax=3.342e-03 mon=4.30e-03 ms=8364.3
[10b] step  31 loss=4.2717 chk=0.00e+00 gmax=3.510e-03 mon=-5.14e-04 ms=8345.5
[10b] step  32 loss=4.3338 chk=0.00e+00 gmax=6.531e-03 mon=6.20e-04 ms=8367.8
[10b] step  33 loss=4.1249 chk=0.00e+00 gmax=6.104e-03 mon=-4.18e-03 ms=8350.7
[10b] step  34 loss=4.0262 chk=0.00e+00 gmax=6.104e-03 mon=-2.47e-03 ms=8368.3
[10b] step  35 loss=4.1808 chk=0.00e+00 gmax=7.050e-03 mon=5.66e-02 ms=8349.3
[10b] step  36 loss=4.0515 chk=0.00e+00 gmax=6.470e-03 mon=2.89e-03 ms=8345.2
[10b] step  37 loss=3.9642 chk=0.00e+00 gmax=5.951e-03 mon=6.35e-03 ms=8342.8
[10b] step  38 loss=3.9712 chk=0.00e+00 gmax=5.005e-03 mon=1.75e-03 ms=8354.6
[10b] step  39 loss=3.9630 chk=0.00e+00 gmax=4.547e-03 mon=-1.44e-04 ms=8344.1
[10b] step  40 loss=4.0630 chk=0.00e+00 gmax=5.646e-03 mon=-4.49e-03 ms=8353.9
[10b] step  41 loss=4.1154 chk=0.00e+00 gmax=5.646e-03 mon=-1.79e-03 ms=8340.3
[10b] step  42 loss=4.1010 chk=0.00e+00 gmax=3.281e-03 mon=-4.65e-03 ms=8356.5
[10b] step  43 loss=4.0680 chk=0.00e+00 gmax=3.174e-03 mon=1.20e-03 ms=8355.8
[10b] step  44 loss=4.0718 chk=0.00e+00 gmax=5.981e-03 mon=-1.22e-04 ms=8368.8
[10b] step  45 loss=4.0924 chk=0.00e+00 gmax=6.226e-03 mon=-1.58e-02 ms=8363.3
[10b] step  46 loss=4.1267 chk=0.00e+00 gmax=3.830e-03 mon=4.75e-03 ms=8367.2
[10b] step  47 loss=4.0815 chk=0.00e+00 gmax=4.181e-03 mon=-2.67e-04 ms=8345.9
[10b] step  48 loss=3.9797 chk=0.00e+00 gmax=3.860e-03 mon=3.33e-04 ms=8342.0
[10b] step  49 loss=3.9641 chk=0.00e+00 gmax=4.211e-03 mon=-2.28e-03 ms=8340.6
[10b] step  50 loss=4.0106 chk=0.00e+00 gmax=3.067e-03 mon=4.95e-03 ms=8347.9
[10b] step  51 loss=4.0959 chk=0.00e+00 gmax=4.150e-03 mon=2.76e-03 ms=8333.1
[10b] step  52 loss=4.1758 chk=0.00e+00 gmax=3.738e-03 mon=1.92e-03 ms=8408.0
[10b] step  53 loss=4.3926 chk=0.00e+00 gmax=4.333e-03 mon=-5.63e-03 ms=8360.2
[10b] step  54 loss=4.2080 chk=0.00e+00 gmax=4.974e-03 mon=1.56e-03 ms=8342.4
[10b] step  55 loss=4.1539 chk=0.00e+00 gmax=2.548e-03 mon=4.70e-03 ms=8355.3
[10b] step  56 loss=4.2147 chk=0.00e+00 gmax=5.157e-03 mon=-3.33e-03 ms=8378.0
[10b] step  57 loss=4.3187 chk=0.00e+00 gmax=3.510e-03 mon=1.98e-03 ms=8348.6
[10b] step  58 loss=4.3415 chk=0.00e+00 gmax=2.808e-03 mon=-2.28e-03 ms=8349.0
[10b] step  59 loss=4.2727 chk=0.00e+00 gmax=3.265e-03 mon=-1.04e-03 ms=8348.1
RESULT_JSON {"arch": "olmoe10b", "backend": "baseline", "ws": 224, "cluster_params_b": 9.435183104, "median_ms_per_step": 8352.928876876831, "mean_ms_per_step": 8355.03202676773, "first_loss": 9.96886920928955, "final_loss": 4.27265739440918, "losses": [9.96886920928955, 12.190028190612793, 11.732524871826172, 11.32021713256836, 9.547591209411621, 7.430954933166504, 6.432595252990723, 5.555601119995117, 4.803097724914551, 4.363336086273193, 4.1058478355407715, 4.001995086669922, 3.8483777046203613, 4.066638946533203, 4.037843227386475, 4.040561676025391, 3.9898295402526855, 4.028481483459473, 3.9934563636779785, 4.08873176574707, 4.076817989349365, 4.147407054901123, 4.13005256652832, 4.1178507804870605, 4.089566707611084, 4.0880022048950195, 4.049985885620117, 3.9906160831451416, 4.1246337890625, 4.039557933807373, 4.161345481872559, 4.271711349487305, 4.333827495574951, 4.124906539916992, 4.026167392730713, 4.180816173553467, 4.051538467407227, 3.9641921520233154, 3.9712209701538086, 3.962979316711426, 4.063040733337402, 4.115409851074219, 4.100988864898682, 4.068013668060303, 4.071754455566406, 4.0923566818237305, 4.126652717590332, 4.081477642059326, 3.9797158241271973, 3.96408748626709, 4.010552883148193, 4.095900058746338, 4.175845623016357, 4.392581462860107, 4.208020210266113, 4.153942108154297, 4.21468448638916, 4.318663120269775, 4.341546058654785, 4.27265739440918]}
