[10b] backend=baseline ws=224 rep=153.7M local/rank=41.4M cluster=9.44B cap=7 mc=14336
[10b] sites: emb(F1)=33.0M norms(F4a)=30720 qkv0(F7)=12.6M oproj(F5)=16.8M rest(F4b)=91.3M in 16 tensors
[10b] step   0 loss=9.9673 chk=0.00e+00 gmax=5.066e-03 ms=353754.5
[10b] step   1 loss=12.3272 chk=0.00e+00 gmax=1.361e-02 ms=276833.5
[10b] step   2 loss=11.6892 chk=0.00e+00 gmax=1.465e-02 ms=6043.8
[10b] step   3 loss=11.2437 chk=0.00e+00 gmax=1.434e-02 ms=6040.8
[10b] step   4 loss=9.0395 chk=0.00e+00 gmax=1.599e-02 ms=6038.9
[10b] step   5 loss=7.8785 chk=0.00e+00 gmax=2.417e-02 ms=6039.4
[10b] step   6 loss=6.5292 chk=0.00e+00 gmax=1.965e-02 ms=6048.5
[10b] step   7 loss=5.6851 chk=0.00e+00 gmax=1.917e-02 ms=6047.0
[10b] step   8 loss=4.8803 chk=0.00e+00 gmax=1.312e-02 ms=6072.3
[10b] step   9 loss=4.2687 chk=0.00e+00 gmax=9.705e-03 ms=6045.9
[10b] step  10 loss=3.9578 chk=0.00e+00 gmax=7.294e-03 ms=6036.6
[10b] step  11 loss=4.0593 chk=0.00e+00 gmax=7.629e-03 ms=6056.2
[10b] step  12 loss=3.8353 chk=0.00e+00 gmax=6.500e-03 ms=6071.8
[10b] step  13 loss=3.8022 chk=0.00e+00 gmax=5.157e-03 ms=6055.7
[10b] step  14 loss=3.9937 chk=0.00e+00 gmax=5.280e-03 ms=6047.9
[10b] step  15 loss=4.0655 chk=0.00e+00 gmax=7.385e-03 ms=6062.6
[10b] step  16 loss=4.1197 chk=0.00e+00 gmax=6.104e-03 ms=6043.5
[10b] step  17 loss=4.1777 chk=0.00e+00 gmax=4.517e-03 ms=6051.9
[10b] step  18 loss=3.9515 chk=0.00e+00 gmax=4.974e-03 ms=6045.9
[10b] step  19 loss=3.9969 chk=0.00e+00 gmax=5.127e-03 ms=6036.6
[10b] step  20 loss=3.9645 chk=0.00e+00 gmax=4.700e-03 ms=6043.2
[10b] step  21 loss=4.0196 chk=0.00e+00 gmax=3.708e-03 ms=6065.4
[10b] step  22 loss=4.0203 chk=0.00e+00 gmax=4.028e-03 ms=6047.3
[10b] step  23 loss=4.0705 chk=0.00e+00 gmax=5.035e-03 ms=6069.3
[10b] step  24 loss=4.0399 chk=0.00e+00 gmax=6.195e-03 ms=6047.1
[10b] step  25 loss=4.1245 chk=0.00e+00 gmax=3.860e-03 ms=6054.0
[10b] step  26 loss=4.0908 chk=0.00e+00 gmax=3.799e-03 ms=6042.4
[10b] step  27 loss=4.1416 chk=0.00e+00 gmax=3.738e-03 ms=6046.5
[10b] step  28 loss=4.0526 chk=0.00e+00 gmax=3.891e-03 ms=6047.8
[10b] step  29 loss=3.9401 chk=0.00e+00 gmax=3.632e-03 ms=6045.1
[10b] step  30 loss=4.0434 chk=0.00e+00 gmax=2.899e-03 ms=6072.8
[10b] step  31 loss=4.1426 chk=0.00e+00 gmax=3.784e-03 ms=6063.5
[10b] step  32 loss=4.2420 chk=0.00e+00 gmax=4.852e-03 ms=6049.8
[10b] step  33 loss=4.1328 chk=0.00e+00 gmax=3.784e-03 ms=6051.4
[10b] step  34 loss=4.1395 chk=0.00e+00 gmax=5.890e-03 ms=6047.1
[10b] step  35 loss=4.1571 chk=0.00e+00 gmax=7.080e-03 ms=6048.9
[10b] step  36 loss=4.0735 chk=0.00e+00 gmax=4.547e-03 ms=6050.2
[10b] step  37 loss=3.9769 chk=0.00e+00 gmax=5.310e-03 ms=6043.7
[10b] step  38 loss=3.9393 chk=0.00e+00 gmax=4.486e-03 ms=6053.0
[10b] step  39 loss=3.8466 chk=0.00e+00 gmax=3.220e-03 ms=6064.0
[10b] step  40 loss=3.8677 chk=0.00e+00 gmax=3.723e-03 ms=6056.0
[10b] step  41 loss=3.9911 chk=0.00e+00 gmax=5.188e-03 ms=6067.0
[10b] step  42 loss=4.0661 chk=0.00e+00 gmax=3.815e-03 ms=6050.7
[10b] step  43 loss=4.0574 chk=0.00e+00 gmax=3.662e-03 ms=6048.2
[10b] step  44 loss=4.0335 chk=0.00e+00 gmax=6.195e-03 ms=6061.0
[10b] step  45 loss=4.0085 chk=0.00e+00 gmax=4.608e-03 ms=6052.6
[10b] step  46 loss=4.0824 chk=0.00e+00 gmax=3.967e-03 ms=6060.7
[10b] step  47 loss=4.0575 chk=0.00e+00 gmax=3.998e-03 ms=6049.5
[10b] step  48 loss=3.9919 chk=0.00e+00 gmax=4.089e-03 ms=6061.4
[10b] step  49 loss=3.9442 chk=0.00e+00 gmax=3.342e-03 ms=6065.6
[10b] step  50 loss=3.9326 chk=0.00e+00 gmax=3.464e-03 ms=6072.9
[10b] step  51 loss=3.9289 chk=0.00e+00 gmax=2.960e-03 ms=6058.6
[10b] step  52 loss=4.0362 chk=0.00e+00 gmax=3.632e-03 ms=6062.5
[10b] step  53 loss=4.1729 chk=0.00e+00 gmax=4.211e-03 ms=6053.7
[10b] step  54 loss=4.2007 chk=0.00e+00 gmax=3.738e-03 ms=6063.2
[10b] step  55 loss=4.0966 chk=0.00e+00 gmax=3.204e-03 ms=6046.0
[10b] step  56 loss=4.1532 chk=0.00e+00 gmax=3.784e-03 ms=6056.9
[10b] step  57 loss=4.2786 chk=0.00e+00 gmax=4.486e-03 ms=6056.0
[10b] step  58 loss=4.2853 chk=0.00e+00 gmax=4.120e-03 ms=6050.2
[10b] step  59 loss=4.3592 chk=0.00e+00 gmax=2.670e-03 ms=6049.8
RESULT_JSON {"arch": "olmoe10b", "backend": "baseline", "ws": 224, "cluster_params_b": 9.435183104, "median_ms_per_step": 6051.42068862915, "mean_ms_per_step": 6053.495556116104, "first_loss": 9.967313766479492, "final_loss": 4.35915994644165, "losses": [9.967313766479492, 12.327218055725098, 11.689189910888672, 11.243707656860352, 9.039520263671875, 7.878514766693115, 6.529226303100586, 5.6850972175598145, 4.8802971839904785, 4.268706321716309, 3.957818031311035, 4.0593109130859375, 3.8352787494659424, 3.8022170066833496, 3.9936656951904297, 4.065518379211426, 4.119702339172363, 4.177731990814209, 3.9515204429626465, 3.9968576431274414, 3.9644694328308105, 4.019553184509277, 4.0203351974487305, 4.070468902587891, 4.03987455368042, 4.124464511871338, 4.090811729431152, 4.1416168212890625, 4.052636623382568, 3.940068244934082, 4.043386936187744, 4.1425700187683105, 4.242038726806641, 4.1328125, 4.13947057723999, 4.157063961029053, 4.073521614074707, 3.9769446849823, 3.939326047897339, 3.846561908721924, 3.8677291870117188, 3.991095542907715, 4.066065311431885, 4.0573835372924805, 4.0335001945495605, 4.008466720581055, 4.082435607910156, 4.05745792388916, 3.991886615753174, 3.9441521167755127, 3.9325945377349854, 3.928879976272583, 4.036236763000488, 4.1728715896606445, 4.20070743560791, 4.0966339111328125, 4.153192043304443, 4.278595924377441, 4.285290718078613, 4.35915994644165]}
