[10b] backend=baseline ws=224 rep=153.7M local/rank=41.4M cluster=9.44B cap=4 mc=8192
[10b] sites: emb(F1)=33.0M norms(F4a)=30720 qkv0(F7)=12.6M oproj(F5)=16.8M rest(F4b)=91.3M in 16 tensors
[10b] step   0 loss=9.8816 chk=0.00e+00 gmax=5.157e-03 mon=0.00e+00 ms=30153.8
[10b] step   1 loss=12.2864 chk=0.00e+00 gmax=1.263e-02 mon=0.00e+00 ms=25107.5
[10b] step   2 loss=11.4277 chk=0.00e+00 gmax=1.917e-02 mon=0.00e+00 ms=4317.7
[10b] step   3 loss=10.1850 chk=0.00e+00 gmax=2.039e-02 mon=0.00e+00 ms=4318.8
[10b] step   4 loss=8.0171 chk=0.00e+00 gmax=2.100e-02 mon=0.00e+00 ms=4325.1
[10b] step   5 loss=7.8751 chk=0.00e+00 gmax=2.405e-02 mon=0.00e+00 ms=4331.4
[10b] step   6 loss=6.1375 chk=0.00e+00 gmax=1.746e-02 mon=0.00e+00 ms=4325.0
[10b] step   7 loss=5.3768 chk=0.00e+00 gmax=1.428e-02 mon=0.00e+00 ms=4329.3
[10b] step   8 loss=4.7378 chk=0.00e+00 gmax=1.245e-02 mon=0.00e+00 ms=4327.4
[10b] step   9 loss=4.2338 chk=0.00e+00 gmax=9.949e-03 mon=0.00e+00 ms=4325.3
[10b] step  10 loss=4.0483 chk=0.00e+00 gmax=9.827e-03 mon=0.00e+00 ms=4333.0
[10b] step  11 loss=3.8517 chk=0.00e+00 gmax=9.033e-03 mon=0.00e+00 ms=4326.7
[10b] step  12 loss=3.7427 chk=0.00e+00 gmax=8.301e-03 mon=0.00e+00 ms=4333.1
[10b] step  13 loss=3.7986 chk=0.00e+00 gmax=5.341e-03 mon=0.00e+00 ms=4353.3
[10b] step  14 loss=3.8820 chk=0.00e+00 gmax=5.615e-03 mon=0.00e+00 ms=4332.1
[10b] step  15 loss=3.7972 chk=0.00e+00 gmax=5.768e-03 mon=0.00e+00 ms=4329.7
[10b] step  16 loss=3.8113 chk=0.00e+00 gmax=8.484e-03 mon=0.00e+00 ms=4333.1
[10b] step  17 loss=3.8166 chk=0.00e+00 gmax=4.272e-03 mon=0.00e+00 ms=4347.3
[10b] step  18 loss=4.0218 chk=0.00e+00 gmax=7.080e-03 mon=0.00e+00 ms=4342.2
[10b] step  19 loss=3.9413 chk=0.00e+00 gmax=5.676e-03 mon=0.00e+00 ms=4357.0
[10b] step  20 loss=4.0581 chk=0.00e+00 gmax=6.836e-03 mon=0.00e+00 ms=4332.0
[10b] step  21 loss=4.1037 chk=0.00e+00 gmax=5.402e-03 mon=0.00e+00 ms=4336.0
[10b] step  22 loss=4.2316 chk=0.00e+00 gmax=4.639e-03 mon=0.00e+00 ms=4329.6
[10b] step  23 loss=4.2057 chk=0.00e+00 gmax=4.822e-03 mon=0.00e+00 ms=4341.4
[10b] step  24 loss=4.2163 chk=0.00e+00 gmax=5.493e-03 mon=0.00e+00 ms=4339.2
[10b] step  25 loss=4.2015 chk=0.00e+00 gmax=4.333e-03 mon=0.00e+00 ms=4347.3
[10b] step  26 loss=4.1381 chk=0.00e+00 gmax=7.416e-03 mon=0.00e+00 ms=4327.8
[10b] step  27 loss=4.0621 chk=0.00e+00 gmax=7.996e-03 mon=0.00e+00 ms=4340.9
[10b] step  28 loss=4.0816 chk=0.00e+00 gmax=3.876e-03 mon=0.00e+00 ms=4332.3
[10b] step  29 loss=4.1098 chk=0.00e+00 gmax=5.646e-03 mon=0.00e+00 ms=4336.3
[10b] step  30 loss=4.1611 chk=0.00e+00 gmax=6.653e-03 mon=0.00e+00 ms=4339.1
[10b] step  31 loss=4.0166 chk=0.00e+00 gmax=3.387e-03 mon=0.00e+00 ms=4337.2
[10b] step  32 loss=3.8675 chk=0.00e+00 gmax=5.493e-03 mon=0.00e+00 ms=4337.4
[10b] step  33 loss=3.8734 chk=0.00e+00 gmax=4.791e-03 mon=0.00e+00 ms=4345.6
[10b] step  34 loss=3.9328 chk=0.00e+00 gmax=6.012e-03 mon=0.00e+00 ms=4340.2
[10b] step  35 loss=3.8905 chk=0.00e+00 gmax=4.852e-03 mon=0.00e+00 ms=4327.7
[10b] step  36 loss=4.0482 chk=0.00e+00 gmax=5.768e-03 mon=0.00e+00 ms=4338.2
[10b] step  37 loss=4.1664 chk=0.00e+00 gmax=5.127e-03 mon=0.00e+00 ms=4331.0
[10b] step  38 loss=4.3792 chk=0.00e+00 gmax=6.805e-03 mon=0.00e+00 ms=4353.1
[10b] step  39 loss=4.3779 chk=0.00e+00 gmax=4.913e-03 mon=0.00e+00 ms=4329.9
[10b] step  40 loss=4.1100 chk=0.00e+00 gmax=5.463e-03 mon=0.00e+00 ms=4326.6
[10b] step  41 loss=4.0504 chk=0.00e+00 gmax=5.859e-03 mon=0.00e+00 ms=4333.5
[10b] step  42 loss=4.1172 chk=0.00e+00 gmax=5.402e-03 mon=0.00e+00 ms=4335.0
[10b] step  43 loss=4.0451 chk=0.00e+00 gmax=4.761e-03 mon=0.00e+00 ms=4334.0
[10b] step  44 loss=4.0309 chk=0.00e+00 gmax=5.920e-03 mon=0.00e+00 ms=4346.7
[10b] step  45 loss=4.0927 chk=0.00e+00 gmax=5.829e-03 mon=0.00e+00 ms=4328.3
[10b] step  46 loss=4.2617 chk=0.00e+00 gmax=6.287e-03 mon=0.00e+00 ms=4332.2
[10b] step  47 loss=4.1871 chk=0.00e+00 gmax=5.432e-03 mon=0.00e+00 ms=4345.9
[10b] step  48 loss=4.1317 chk=0.00e+00 gmax=5.737e-03 mon=0.00e+00 ms=4332.7
[10b] step  49 loss=4.1950 chk=0.00e+00 gmax=3.464e-03 mon=0.00e+00 ms=4334.3
[10b] step  50 loss=4.3143 chk=0.00e+00 gmax=6.226e-03 mon=0.00e+00 ms=4325.7
[10b] step  51 loss=4.2242 chk=0.00e+00 gmax=6.226e-03 mon=0.00e+00 ms=4332.8
[10b] step  52 loss=4.2169 chk=0.00e+00 gmax=3.906e-03 mon=0.00e+00 ms=4340.4
[10b] step  53 loss=4.1287 chk=0.00e+00 gmax=6.805e-03 mon=0.00e+00 ms=4345.7
[10b] step  54 loss=4.2549 chk=0.00e+00 gmax=4.913e-03 mon=0.00e+00 ms=4327.3
[10b] step  55 loss=4.2328 chk=0.00e+00 gmax=3.708e-03 mon=0.00e+00 ms=4340.0
[10b] step  56 loss=4.1954 chk=0.00e+00 gmax=4.578e-03 mon=0.00e+00 ms=4337.1
[10b] step  57 loss=4.0885 chk=0.00e+00 gmax=7.050e-03 mon=0.00e+00 ms=4327.9
[10b] step  58 loss=3.9735 chk=0.00e+00 gmax=5.707e-03 mon=0.00e+00 ms=4331.7
[10b] step  59 loss=4.0995 chk=0.00e+00 gmax=5.920e-03 mon=0.00e+00 ms=4329.0
RESULT_JSON {"arch": "olmoe10b", "backend": "baseline", "ws": 224, "cluster_params_b": 9.435183104, "median_ms_per_step": 4333.118438720703, "mean_ms_per_step": 4335.352365459715, "first_loss": 9.881587028503418, "final_loss": 4.099508285522461, "losses": [9.881587028503418, 12.286449432373047, 11.427682876586914, 10.185042381286621, 8.017118453979492, 7.875137805938721, 6.137516975402832, 5.376771926879883, 4.737773895263672, 4.233771324157715, 4.048280239105225, 3.85174560546875, 3.7426931858062744, 3.798567295074463, 3.8819704055786133, 3.7971599102020264, 3.8112947940826416, 3.81660795211792, 4.021838665008545, 3.9412500858306885, 4.058140754699707, 4.103705406188965, 4.231598854064941, 4.20570707321167, 4.21627950668335, 4.201455593109131, 4.138104438781738, 4.062139511108398, 4.081634044647217, 4.109778881072998, 4.161076545715332, 4.016641616821289, 3.867478132247925, 3.8733808994293213, 3.9328219890594482, 3.8904781341552734, 4.048218727111816, 4.166350841522217, 4.379236698150635, 4.377882957458496, 4.110014915466309, 4.050419807434082, 4.11724328994751, 4.045107841491699, 4.030927658081055, 4.092663764953613, 4.261723518371582, 4.187119483947754, 4.131651401519775, 4.194989204406738, 4.314326763153076, 4.224201679229736, 4.216890335083008, 4.12869930267334, 4.25490140914917, 4.232755661010742, 4.1953630447387695, 4.088458061218262, 3.9735207557678223, 4.099508285522461]}
