[10b] backend=sorcar ws=224 rep=153.7M local/rank=41.4M cluster=9.44B cap=4 mc=8192
[10b] sites: emb(F1)=33.0M norms(F4a)=30720 qkv0(F7)=12.6M oproj(F5)=16.8M rest(F4b)=91.3M in 16 tensors
[10b] step   0 loss=9.9970 chk=0.00e+00 gmax=4.944e-03 ms=142520.5
[10b] step   1 loss=11.7605 chk=0.00e+00 gmax=1.343e-02 ms=77809.1
[10b] step   2 loss=11.4654 chk=0.00e+00 gmax=1.685e-02 ms=4179.2
[10b] step   3 loss=10.2833 chk=0.00e+00 gmax=2.136e-02 ms=4180.5
[10b] step   4 loss=8.1334 chk=0.00e+00 gmax=1.965e-02 ms=4209.4
[10b] step   5 loss=6.8283 chk=0.00e+00 gmax=2.490e-02 ms=4196.4
[10b] step   6 loss=5.8277 chk=0.00e+00 gmax=1.929e-02 ms=4191.4
[10b] step   7 loss=5.1518 chk=0.00e+00 gmax=1.721e-02 ms=4190.4
[10b] step   8 loss=4.5833 chk=0.00e+00 gmax=1.227e-02 ms=4190.6
[10b] step   9 loss=4.2214 chk=0.00e+00 gmax=1.044e-02 ms=4191.4
[10b] step  10 loss=3.9330 chk=0.00e+00 gmax=7.996e-03 ms=4181.2
[10b] step  11 loss=3.8210 chk=0.00e+00 gmax=7.355e-03 ms=4182.5
[10b] step  12 loss=3.8309 chk=0.00e+00 gmax=6.989e-03 ms=4193.8
[10b] step  13 loss=3.9097 chk=0.00e+00 gmax=6.500e-03 ms=4204.1
[10b] step  14 loss=3.9059 chk=0.00e+00 gmax=5.524e-03 ms=4175.7
[10b] step  15 loss=3.8461 chk=0.00e+00 gmax=5.341e-03 ms=4195.0
[10b] step  16 loss=3.9213 chk=0.00e+00 gmax=5.432e-03 ms=4191.9
[10b] step  17 loss=3.9333 chk=0.00e+00 gmax=5.493e-03 ms=4187.1
[10b] step  18 loss=4.1030 chk=0.00e+00 gmax=4.517e-03 ms=4197.5
[10b] step  19 loss=3.9813 chk=0.00e+00 gmax=5.981e-03 ms=4205.8
[10b] step  20 loss=3.9796 chk=0.00e+00 gmax=5.615e-03 ms=4190.4
[10b] step  21 loss=3.9540 chk=0.00e+00 gmax=4.486e-03 ms=4191.6
[10b] step  22 loss=4.1883 chk=0.00e+00 gmax=5.066e-03 ms=4215.6
[10b] step  23 loss=4.1087 chk=0.00e+00 gmax=3.540e-03 ms=4193.5
[10b] step  24 loss=4.2398 chk=0.00e+00 gmax=6.348e-03 ms=4198.7
[10b] step  25 loss=4.1491 chk=0.00e+00 gmax=6.439e-03 ms=4192.5
[10b] step  26 loss=4.0867 chk=0.00e+00 gmax=5.127e-03 ms=4194.8
[10b] step  27 loss=4.2564 chk=0.00e+00 gmax=5.524e-03 ms=4198.0
[10b] step  28 loss=4.2655 chk=0.00e+00 gmax=4.364e-03 ms=4194.1
[10b] step  29 loss=4.2521 chk=0.00e+00 gmax=5.737e-03 ms=4196.5
[10b] step  30 loss=4.0896 chk=0.00e+00 gmax=5.798e-03 ms=4197.1
[10b] step  31 loss=4.0155 chk=0.00e+00 gmax=3.647e-03 ms=4190.9
[10b] step  32 loss=3.9996 chk=0.00e+00 gmax=4.364e-03 ms=4186.8
[10b] step  33 loss=4.0831 chk=0.00e+00 gmax=5.615e-03 ms=4193.1
[10b] step  34 loss=4.1008 chk=0.00e+00 gmax=4.517e-03 ms=4199.7
[10b] step  35 loss=4.1490 chk=0.00e+00 gmax=5.890e-03 ms=4187.1
[10b] step  36 loss=4.0056 chk=0.00e+00 gmax=4.395e-03 ms=4211.4
[10b] step  37 loss=4.2316 chk=0.00e+00 gmax=5.188e-03 ms=4193.8
[10b] step  38 loss=4.3403 chk=0.00e+00 gmax=6.256e-03 ms=4194.4
[10b] step  39 loss=4.2878 chk=0.00e+00 gmax=8.850e-03 ms=4193.6
[10b] step  40 loss=4.1016 chk=0.00e+00 gmax=4.700e-03 ms=4185.9
[10b] step  41 loss=4.1330 chk=0.00e+00 gmax=9.094e-03 ms=4190.6
[10b] step  42 loss=4.0983 chk=0.00e+00 gmax=3.067e-03 ms=4198.3
[10b] step  43 loss=4.1445 chk=0.00e+00 gmax=4.303e-03 ms=4194.8
[10b] step  44 loss=4.1646 chk=0.00e+00 gmax=5.402e-03 ms=4186.1
[10b] step  45 loss=4.1025 chk=0.00e+00 gmax=5.432e-03 ms=4201.6
[10b] step  46 loss=4.1870 chk=0.00e+00 gmax=6.836e-03 ms=4196.3
[10b] step  47 loss=4.1380 chk=0.00e+00 gmax=4.456e-03 ms=4199.2
[10b] step  48 loss=4.1156 chk=0.00e+00 gmax=7.202e-03 ms=4203.3
[10b] step  49 loss=4.1548 chk=0.00e+00 gmax=3.693e-03 ms=4203.4
[10b] step  50 loss=4.3603 chk=0.00e+00 gmax=5.798e-03 ms=4191.3
[10b] step  51 loss=4.3820 chk=0.00e+00 gmax=6.714e-03 ms=4216.3
[10b] step  52 loss=4.3100 chk=0.00e+00 gmax=4.486e-03 ms=4196.1
[10b] step  53 loss=4.3488 chk=0.00e+00 gmax=7.355e-03 ms=4195.9
[10b] step  54 loss=4.4217 chk=0.00e+00 gmax=5.188e-03 ms=4204.2
[10b] step  55 loss=4.3602 chk=0.00e+00 gmax=4.456e-03 ms=4187.3
[10b] step  56 loss=4.3564 chk=0.00e+00 gmax=6.653e-03 ms=4194.2
[10b] step  57 loss=4.1514 chk=0.00e+00 gmax=5.646e-03 ms=4226.4
[10b] step  58 loss=4.2441 chk=0.00e+00 gmax=3.906e-03 ms=4191.1
[10b] step  59 loss=4.3590 chk=0.00e+00 gmax=6.378e-03 ms=4202.0
RESULT_JSON {"arch": "olmoe10b", "backend": "sorcar", "ws": 224, "cluster_params_b": 9.435183104, "median_ms_per_step": 4194.44727897644, "mean_ms_per_step": 4195.753238030842, "first_loss": 9.996986389160156, "final_loss": 4.359047889709473, "losses": [9.996986389160156, 11.760476112365723, 11.465350151062012, 10.28327751159668, 8.13343620300293, 6.828293800354004, 5.827733516693115, 5.151785373687744, 4.583304405212402, 4.221449851989746, 3.9329724311828613, 3.8209640979766846, 3.8309412002563477, 3.9097378253936768, 3.905874729156494, 3.846129894256592, 3.921257257461548, 3.9332542419433594, 4.103002548217773, 3.9812538623809814, 3.979616641998291, 3.9539759159088135, 4.1882548332214355, 4.108742713928223, 4.239843368530273, 4.1491289138793945, 4.08669900894165, 4.256376266479492, 4.265528678894043, 4.252113342285156, 4.089641094207764, 4.015453338623047, 3.9995663166046143, 4.083105087280273, 4.100770950317383, 4.149033546447754, 4.005633354187012, 4.231595993041992, 4.3403191566467285, 4.287795066833496, 4.101560592651367, 4.133004665374756, 4.098293304443359, 4.144546031951904, 4.164576530456543, 4.102468013763428, 4.186958312988281, 4.138038635253906, 4.1155548095703125, 4.154791355133057, 4.360302925109863, 4.382043838500977, 4.31004524230957, 4.348762035369873, 4.421694755554199, 4.360198497772217, 4.356429100036621, 4.151426315307617, 4.244087219238281, 4.359047889709473]}
