[10b] backend=baseline ws=224 rep=153.7M local/rank=41.4M cluster=9.44B cap=4 mc=8192
[10b] sites: emb(F1)=33.0M norms(F4a)=30720 qkv0(F7)=12.6M oproj(F5)=16.8M rest(F4b)=91.3M in 16 tensors
[10b] step   0 loss=9.9973 chk=0.00e+00 gmax=4.913e-03 ms=257829.0
[10b] step   1 loss=11.7569 chk=0.00e+00 gmax=1.337e-02 ms=71450.9
[10b] step   2 loss=11.4664 chk=0.00e+00 gmax=1.685e-02 ms=4342.7
[10b] step   3 loss=10.2894 chk=0.00e+00 gmax=2.136e-02 ms=4336.4
[10b] step   4 loss=8.1381 chk=0.00e+00 gmax=1.965e-02 ms=4337.7
[10b] step   5 loss=6.8536 chk=0.00e+00 gmax=2.502e-02 ms=4343.9
[10b] step   6 loss=5.8139 chk=0.00e+00 gmax=1.929e-02 ms=4346.8
[10b] step   7 loss=5.1463 chk=0.00e+00 gmax=1.721e-02 ms=4342.0
[10b] step   8 loss=4.5692 chk=0.00e+00 gmax=1.233e-02 ms=4342.0
[10b] step   9 loss=4.1996 chk=0.00e+00 gmax=1.038e-02 ms=4334.2
[10b] step  10 loss=3.9177 chk=0.00e+00 gmax=7.996e-03 ms=4343.4
[10b] step  11 loss=3.8104 chk=0.00e+00 gmax=7.446e-03 ms=4345.2
[10b] step  12 loss=3.8455 chk=0.00e+00 gmax=6.775e-03 ms=4339.2
[10b] step  13 loss=3.8682 chk=0.00e+00 gmax=6.470e-03 ms=4352.7
[10b] step  14 loss=3.9123 chk=0.00e+00 gmax=5.188e-03 ms=4341.7
[10b] step  15 loss=3.8669 chk=0.00e+00 gmax=5.249e-03 ms=4351.1
[10b] step  16 loss=3.9282 chk=0.00e+00 gmax=5.310e-03 ms=4368.0
[10b] step  17 loss=3.9245 chk=0.00e+00 gmax=5.249e-03 ms=4344.0
[10b] step  18 loss=4.1172 chk=0.00e+00 gmax=4.395e-03 ms=4349.6
[10b] step  19 loss=4.0108 chk=0.00e+00 gmax=5.493e-03 ms=4368.5
[10b] step  20 loss=3.9956 chk=0.00e+00 gmax=5.768e-03 ms=4332.2
[10b] step  21 loss=4.0168 chk=0.00e+00 gmax=4.395e-03 ms=4361.4
[10b] step  22 loss=4.2082 chk=0.00e+00 gmax=4.944e-03 ms=4345.8
[10b] step  23 loss=4.1125 chk=0.00e+00 gmax=3.448e-03 ms=4348.3
[10b] step  24 loss=4.1327 chk=0.00e+00 gmax=6.165e-03 ms=4348.2
[10b] step  25 loss=4.0003 chk=0.00e+00 gmax=3.708e-03 ms=4352.5
[10b] step  26 loss=3.9615 chk=0.00e+00 gmax=5.096e-03 ms=4350.2
[10b] step  27 loss=4.1282 chk=0.00e+00 gmax=5.585e-03 ms=4354.4
[10b] step  28 loss=4.1933 chk=0.00e+00 gmax=4.028e-03 ms=4351.1
[10b] step  29 loss=4.2691 chk=0.00e+00 gmax=4.730e-03 ms=4349.4
[10b] step  30 loss=4.1749 chk=0.00e+00 gmax=7.019e-03 ms=4359.9
[10b] step  31 loss=4.0838 chk=0.00e+00 gmax=4.608e-03 ms=4345.8
[10b] step  32 loss=4.0269 chk=0.00e+00 gmax=4.944e-03 ms=4345.3
[10b] step  33 loss=4.0614 chk=0.00e+00 gmax=5.402e-03 ms=4346.3
[10b] step  34 loss=4.0754 chk=0.00e+00 gmax=3.647e-03 ms=4345.7
[10b] step  35 loss=4.0526 chk=0.00e+00 gmax=4.974e-03 ms=4345.7
[10b] step  36 loss=4.1229 chk=0.00e+00 gmax=4.578e-03 ms=4364.7
[10b] step  37 loss=4.2474 chk=0.00e+00 gmax=5.493e-03 ms=4351.5
[10b] step  38 loss=4.4108 chk=0.00e+00 gmax=6.195e-03 ms=4346.0
[10b] step  39 loss=4.3360 chk=0.00e+00 gmax=8.484e-03 ms=4346.8
[10b] step  40 loss=4.2213 chk=0.00e+00 gmax=3.799e-03 ms=4343.5
[10b] step  41 loss=4.1554 chk=0.00e+00 gmax=8.179e-03 ms=4360.1
[10b] step  42 loss=4.2020 chk=0.00e+00 gmax=3.967e-03 ms=4333.7
[10b] step  43 loss=4.1666 chk=0.00e+00 gmax=4.730e-03 ms=4349.3
[10b] step  44 loss=4.1349 chk=0.00e+00 gmax=4.791e-03 ms=4345.7
[10b] step  45 loss=4.0491 chk=0.00e+00 gmax=5.524e-03 ms=4351.6
[10b] step  46 loss=4.1002 chk=0.00e+00 gmax=6.195e-03 ms=4361.0
[10b] step  47 loss=4.0378 chk=0.00e+00 gmax=3.937e-03 ms=4351.3
[10b] step  48 loss=4.0537 chk=0.00e+00 gmax=5.554e-03 ms=4340.3
[10b] step  49 loss=4.1794 chk=0.00e+00 gmax=4.272e-03 ms=4355.4
[10b] step  50 loss=4.3269 chk=0.00e+00 gmax=5.768e-03 ms=4352.6
[10b] step  51 loss=4.2919 chk=0.00e+00 gmax=5.707e-03 ms=4345.1
[10b] step  52 loss=4.1215 chk=0.00e+00 gmax=5.493e-03 ms=4346.0
[10b] step  53 loss=4.2199 chk=0.00e+00 gmax=7.019e-03 ms=4345.7
[10b] step  54 loss=4.2217 chk=0.00e+00 gmax=5.554e-03 ms=4352.6
[10b] step  55 loss=4.2618 chk=0.00e+00 gmax=5.463e-03 ms=4346.7
[10b] step  56 loss=4.2928 chk=0.00e+00 gmax=5.157e-03 ms=4355.6
[10b] step  57 loss=4.2744 chk=0.00e+00 gmax=5.371e-03 ms=4355.6
[10b] step  58 loss=4.3067 chk=0.00e+00 gmax=4.120e-03 ms=4360.1
[10b] step  59 loss=4.3113 chk=0.00e+00 gmax=6.104e-03 ms=4355.3
RESULT_JSON {"arch": "olmoe10b", "backend": "baseline", "ws": 224, "cluster_params_b": 9.435183104, "median_ms_per_step": 4348.236083984375, "mean_ms_per_step": 4349.075896399362, "first_loss": 9.99734878540039, "final_loss": 4.311319351196289, "losses": [9.99734878540039, 11.756882667541504, 11.466405868530273, 10.289372444152832, 8.138108253479004, 6.853604316711426, 5.813935279846191, 5.14629602432251, 4.5692057609558105, 4.1995720863342285, 3.917696714401245, 3.8103740215301514, 3.8455264568328857, 3.8681578636169434, 3.912302017211914, 3.8668696880340576, 3.92818021774292, 3.924456834793091, 4.117167949676514, 4.0108323097229, 3.9955811500549316, 4.016789436340332, 4.208183288574219, 4.112483501434326, 4.1326518058776855, 4.000279426574707, 3.961543321609497, 4.1281633377075195, 4.193305969238281, 4.269084453582764, 4.174892425537109, 4.083834648132324, 4.0268778800964355, 4.061446666717529, 4.075358867645264, 4.052629470825195, 4.122888088226318, 4.247361660003662, 4.41078519821167, 4.336033821105957, 4.221328258514404, 4.155399799346924, 4.201996803283691, 4.166593074798584, 4.1349005699157715, 4.049136638641357, 4.1002092361450195, 4.0377726554870605, 4.0536651611328125, 4.179421424865723, 4.3268656730651855, 4.2919020652771, 4.121522426605225, 4.219930171966553, 4.221696376800537, 4.2618327140808105, 4.29280424118042, 4.274369239807129, 4.306661128997803, 4.311319351196289]}
