[10b] backend=sorcar ws=224 rep=153.7M local/rank=41.4M cluster=9.44B cap=4 mc=8192
[10b] sites: emb(F1)=33.0M norms(F4a)=30720 qkv0(F7)=12.6M oproj(F5)=16.8M rest(F4b)=91.3M in 16 tensors
[10b] step   0 loss=9.9688 chk=0.00e+00 gmax=4.486e-03 mon=0.00e+00 ms=155219.5
[10b] step   1 loss=12.1910 chk=0.00e+00 gmax=1.331e-02 mon=0.00e+00 ms=63773.3
[10b] step   2 loss=11.7331 chk=0.00e+00 gmax=1.611e-02 mon=0.00e+00 ms=8050.6
[10b] step   3 loss=11.3239 chk=0.00e+00 gmax=1.782e-02 mon=0.00e+00 ms=8051.5
[10b] step   4 loss=9.5515 chk=0.00e+00 gmax=2.002e-02 mon=0.00e+00 ms=8067.4
[10b] step   5 loss=7.4405 chk=0.00e+00 gmax=2.771e-02 mon=0.00e+00 ms=8063.2
[10b] step   6 loss=6.4292 chk=0.00e+00 gmax=2.417e-02 mon=0.00e+00 ms=8064.6
[10b] step   7 loss=5.5454 chk=0.00e+00 gmax=1.929e-02 mon=0.00e+00 ms=8051.5
[10b] step   8 loss=4.8025 chk=0.00e+00 gmax=1.611e-02 mon=0.00e+00 ms=8049.8
[10b] step   9 loss=4.3723 chk=0.00e+00 gmax=9.399e-03 mon=0.00e+00 ms=8037.9
[10b] step  10 loss=4.1084 chk=0.00e+00 gmax=7.874e-03 mon=0.00e+00 ms=8058.2
[10b] step  11 loss=4.0243 chk=0.00e+00 gmax=6.042e-03 mon=0.00e+00 ms=8058.7
[10b] step  12 loss=3.8728 chk=0.00e+00 gmax=3.754e-03 mon=0.00e+00 ms=8047.4
[10b] step  13 loss=4.0550 chk=0.00e+00 gmax=5.920e-03 mon=0.00e+00 ms=8040.2
[10b] step  14 loss=4.0184 chk=0.00e+00 gmax=5.768e-03 mon=0.00e+00 ms=8056.8
[10b] step  15 loss=4.0136 chk=0.00e+00 gmax=5.859e-03 mon=0.00e+00 ms=8055.7
[10b] step  16 loss=3.9776 chk=0.00e+00 gmax=3.387e-03 mon=0.00e+00 ms=8055.0
[10b] step  17 loss=4.0043 chk=0.00e+00 gmax=5.676e-03 mon=0.00e+00 ms=8052.7
[10b] step  18 loss=3.9999 chk=0.00e+00 gmax=6.073e-03 mon=0.00e+00 ms=8041.6
[10b] step  19 loss=4.1341 chk=0.00e+00 gmax=5.859e-03 mon=0.00e+00 ms=8070.9
[10b] step  20 loss=4.1468 chk=0.00e+00 gmax=6.256e-03 mon=0.00e+00 ms=8054.2
[10b] step  21 loss=4.1306 chk=0.00e+00 gmax=4.211e-03 mon=0.00e+00 ms=8054.7
[10b] step  22 loss=4.0597 chk=0.00e+00 gmax=5.951e-03 mon=0.00e+00 ms=8059.5
[10b] step  23 loss=4.1114 chk=0.00e+00 gmax=5.493e-03 mon=0.00e+00 ms=8046.9
[10b] step  24 loss=4.0624 chk=0.00e+00 gmax=5.890e-03 mon=0.00e+00 ms=8048.1
[10b] step  25 loss=4.1086 chk=0.00e+00 gmax=3.616e-03 mon=0.00e+00 ms=8053.4
[10b] step  26 loss=4.0702 chk=0.00e+00 gmax=3.159e-03 mon=0.00e+00 ms=8049.3
[10b] step  27 loss=4.0274 chk=0.00e+00 gmax=6.256e-03 mon=0.00e+00 ms=8083.4
[10b] step  28 loss=4.1785 chk=0.00e+00 gmax=6.836e-03 mon=0.00e+00 ms=8035.1
[10b] step  29 loss=4.0687 chk=0.00e+00 gmax=3.998e-03 mon=0.00e+00 ms=8051.4
[10b] step  30 loss=4.1413 chk=0.00e+00 gmax=3.326e-03 mon=0.00e+00 ms=8045.2
[10b] step  31 loss=4.1895 chk=0.00e+00 gmax=3.677e-03 mon=0.00e+00 ms=8044.4
[10b] step  32 loss=4.2042 chk=0.00e+00 gmax=6.287e-03 mon=0.00e+00 ms=8052.5
[10b] step  33 loss=4.1011 chk=0.00e+00 gmax=6.012e-03 mon=0.00e+00 ms=8066.7
[10b] step  34 loss=4.0315 chk=0.00e+00 gmax=6.226e-03 mon=0.00e+00 ms=8053.9
[10b] step  35 loss=4.1764 chk=0.00e+00 gmax=7.599e-03 mon=0.00e+00 ms=8062.4
[10b] step  36 loss=4.1042 chk=0.00e+00 gmax=5.646e-03 mon=0.00e+00 ms=8035.7
[10b] step  37 loss=4.0521 chk=0.00e+00 gmax=5.585e-03 mon=0.00e+00 ms=8054.5
[10b] step  38 loss=4.1124 chk=0.00e+00 gmax=5.188e-03 mon=0.00e+00 ms=8057.2
[10b] step  39 loss=4.0268 chk=0.00e+00 gmax=3.876e-03 mon=0.00e+00 ms=8049.9
[10b] step  40 loss=4.0238 chk=0.00e+00 gmax=5.310e-03 mon=0.00e+00 ms=8040.5
[10b] step  41 loss=4.0670 chk=0.00e+00 gmax=5.890e-03 mon=0.00e+00 ms=8080.9
[10b] step  42 loss=4.0830 chk=0.00e+00 gmax=3.220e-03 mon=0.00e+00 ms=8075.7
[10b] step  43 loss=4.0223 chk=0.00e+00 gmax=3.464e-03 mon=0.00e+00 ms=8044.3
[10b] step  44 loss=4.0750 chk=0.00e+00 gmax=6.012e-03 mon=0.00e+00 ms=8043.8
[10b] step  45 loss=4.1745 chk=0.00e+00 gmax=5.707e-03 mon=0.00e+00 ms=8059.6
[10b] step  46 loss=4.1370 chk=0.00e+00 gmax=3.937e-03 mon=0.00e+00 ms=8042.2
[10b] step  47 loss=4.0771 chk=0.00e+00 gmax=4.669e-03 mon=0.00e+00 ms=8039.7
[10b] step  48 loss=3.9728 chk=0.00e+00 gmax=3.723e-03 mon=0.00e+00 ms=8047.8
[10b] step  49 loss=3.9118 chk=0.00e+00 gmax=4.120e-03 mon=0.00e+00 ms=8041.6
[10b] step  50 loss=3.9151 chk=0.00e+00 gmax=2.228e-03 mon=0.00e+00 ms=8086.9
[10b] step  51 loss=4.0618 chk=0.00e+00 gmax=3.830e-03 mon=0.00e+00 ms=8057.1
[10b] step  52 loss=4.1412 chk=0.00e+00 gmax=3.326e-03 mon=0.00e+00 ms=8040.2
[10b] step  53 loss=4.5273 chk=0.00e+00 gmax=4.913e-03 mon=0.00e+00 ms=8046.3
[10b] step  54 loss=4.2535 chk=0.00e+00 gmax=4.333e-03 mon=0.00e+00 ms=8043.4
[10b] step  55 loss=4.2534 chk=0.00e+00 gmax=3.036e-03 mon=0.00e+00 ms=8038.8
[10b] step  56 loss=4.2705 chk=0.00e+00 gmax=5.768e-03 mon=0.00e+00 ms=8060.3
[10b] step  57 loss=4.2856 chk=0.00e+00 gmax=3.998e-03 mon=0.00e+00 ms=8044.6
[10b] step  58 loss=4.3524 chk=0.00e+00 gmax=2.716e-03 mon=0.00e+00 ms=8041.7
[10b] step  59 loss=4.2937 chk=0.00e+00 gmax=2.914e-03 mon=0.00e+00 ms=8030.3
RESULT_JSON {"arch": "olmoe10b", "backend": "sorcar", "ws": 224, "cluster_params_b": 9.435183104, "median_ms_per_step": 8051.451683044434, "mean_ms_per_step": 8052.422042403902, "first_loss": 9.968799591064453, "final_loss": 4.293667793273926, "losses": [9.968799591064453, 12.191018104553223, 11.733114242553711, 11.323885917663574, 9.55150318145752, 7.440472602844238, 6.429178237915039, 5.5454206466674805, 4.802547454833984, 4.372300148010254, 4.108443260192871, 4.024349212646484, 3.872846841812134, 4.0550360679626465, 4.01840353012085, 4.013625621795654, 3.9775822162628174, 4.00427770614624, 3.9998691082000732, 4.1340556144714355, 4.146763324737549, 4.130612850189209, 4.059749603271484, 4.111444473266602, 4.062385559082031, 4.108579158782959, 4.0702104568481445, 4.0274152755737305, 4.178518772125244, 4.0687055587768555, 4.141338348388672, 4.18950080871582, 4.204207897186279, 4.101144313812256, 4.031496524810791, 4.176425457000732, 4.104242324829102, 4.0521159172058105, 4.112441062927246, 4.02677583694458, 4.023830890655518, 4.06698751449585, 4.082950115203857, 4.022346019744873, 4.07498025894165, 4.1745429039001465, 4.136960983276367, 4.077113628387451, 3.9727869033813477, 3.911769151687622, 3.915130615234375, 4.061834335327148, 4.141158103942871, 4.527296543121338, 4.253510475158691, 4.253403663635254, 4.2704644203186035, 4.285617828369141, 4.352445125579834, 4.293667793273926]}
