[10b] backend=sorcar ws=224 rep=153.7M local/rank=41.4M cluster=9.44B cap=4 mc=8192
[10b] sites: emb(F1)=33.0M norms(F4a)=30720 qkv0(F7)=12.6M oproj(F5)=16.8M rest(F4b)=91.3M in 16 tensors
[10b] step   0 loss=9.8814 chk=0.00e+00 gmax=5.127e-03 mon=0.00e+00 ms=46312.9
[10b] step   1 loss=12.2882 chk=0.00e+00 gmax=1.270e-02 mon=0.00e+00 ms=40192.1
[10b] step   2 loss=11.4276 chk=0.00e+00 gmax=1.917e-02 mon=0.00e+00 ms=4202.3
[10b] step   3 loss=10.1890 chk=0.00e+00 gmax=2.039e-02 mon=0.00e+00 ms=4189.7
[10b] step   4 loss=8.0240 chk=0.00e+00 gmax=2.100e-02 mon=0.00e+00 ms=4201.1
[10b] step   5 loss=7.9035 chk=0.00e+00 gmax=2.405e-02 mon=0.00e+00 ms=4197.8
[10b] step   6 loss=6.1282 chk=0.00e+00 gmax=1.758e-02 mon=0.00e+00 ms=4195.6
[10b] step   7 loss=5.3786 chk=0.00e+00 gmax=1.440e-02 mon=0.00e+00 ms=4204.5
[10b] step   8 loss=4.7367 chk=0.00e+00 gmax=1.233e-02 mon=0.00e+00 ms=4212.3
[10b] step   9 loss=4.2331 chk=0.00e+00 gmax=9.949e-03 mon=0.00e+00 ms=4203.7
[10b] step  10 loss=4.0427 chk=0.00e+00 gmax=9.705e-03 mon=0.00e+00 ms=4219.1
[10b] step  11 loss=3.8477 chk=0.00e+00 gmax=9.155e-03 mon=0.00e+00 ms=4196.2
[10b] step  12 loss=3.7351 chk=0.00e+00 gmax=8.240e-03 mon=0.00e+00 ms=4206.4
[10b] step  13 loss=3.8103 chk=0.00e+00 gmax=5.219e-03 mon=0.00e+00 ms=4196.3
[10b] step  14 loss=3.9054 chk=0.00e+00 gmax=5.615e-03 mon=0.00e+00 ms=4201.7
[10b] step  15 loss=3.7951 chk=0.00e+00 gmax=6.256e-03 mon=0.00e+00 ms=4189.0
[10b] step  16 loss=3.8368 chk=0.00e+00 gmax=7.477e-03 mon=0.00e+00 ms=4195.8
[10b] step  17 loss=3.7915 chk=0.00e+00 gmax=4.303e-03 mon=0.00e+00 ms=4201.7
[10b] step  18 loss=3.9833 chk=0.00e+00 gmax=6.012e-03 mon=0.00e+00 ms=4195.1
[10b] step  19 loss=3.9211 chk=0.00e+00 gmax=6.256e-03 mon=0.00e+00 ms=4205.2
[10b] step  20 loss=3.9485 chk=0.00e+00 gmax=6.287e-03 mon=0.00e+00 ms=4194.9
[10b] step  21 loss=4.0296 chk=0.00e+00 gmax=4.791e-03 mon=0.00e+00 ms=4199.1
[10b] step  22 loss=4.2140 chk=0.00e+00 gmax=5.157e-03 mon=0.00e+00 ms=4205.9
[10b] step  23 loss=4.2573 chk=0.00e+00 gmax=5.646e-03 mon=0.00e+00 ms=4215.8
[10b] step  24 loss=4.2754 chk=0.00e+00 gmax=5.737e-03 mon=0.00e+00 ms=4199.7
[10b] step  25 loss=4.2518 chk=0.00e+00 gmax=4.944e-03 mon=0.00e+00 ms=4200.3
[10b] step  26 loss=4.0904 chk=0.00e+00 gmax=6.104e-03 mon=0.00e+00 ms=4208.4
[10b] step  27 loss=4.1448 chk=0.00e+00 gmax=7.446e-03 mon=0.00e+00 ms=4202.9
[10b] step  28 loss=4.1728 chk=0.00e+00 gmax=4.150e-03 mon=0.00e+00 ms=4206.6
[10b] step  29 loss=4.0906 chk=0.00e+00 gmax=5.554e-03 mon=0.00e+00 ms=4187.4
[10b] step  30 loss=4.0315 chk=0.00e+00 gmax=6.561e-03 mon=0.00e+00 ms=4197.5
[10b] step  31 loss=3.9815 chk=0.00e+00 gmax=3.555e-03 mon=0.00e+00 ms=4199.3
[10b] step  32 loss=3.8944 chk=0.00e+00 gmax=5.463e-03 mon=0.00e+00 ms=4193.5
[10b] step  33 loss=3.9191 chk=0.00e+00 gmax=5.096e-03 mon=0.00e+00 ms=4204.0
[10b] step  34 loss=3.9276 chk=0.00e+00 gmax=5.737e-03 mon=0.00e+00 ms=4207.5
[10b] step  35 loss=3.9619 chk=0.00e+00 gmax=4.944e-03 mon=0.00e+00 ms=4188.3
[10b] step  36 loss=4.1001 chk=0.00e+00 gmax=5.768e-03 mon=0.00e+00 ms=4195.6
[10b] step  37 loss=4.2089 chk=0.00e+00 gmax=5.676e-03 mon=0.00e+00 ms=4218.5
[10b] step  38 loss=4.3165 chk=0.00e+00 gmax=7.660e-03 mon=0.00e+00 ms=4208.2
[10b] step  39 loss=4.2392 chk=0.00e+00 gmax=6.195e-03 mon=0.00e+00 ms=4206.4
[10b] step  40 loss=4.0988 chk=0.00e+00 gmax=5.402e-03 mon=0.00e+00 ms=4198.3
[10b] step  41 loss=4.0957 chk=0.00e+00 gmax=6.927e-03 mon=0.00e+00 ms=4213.6
[10b] step  42 loss=4.1597 chk=0.00e+00 gmax=4.486e-03 mon=0.00e+00 ms=4198.5
[10b] step  43 loss=4.1622 chk=0.00e+00 gmax=4.425e-03 mon=0.00e+00 ms=4204.9
[10b] step  44 loss=4.1369 chk=0.00e+00 gmax=5.646e-03 mon=0.00e+00 ms=4195.8
[10b] step  45 loss=4.1272 chk=0.00e+00 gmax=6.195e-03 mon=0.00e+00 ms=4196.0
[10b] step  46 loss=4.1907 chk=0.00e+00 gmax=6.683e-03 mon=0.00e+00 ms=4205.1
[10b] step  47 loss=4.1193 chk=0.00e+00 gmax=5.859e-03 mon=0.00e+00 ms=4202.8
[10b] step  48 loss=4.0997 chk=0.00e+00 gmax=5.890e-03 mon=0.00e+00 ms=4192.9
[10b] step  49 loss=4.2019 chk=0.00e+00 gmax=3.235e-03 mon=0.00e+00 ms=4194.9
[10b] step  50 loss=4.4200 chk=0.00e+00 gmax=5.310e-03 mon=0.00e+00 ms=4197.7
[10b] step  51 loss=4.2670 chk=0.00e+00 gmax=6.073e-03 mon=0.00e+00 ms=4204.0
[10b] step  52 loss=4.1923 chk=0.00e+00 gmax=4.211e-03 mon=0.00e+00 ms=4195.1
[10b] step  53 loss=4.1275 chk=0.00e+00 gmax=6.775e-03 mon=0.00e+00 ms=4202.8
[10b] step  54 loss=4.3172 chk=0.00e+00 gmax=5.676e-03 mon=0.00e+00 ms=4206.5
[10b] step  55 loss=4.3588 chk=0.00e+00 gmax=5.127e-03 mon=0.00e+00 ms=4219.6
[10b] step  56 loss=4.3345 chk=0.00e+00 gmax=4.303e-03 mon=0.00e+00 ms=4202.4
[10b] step  57 loss=4.1678 chk=0.00e+00 gmax=8.179e-03 mon=0.00e+00 ms=4191.6
[10b] step  58 loss=4.0082 chk=0.00e+00 gmax=6.256e-03 mon=0.00e+00 ms=4190.2
[10b] step  59 loss=4.0920 chk=0.00e+00 gmax=5.737e-03 mon=0.00e+00 ms=4204.3
RESULT_JSON {"arch": "olmoe10b", "backend": "sorcar", "ws": 224, "cluster_params_b": 9.435183104, "median_ms_per_step": 4201.676368713379, "mean_ms_per_step": 4201.393970421383, "first_loss": 9.88140869140625, "final_loss": 4.091997146606445, "losses": [9.88140869140625, 12.288225173950195, 11.427643775939941, 10.1890230178833, 8.024012565612793, 7.903521537780762, 6.128190994262695, 5.3785905838012695, 4.736659526824951, 4.233057975769043, 4.042656898498535, 3.8476860523223877, 3.7351133823394775, 3.8102667331695557, 3.9054291248321533, 3.7950634956359863, 3.8368079662323, 3.7914645671844482, 3.9833385944366455, 3.921130418777466, 3.9484734535217285, 4.029588222503662, 4.214020252227783, 4.2572503089904785, 4.275421142578125, 4.251806735992432, 4.09044075012207, 4.1448211669921875, 4.172835350036621, 4.090552806854248, 4.031485557556152, 3.981464385986328, 3.894382953643799, 3.9190661907196045, 3.9275922775268555, 3.961916923522949, 4.100121974945068, 4.2088727951049805, 4.316462993621826, 4.239236354827881, 4.098751068115234, 4.095700740814209, 4.159725189208984, 4.162217617034912, 4.136895179748535, 4.127203464508057, 4.190738201141357, 4.119333744049072, 4.099733352661133, 4.20189094543457, 4.419983863830566, 4.267014980316162, 4.192294120788574, 4.127510070800781, 4.3172197341918945, 4.3587751388549805, 4.334535598754883, 4.167782783508301, 4.008151531219482, 4.091997146606445]}
