W0829 02:38:39.685000 170650 torch/distributed/run.py:774] 
W0829 02:38:39.685000 170650 torch/distributed/run.py:774] *****************************************
W0829 02:38:39.685000 170650 torch/distributed/run.py:774] Setting OMP_NUM_THREADS environment variable for each process to be 1 in default, to avoid your system being overloaded, please further tune the variable for optimal performance in your application as needed. 
W0829 02:38:39.685000 170650 torch/distributed/run.py:774] *****************************************
2026-08-29 02:38:45.957137: W neuron/pjrt-api/neuronpjrt.cc:1781] Use PJRT C-API 0.79 as client did not specify a PJRT C-API version
2026-08-29 02:38:45.984085: W neuron/pjrt-api/neuronpjrt.cc:1781] Use PJRT C-API 0.79 as client did not specify a PJRT C-API version
2026-08-29 02:38:45.984880: W neuron/pjrt-api/neuronpjrt.cc:1781] Use PJRT C-API 0.79 as client did not specify a PJRT C-API version
2026-08-29 02:38:45.996402: W neuron/pjrt-api/neuronpjrt.cc:1781] Use PJRT C-API 0.79 as client did not specify a PJRT C-API version
2026-08-29 02:38:46.020246: W neuron/pjrt-api/neuronpjrt.cc:1781] Use PJRT C-API 0.79 as client did not specify a PJRT C-API version
2026-08-29 02:38:46.045423: W neuron/pjrt-api/neuronpjrt.cc:1781] Use PJRT C-API 0.79 as client did not specify a PJRT C-API version
2026-08-29 02:38:46.063714: W neuron/pjrt-api/neuronpjrt.cc:1781] Use PJRT C-API 0.79 as client did not specify a PJRT C-API version
2026-08-29 02:38:46.084608: W neuron/pjrt-api/neuronpjrt.cc:1781] Use PJRT C-API 0.79 as client did not specify a PJRT C-API version
2026-08-29 02:38:46.096858: W neuron/pjrt-api/neuronpjrt.cc:1781] Use PJRT C-API 0.79 as client did not specify a PJRT C-API version
2026-08-29 02:38:46.099134: W neuron/pjrt-api/neuronpjrt.cc:1781] Use PJRT C-API 0.79 as client did not specify a PJRT C-API version
2026-08-29 02:38:46.099220: W neuron/pjrt-api/neuronpjrt.cc:1781] Use PJRT C-API 0.79 as client did not specify a PJRT C-API version
2026-08-29 02:38:46.099393: W neuron/pjrt-api/neuronpjrt.cc:1781] Use PJRT C-API 0.79 as client did not specify a PJRT C-API version
2026-08-29 02:38:46.099642: W neuron/pjrt-api/neuronpjrt.cc:1781] Use PJRT C-API 0.79 as client did not specify a PJRT C-API version
2026-08-29 02:38:46.099808: W neuron/pjrt-api/neuronpjrt.cc:1781] Use PJRT C-API 0.79 as client did not specify a PJRT C-API version
2026-08-29 02:38:46.099869: W neuron/pjrt-api/neuronpjrt.cc:1781] Use PJRT C-API 0.79 as client did not specify a PJRT C-API version
2026-08-29 02:38:46.099905: W neuron/pjrt-api/neuronpjrt.cc:1781] Use PJRT C-API 0.79 as client did not specify a PJRT C-API version
2026-08-29 02:38:46.101810: W neuron/pjrt-api/neuronpjrt.cc:1781] Use PJRT C-API 0.79 as client did not specify a PJRT C-API version
2026-08-29 02:38:46.103899: W neuron/pjrt-api/neuronpjrt.cc:1781] Use PJRT C-API 0.79 as client did not specify a PJRT C-API version
2026-08-29 02:38:46.105359: W neuron/pjrt-api/neuronpjrt.cc:1781] Use PJRT C-API 0.79 as client did not specify a PJRT C-API version
2026-08-29 02:38:46.108148: W neuron/pjrt-api/neuronpjrt.cc:1781] Use PJRT C-API 0.79 as client did not specify a PJRT C-API version
2026-08-29 02:38:46.116208: W neuron/pjrt-api/neuronpjrt.cc:1781] Use PJRT C-API 0.79 as client did not specify a PJRT C-API version
2026-08-29 02:38:46.130731: W neuron/pjrt-api/neuronpjrt.cc:1781] Use PJRT C-API 0.79 as client did not specify a PJRT C-API version
2026-08-29 02:38:46.134870: W neuron/pjrt-api/neuronpjrt.cc:1781] Use PJRT C-API 0.79 as client did not specify a PJRT C-API version
2026-08-29 02:38:46.145079: W neuron/pjrt-api/neuronpjrt.cc:1781] Use PJRT C-API 0.79 as client did not specify a PJRT C-API version
2026-08-29 02:38:46.167737: W neuron/pjrt-api/neuronpjrt.cc:1781] Use PJRT C-API 0.79 as client did not specify a PJRT C-API version
2026-08-29 02:38:46.175944: W neuron/pjrt-api/neuronpjrt.cc:1781] Use PJRT C-API 0.79 as client did not specify a PJRT C-API version
2026-08-29 02:38:46.178229: W neuron/pjrt-api/neuronpjrt.cc:1781] Use PJRT C-API 0.79 as client did not specify a PJRT C-API version
2026-08-29 02:38:46.219730: W neuron/pjrt-api/neuronpjrt.cc:1781] Use PJRT C-API 0.79 as client did not specify a PJRT C-API version
2026-08-29 02:38:46.245387: W neuron/pjrt-api/neuronpjrt.cc:1781] Use PJRT C-API 0.79 as client did not specify a PJRT C-API version
2026-08-29 02:38:46.408280: W neuron/pjrt-api/neuronpjrt.cc:1781] Use PJRT C-API 0.79 as client did not specify a PJRT C-API version
2026-08-29 02:38:46.415486: W neuron/pjrt-api/neuronpjrt.cc:1781] Use PJRT C-API 0.79 as client did not specify a PJRT C-API version
2026-08-29 02:38:46.547635: W neuron/pjrt-api/neuronpjrt.cc:1781] Use PJRT C-API 0.79 as client did not specify a PJRT C-API version
[e2e] arch=moe backend=sorcar ws=224 params=10.2M
[e2e] data tokens per rank: 2413250
[e2e] F5 flat grad numel=9314304 (+pad 64), shard=41582
/home/ubuntu/train_families_e2e_7node.py:457: DeprecationWarning: Use torch_xla.sync instead
  xm.mark_step()
/home/ubuntu/train_families_e2e_7node.py:457: DeprecationWarning: Use torch_xla.sync instead
  xm.mark_step()
/home/ubuntu/train_families_e2e_7node.py:457: DeprecationWarning: Use torch_xla.sync instead
  xm.mark_step()
/home/ubuntu/train_families_e2e_7node.py:457: DeprecationWarning: Use torch_xla.sync instead
  xm.mark_step()
/home/ubuntu/train_families_e2e_7node.py:457: DeprecationWarning: Use torch_xla.sync instead
  xm.mark_step()
/home/ubuntu/train_families_e2e_7node.py:457: DeprecationWarning: Use torch_xla.sync instead
  xm.mark_step()
/home/ubuntu/train_families_e2e_7node.py:457: DeprecationWarning: Use torch_xla.sync instead
  xm.mark_step()
/home/ubuntu/train_families_e2e_7node.py:457: DeprecationWarning: Use torch_xla.sync instead
  xm.mark_step()
/home/ubuntu/train_families_e2e_7node.py:457: DeprecationWarning: Use torch_xla.sync instead
  xm.mark_step()
/home/ubuntu/train_families_e2e_7node.py:457: DeprecationWarning: Use torch_xla.sync instead
  xm.mark_step()
/home/ubuntu/train_families_e2e_7node.py:457: DeprecationWarning: Use torch_xla.sync instead
  xm.mark_step()
/home/ubuntu/train_families_e2e_7node.py:457: DeprecationWarning: Use torch_xla.sync instead
  xm.mark_step()
/home/ubuntu/train_families_e2e_7node.py:457: DeprecationWarning: Use torch_xla.sync instead
  xm.mark_step()
/home/ubuntu/train_families_e2e_7node.py:457: DeprecationWarning: Use torch_xla.sync instead
  xm.mark_step()
/home/ubuntu/train_families_e2e_7node.py:457: DeprecationWarning: Use torch_xla.sync instead
  xm.mark_step()
/home/ubuntu/train_families_e2e_7node.py:457: DeprecationWarning: Use torch_xla.sync instead
  xm.mark_step()
/home/ubuntu/train_families_e2e_7node.py:457: DeprecationWarning: Use torch_xla.sync instead
  xm.mark_step()
/home/ubuntu/train_families_e2e_7node.py:457: DeprecationWarning: Use torch_xla.sync instead
  xm.mark_step()
/home/ubuntu/train_families_e2e_7node.py:457: DeprecationWarning: Use torch_xla.sync instead
  xm.mark_step()
/home/ubuntu/train_families_e2e_7node.py:457: DeprecationWarning: Use torch_xla.sync instead
  xm.mark_step()
/home/ubuntu/train_families_e2e_7node.py:457: DeprecationWarning: Use torch_xla.sync instead
  xm.mark_step()
/home/ubuntu/train_families_e2e_7node.py:457: DeprecationWarning: Use torch_xla.sync instead
  xm.mark_step()
/home/ubuntu/train_families_e2e_7node.py:457: DeprecationWarning: Use torch_xla.sync instead
  xm.mark_step()
/home/ubuntu/train_families_e2e_7node.py:457: DeprecationWarning: Use torch_xla.sync instead
  xm.mark_step()
/home/ubuntu/train_families_e2e_7node.py:457: DeprecationWarning: Use torch_xla.sync instead
  xm.mark_step()
/home/ubuntu/train_families_e2e_7node.py:457: DeprecationWarning: Use torch_xla.sync instead
  xm.mark_step()
/home/ubuntu/train_families_e2e_7node.py:457: DeprecationWarning: Use torch_xla.sync instead
  xm.mark_step()
/home/ubuntu/train_families_e2e_7node.py:457: DeprecationWarning: Use torch_xla.sync instead
  xm.mark_step()
/home/ubuntu/train_families_e2e_7node.py:457: DeprecationWarning: Use torch_xla.sync instead
  xm.mark_step()
/home/ubuntu/train_families_e2e_7node.py:457: DeprecationWarning: Use torch_xla.sync instead
  xm.mark_step()
/home/ubuntu/train_families_e2e_7node.py:457: DeprecationWarning: Use torch_xla.sync instead
  xm.mark_step()
/home/ubuntu/train_families_e2e_7node.py:457: DeprecationWarning: Use torch_xla.sync instead
  xm.mark_step()
................................................................................................................................................................................................................................................................................................................................................................................................................................................................................................................................
Compiler status PASS
2026-08-29 02:44:34.000484:  170731  [INFO]: Compilation Successfully Completed for model.MODULE_10911411412842910047+e30acd3a.hlo_module.pb

Compiler status PASS
2026-08-29 02:44:35.000080:  170736  [INFO]: Compilation Successfully Completed for model.MODULE_17418340109996862717+e30acd3a.hlo_module.pb

Compiler status PASS
2026-08-29 02:44:35.000455:  170730  [INFO]: Compilation Successfully Completed for model.MODULE_4027339811800661927+e30acd3a.hlo_module.pb

Compiler status PASS
2026-08-29 02:44:36.000109:  170746  [INFO]: Compilation Successfully Completed for model.MODULE_15875698916007408930+e30acd3a.hlo_module.pb

Compiler status PASS

Compiler status PASS

Compiler status PASS
2026-08-29 02:44:36.000414:  170748  [INFO]: Compilation Successfully Completed for model.MODULE_13537473646990306599+e30acd3a.hlo_module.pb
2026-08-29 02:44:36.000447:  170720  [INFO]: Compilation Successfully Completed for model.MODULE_4524783069565540309+e30acd3a.hlo_module.pb

Compiler status PASS
2026-08-29 02:44:36.000525:  170725  [INFO]: Compilation Successfully Completed for model.MODULE_17787302270081202710+e30acd3a.hlo_module.pb

Compiler status PASS
2026-08-29 02:44:36.000670:  170743  [INFO]: Compilation Successfully Completed for model.MODULE_13119043963767936336+e30acd3a.hlo_module.pb
2026-08-29 02:44:36.000720:  170722  [INFO]: Compilation Successfully Completed for model.MODULE_12648681681396776402+e30acd3a.hlo_module.pb

Compiler status PASS
2026-08-29 02:44:36.000908:  170723  [INFO]: Compilation Successfully Completed for model.MODULE_1242063175068216711+e30acd3a.hlo_module.pb

Compiler status PASS

Compiler status PASS

Compiler status PASS
2026-08-29 02:44:37.000598:  170734  [INFO]: Compilation Successfully Completed for model.MODULE_16456304204215571524+e30acd3a.hlo_module.pb

Compiler status PASS
2026-08-29 02:44:37.000707:  170739  [INFO]: Compilation Successfully Completed for model.MODULE_13805492224899760044+e30acd3a.hlo_module.pb
2026-08-29 02:44:37.000718:  170738  [INFO]: Compilation Successfully Completed for model.MODULE_3112508289789363218+e30acd3a.hlo_module.pb
2026-08-29 02:44:37.000833:  170737  [INFO]: Compilation Successfully Completed for model.MODULE_4859580320820477225+e30acd3a.hlo_module.pb

Compiler status PASS

Compiler status PASS

Compiler status PASS
2026-08-29 02:44:38.000779:  170741  [INFO]: Compilation Successfully Completed for model.MODULE_17257749640851709988+e30acd3a.hlo_module.pb

Compiler status PASS
2026-08-29 02:44:38.000788:  170719  [INFO]: Compilation Successfully Completed for model.MODULE_341896079106654432+e30acd3a.hlo_module.pb
2026-08-29 02:44:38.000898:  170742  [INFO]: Compilation Successfully Completed for model.MODULE_12077179171610866571+e30acd3a.hlo_module.pb
2026-08-29 02:44:38.000916:  170724  [INFO]: Compilation Successfully Completed for model.MODULE_1864505936625211445+e30acd3a.hlo_module.pb

Compiler status PASS
2026-08-29 02:44:39.000072:  170729  [INFO]: Compilation Successfully Completed for model.MODULE_6411157139288715208+e30acd3a.hlo_module.pb

Compiler status PASS

Compiler status PASS

Compiler status PASS
2026-08-29 02:44:39.000247:  170733  [INFO]: Compilation Successfully Completed for model.MODULE_9585898352868126134+e30acd3a.hlo_module.pb
2026-08-29 02:44:39.000306:  170732  [INFO]: Compilation Successfully Completed for model.MODULE_17099823133290287401+e30acd3a.hlo_module.pb
2026-08-29 02:44:39.000324:  170747  [INFO]: Compilation Successfully Completed for model.MODULE_6076462916374664208+e30acd3a.hlo_module.pb

Compiler status PASS

Compiler status PASS
2026-08-29 02:44:39.000603:  170744  [INFO]: Compilation Successfully Completed for model.MODULE_13093517161197224077+e30acd3a.hlo_module.pb
2026-08-29 02:44:39.000695:  170717  [INFO]: Compilation Successfully Completed for model.MODULE_9517216861041249276+e30acd3a.hlo_module.pb

Compiler status PASS

Compiler status PASS
2026-08-29 02:44:39.000920:  170726  [INFO]: Compilation Successfully Completed for model.MODULE_3431790279287314795+e30acd3a.hlo_module.pb
2026-08-29 02:44:40.000037:  170728  [INFO]: Compilation Successfully Completed for model.MODULE_1142735201853035459+e30acd3a.hlo_module.pb

Compiler status PASS
2026-08-29 02:44:40.000351:  170740  [INFO]: Compilation Successfully Completed for model.MODULE_9829933719728449318+e30acd3a.hlo_module.pb

Compiler status PASS
2026-08-29 02:44:40.000654:  170745  [INFO]: Compilation Successfully Completed for model.MODULE_7530602042379152378+e30acd3a.hlo_module.pb

Compiler status PASS
2026-08-29 02:44:41.000976:  170721  [INFO]: Compilation Successfully Completed for model.MODULE_7652261415469813792+e30acd3a.hlo_module.pb
..
Compiler status PASS
.2026-08-29 02:44:43.000395:  170735  [INFO]: Compilation Successfully Completed for model.MODULE_17431113575100598588+e30acd3a.hlo_module.pb

Compiler status PASS
2026-08-29 02:44:43.000608:  170727  [INFO]: Compilation Successfully Completed for model.MODULE_5758447243956630589+e30acd3a.hlo_module.pb

Compiler status PASS
2026-08-29 02:44:44.000910:  170718  [INFO]: Compilation Successfully Completed for model.MODULE_3831437297290615682+e30acd3a.hlo_module.pb
.
Compiler status PASS
2026-08-29 02:44:52.000837:  170729  [INFO]: Compilation Successfully Completed for model.MODULE_14874200043798254035+e30acd3a.hlo_module.pb
/home/ubuntu/train_families_e2e_7node.py:457: DeprecationWarning: Use torch_xla.sync instead
  xm.mark_step()
.2026-08-29 02:44:56.000749:  170728  [INFO]: Using a cached neff at /tmp/neuron_cache/neuronxcc-2.23.6484.0+3b612583/MODULE_14874200043798254035+e30acd3a/model.neff
2026-08-29 02:44:56.000750:  170727  [INFO]: Using a cached neff at /tmp/neuron_cache/neuronxcc-2.23.6484.0+3b612583/MODULE_14874200043798254035+e30acd3a/model.neff
2026-08-29 02:44:56.000750:  170733  [INFO]: Using a cached neff at /tmp/neuron_cache/neuronxcc-2.23.6484.0+3b612583/MODULE_14874200043798254035+e30acd3a/model.neff
2026-08-29 02:44:56.000750:  170731  [INFO]: Using a cached neff at /tmp/neuron_cache/neuronxcc-2.23.6484.0+3b612583/MODULE_14874200043798254035+e30acd3a/model.neff
2026-08-29 02:44:56.000750:  170717  [INFO]: Using a cached neff at /tmp/neuron_cache/neuronxcc-2.23.6484.0+3b612583/MODULE_14874200043798254035+e30acd3a/model.neff
2026-08-29 02:44:56.000750:  170734  [INFO]: Using a cached neff at /tmp/neuron_cache/neuronxcc-2.23.6484.0+3b612583/MODULE_14874200043798254035+e30acd3a/model.neff
2026-08-29 02:44:56.000751:  170726  [INFO]: Using a cached neff at /tmp/neuron_cache/neuronxcc-2.23.6484.0+3b612583/MODULE_14874200043798254035+e30acd3a/model.neff
2026-08-29 02:44:56.000751:  170721  [INFO]: Using a cached neff at /tmp/neuron_cache/neuronxcc-2.23.6484.0+3b612583/MODULE_14874200043798254035+e30acd3a/model.neff
2026-08-29 02:44:56.000752:  170737  [INFO]: Using a cached neff at /tmp/neuron_cache/neuronxcc-2.23.6484.0+3b612583/MODULE_14874200043798254035+e30acd3a/model.neff
2026-08-29 02:44:56.000752:  170747  [INFO]: Using a cached neff at /tmp/neuron_cache/neuronxcc-2.23.6484.0+3b612583/MODULE_14874200043798254035+e30acd3a/model.neff
2026-08-29 02:44:56.000753:  170748  [INFO]: Using a cached neff at /tmp/neuron_cache/neuronxcc-2.23.6484.0+3b612583/MODULE_14874200043798254035+e30acd3a/model.neff
2026-08-29 02:44:56.000753:  170735  [INFO]: Using a cached neff at /tmp/neuron_cache/neuronxcc-2.23.6484.0+3b612583/MODULE_14874200043798254035+e30acd3a/model.neff
2026-08-29 02:44:56.000753:  170743  [INFO]: Using a cached neff at /tmp/neuron_cache/neuronxcc-2.23.6484.0+3b612583/MODULE_14874200043798254035+e30acd3a/model.neff
2026-08-29 02:44:56.000754:  170736  [INFO]: Using a cached neff at /tmp/neuron_cache/neuronxcc-2.23.6484.0+3b612583/MODULE_14874200043798254035+e30acd3a/model.neff
2026-08-29 02:44:56.000755:  170741  [INFO]: Using a cached neff at /tmp/neuron_cache/neuronxcc-2.23.6484.0+3b612583/MODULE_14874200043798254035+e30acd3a/model.neff
2026-08-29 02:44:56.000756:  170724  [INFO]: Using a cached neff at /tmp/neuron_cache/neuronxcc-2.23.6484.0+3b612583/MODULE_14874200043798254035+e30acd3a/model.neff
[e2e] step   0 loss=5.7299 chk=0.00e+00 gmax=5.087e-02 ms=335418.8
2026-08-29 02:44:56.000760:  170730  [INFO]: Using a cached neff at /tmp/neuron_cache/neuronxcc-2.23.6484.0+3b612583/MODULE_14874200043798254035+e30acd3a/model.neff
2026-08-29 02:44:56.000760:  170740  [INFO]: Using a cached neff at /tmp/neuron_cache/neuronxcc-2.23.6484.0+3b612583/MODULE_14874200043798254035+e30acd3a/model.neff
2026-08-29 02:44:56.000761:  170722  [INFO]: Using a cached neff at /tmp/neuron_cache/neuronxcc-2.23.6484.0+3b612583/MODULE_14874200043798254035+e30acd3a/model.neff
2026-08-29 02:44:56.000762:  170742  [INFO]: Using a cached neff at /tmp/neuron_cache/neuronxcc-2.23.6484.0+3b612583/MODULE_14874200043798254035+e30acd3a/model.neff
/home/ubuntu/train_families_e2e_7node.py:457: DeprecationWarning: Use torch_xla.sync instead
  xm.mark_step()
/home/ubuntu/train_families_e2e_7node.py:457: DeprecationWarning: Use torch_xla.sync instead
  xm.mark_step()
/home/ubuntu/train_families_e2e_7node.py:457: DeprecationWarning: Use torch_xla.sync instead
  xm.mark_step()
/home/ubuntu/train_families_e2e_7node.py:457: DeprecationWarning: Use torch_xla.sync instead
  xm.mark_step()
/home/ubuntu/train_families_e2e_7node.py:457: DeprecationWarning: Use torch_xla.sync instead
  xm.mark_step()
/home/ubuntu/train_families_e2e_7node.py:457: DeprecationWarning: Use torch_xla.sync instead
  xm.mark_step()
/home/ubuntu/train_families_e2e_7node.py:457: DeprecationWarning: Use torch_xla.sync instead
  xm.mark_step()
/home/ubuntu/train_families_e2e_7node.py:457: DeprecationWarning: Use torch_xla.sync instead
  xm.mark_step()
/home/ubuntu/train_families_e2e_7node.py:457: DeprecationWarning: Use torch_xla.sync instead
  xm.mark_step()
/home/ubuntu/train_families_e2e_7node.py:457: DeprecationWarning: Use torch_xla.sync instead
  xm.mark_step()
/home/ubuntu/train_families_e2e_7node.py:457: DeprecationWarning: Use torch_xla.sync instead
  xm.mark_step()
/home/ubuntu/train_families_e2e_7node.py:457: DeprecationWarning: Use torch_xla.sync instead
  xm.mark_step()
/home/ubuntu/train_families_e2e_7node.py:457: DeprecationWarning: Use torch_xla.sync instead
  xm.mark_step()
/home/ubuntu/train_families_e2e_7node.py:457: DeprecationWarning: Use torch_xla.sync instead
  xm.mark_step()
/home/ubuntu/train_families_e2e_7node.py:457: DeprecationWarning: Use torch_xla.sync instead
  xm.mark_step()
/home/ubuntu/train_families_e2e_7node.py:457: DeprecationWarning: Use torch_xla.sync instead
  xm.mark_step()
/home/ubuntu/train_families_e2e_7node.py:457: DeprecationWarning: Use torch_xla.sync instead
  xm.mark_step()
/home/ubuntu/train_families_e2e_7node.py:457: DeprecationWarning: Use torch_xla.sync instead
  xm.mark_step()
/home/ubuntu/train_families_e2e_7node.py:457: DeprecationWarning: Use torch_xla.sync instead
  xm.mark_step()
/home/ubuntu/train_families_e2e_7node.py:457: DeprecationWarning: Use torch_xla.sync instead
  xm.mark_step()
....................2026-08-29 02:45:01.000753:  170738  [INFO]: Using a cached neff at /tmp/neuron_cache/neuronxcc-2.23.6484.0+3b612583/MODULE_14874200043798254035+e30acd3a/model.neff
2026-08-29 02:45:01.000754:  170723  [INFO]: Using a cached neff at /tmp/neuron_cache/neuronxcc-2.23.6484.0+3b612583/MODULE_14874200043798254035+e30acd3a/model.neff
2026-08-29 02:45:01.000754:  170719  [INFO]: Using a cached neff at /tmp/neuron_cache/neuronxcc-2.23.6484.0+3b612583/MODULE_14874200043798254035+e30acd3a/model.neff
2026-08-29 02:45:01.000754:  170725  [INFO]: Using a cached neff at /tmp/neuron_cache/neuronxcc-2.23.6484.0+3b612583/MODULE_14874200043798254035+e30acd3a/model.neff
2026-08-29 02:45:01.000754:  170718  [INFO]: Using a cached neff at /tmp/neuron_cache/neuronxcc-2.23.6484.0+3b612583/MODULE_14874200043798254035+e30acd3a/model.neff
2026-08-29 02:45:01.000758:  170744  [INFO]: Using a cached neff at /tmp/neuron_cache/neuronxcc-2.23.6484.0+3b612583/MODULE_14874200043798254035+e30acd3a/model.neff
/home/ubuntu/train_families_e2e_7node.py:457: DeprecationWarning: Use torch_xla.sync instead
  xm.mark_step()
/home/ubuntu/train_families_e2e_7node.py:457: DeprecationWarning: Use torch_xla.sync instead
  xm.mark_step()
/home/ubuntu/train_families_e2e_7node.py:457: DeprecationWarning: Use torch_xla.sync instead
  xm.mark_step()
/home/ubuntu/train_families_e2e_7node.py:457: DeprecationWarning: Use torch_xla.sync instead
  xm.mark_step()
/home/ubuntu/train_families_e2e_7node.py:457: DeprecationWarning: Use torch_xla.sync instead
  xm.mark_step()
/home/ubuntu/train_families_e2e_7node.py:457: DeprecationWarning: Use torch_xla.sync instead
  xm.mark_step()
......2026-08-29 02:45:06.000759:  170739  [INFO]: Using a cached neff at /tmp/neuron_cache/neuronxcc-2.23.6484.0+3b612583/MODULE_14874200043798254035+e30acd3a/model.neff
2026-08-29 02:45:06.000759:  170745  [INFO]: Using a cached neff at /tmp/neuron_cache/neuronxcc-2.23.6484.0+3b612583/MODULE_14874200043798254035+e30acd3a/model.neff
2026-08-29 02:45:06.000760:  170746  [INFO]: Using a cached neff at /tmp/neuron_cache/neuronxcc-2.23.6484.0+3b612583/MODULE_14874200043798254035+e30acd3a/model.neff
/home/ubuntu/train_families_e2e_7node.py:457: DeprecationWarning: Use torch_xla.sync instead
  xm.mark_step()
/home/ubuntu/train_families_e2e_7node.py:457: DeprecationWarning: Use torch_xla.sync instead
  xm.mark_step()
/home/ubuntu/train_families_e2e_7node.py:457: DeprecationWarning: Use torch_xla.sync instead
  xm.mark_step()
...2026-08-29 02:45:11.000765:  170732  [INFO]: Using a cached neff at /tmp/neuron_cache/neuronxcc-2.23.6484.0+3b612583/MODULE_14874200043798254035+e30acd3a/model.neff
2026-08-29 02:45:11.000765:  170720  [INFO]: Using a cached neff at /tmp/neuron_cache/neuronxcc-2.23.6484.0+3b612583/MODULE_14874200043798254035+e30acd3a/model.neff
/home/ubuntu/train_families_e2e_7node.py:457: DeprecationWarning: Use torch_xla.sync instead
  xm.mark_step()
/home/ubuntu/train_families_e2e_7node.py:457: DeprecationWarning: Use torch_xla.sync instead
  xm.mark_step()
................................................................................................................................................................................................................................................................................................................................................................................................................................................................
Compiler status PASS
2026-08-29 02:49:50.000262:  170729  [INFO]: Compilation Successfully Completed for model.MODULE_6848766263012861607+e30acd3a.hlo_module.pb

Compiler status PASS

Compiler status PASS
2026-08-29 02:49:52.000434:  170743  [INFO]: Compilation Successfully Completed for model.MODULE_1364600893057116055+e30acd3a.hlo_module.pb
2026-08-29 02:49:52.000598:  170721  [INFO]: Compilation Successfully Completed for model.MODULE_4534887186512009470+e30acd3a.hlo_module.pb
..
Compiler status PASS
2026-08-29 02:49:53.000747:  170717  [INFO]: Compilation Successfully Completed for model.MODULE_8406742058843364267+e30acd3a.hlo_module.pb

Compiler status PASS

Compiler status PASS
2026-08-29 02:49:54.000114:  170741  [INFO]: Compilation Successfully Completed for model.MODULE_10087675554971182126+e30acd3a.hlo_module.pb
2026-08-29 02:49:54.000136:  170736  [INFO]: Compilation Successfully Completed for model.MODULE_16473664470775618779+e30acd3a.hlo_module.pb

Compiler status PASS
2026-08-29 02:49:55.000251:  170734  [INFO]: Compilation Successfully Completed for model.MODULE_2251818156496761471+e30acd3a.hlo_module.pb

Compiler status PASS
2026-08-29 02:49:55.000531:  170737  [INFO]: Compilation Successfully Completed for model.MODULE_4636379373785734050+e30acd3a.hlo_module.pb

Compiler status PASS
2026-08-29 02:49:56.000399:  170735  [INFO]: Compilation Successfully Completed for model.MODULE_6436559997290898863+e30acd3a.hlo_module.pb

Compiler status PASS
2026-08-29 02:49:56.000603:  170731  [INFO]: Compilation Successfully Completed for model.MODULE_17504301314610044844+e30acd3a.hlo_module.pb

Compiler status PASS
2026-08-29 02:49:57.000033:  170747  [INFO]: Compilation Successfully Completed for model.MODULE_2591965515842990603+e30acd3a.hlo_module.pb

Compiler status PASS

Compiler status PASS
2026-08-29 02:49:57.000568:  170727  [INFO]: Compilation Successfully Completed for model.MODULE_17473240146661426806+e30acd3a.hlo_module.pb

Compiler status PASS
2026-08-29 02:49:57.000728:  170740  [INFO]: Compilation Successfully Completed for model.MODULE_2048265136842222173+e30acd3a.hlo_module.pb

Compiler status PASS
2026-08-29 02:49:57.000846:  170733  [INFO]: Compilation Successfully Completed for model.MODULE_12146309499893901639+e30acd3a.hlo_module.pb
2026-08-29 02:49:58.000015:  170748  [INFO]: Compilation Successfully Completed for model.MODULE_4495935744153330886+e30acd3a.hlo_module.pb
......
Compiler status PASS

Compiler status PASS
2026-08-29 02:49:58.000658:  170728  [INFO]: Compilation Successfully Completed for model.MODULE_2276644476946363067+e30acd3a.hlo_module.pb
2026-08-29 02:49:58.000761:  170722  [INFO]: Compilation Successfully Completed for model.MODULE_6337675890316886111+e30acd3a.hlo_module.pb

Compiler status PASS

Compiler status PASS
2026-08-29 02:49:59.000086:  170724  [INFO]: Compilation Successfully Completed for model.MODULE_17532735499120570743+e30acd3a.hlo_module.pb
2026-08-29 02:49:59.000184:  170730  [INFO]: Compilation Successfully Completed for model.MODULE_6406568506054693172+e30acd3a.hlo_module.pb

Compiler status PASS
2026-08-29 02:50:00.000166:  170726  [INFO]: Compilation Successfully Completed for model.MODULE_2303551485661449845+e30acd3a.hlo_module.pb

Compiler status PASS
2026-08-29 02:50:00.000876:  170744  [INFO]: Compilation Successfully Completed for model.MODULE_8459118647132304654+e30acd3a.hlo_module.pb

Compiler status PASS
2026-08-29 02:50:02.000129:  170742  [INFO]: Compilation Successfully Completed for model.MODULE_7083104168521547003+e30acd3a.hlo_module.pb

Compiler status PASS

Compiler status PASS
2026-08-29 02:50:02.000301:  170723  [INFO]: Compilation Successfully Completed for model.MODULE_7868937013815265714+e30acd3a.hlo_module.pb
2026-08-29 02:50:02.000391:  170719  [INFO]: Compilation Successfully Completed for model.MODULE_14431504772164321306+e30acd3a.hlo_module.pb

Compiler status PASS
2026-08-29 02:50:02.000596:  170746  [INFO]: Compilation Successfully Completed for model.MODULE_14809098855405414856+e30acd3a.hlo_module.pb
.
Compiler status PASS
2026-08-29 02:50:03.000057:  170718  [INFO]: Compilation Successfully Completed for model.MODULE_16411124732555300318+e30acd3a.hlo_module.pb
...
Compiler status PASS
2026-08-29 02:50:09.000187:  170745  [INFO]: Compilation Successfully Completed for model.MODULE_7172210040373252432+e30acd3a.hlo_module.pb

Compiler status PASS
2026-08-29 02:50:10.000382:  170739  [INFO]: Compilation Successfully Completed for model.MODULE_1459991193057004961+e30acd3a.hlo_module.pb
..
Compiler status PASS
2026-08-29 02:50:13.000570:  170720  [INFO]: Compilation Successfully Completed for model.MODULE_3123480052763694566+e30acd3a.hlo_module.pb

Compiler status PASS
2026-08-29 02:50:14.000636:  170732  [INFO]: Compilation Successfully Completed for model.MODULE_4967018404735209826+e30acd3a.hlo_module.pb

Compiler status PASS

Compiler status PASS
2026-08-29 02:50:15.000065:  170738  [INFO]: Compilation Successfully Completed for model.MODULE_17589459573025656687+e30acd3a.hlo_module.pb
2026-08-29 02:50:15.000151:  170725  [INFO]: Compilation Successfully Completed for model.MODULE_4335737935828018537+e30acd3a.hlo_module.pb
[e2e] step   1 loss=4.3435 chk=0.00e+00 gmax=2.696e-02 ms=320575.9
/home/ubuntu/train_families_e2e_7node.py:457: DeprecationWarning: Use torch_xla.sync instead
  xm.mark_step()
/home/ubuntu/train_families_e2e_7node.py:457: DeprecationWarning: Use torch_xla.sync instead
  xm.mark_step()
/home/ubuntu/train_families_e2e_7node.py:457: DeprecationWarning: Use torch_xla.sync instead
  xm.mark_step()
/home/ubuntu/train_families_e2e_7node.py:457: DeprecationWarning: Use torch_xla.sync instead
  xm.mark_step()
/home/ubuntu/train_families_e2e_7node.py:457: DeprecationWarning: Use torch_xla.sync instead
  xm.mark_step()
/home/ubuntu/train_families_e2e_7node.py:457: DeprecationWarning: Use torch_xla.sync instead
  xm.mark_step()
/home/ubuntu/train_families_e2e_7node.py:457: DeprecationWarning: Use torch_xla.sync instead
  xm.mark_step()
/home/ubuntu/train_families_e2e_7node.py:457: DeprecationWarning: Use torch_xla.sync instead
  xm.mark_step()
/home/ubuntu/train_families_e2e_7node.py:457: DeprecationWarning: Use torch_xla.sync instead
  xm.mark_step()
/home/ubuntu/train_families_e2e_7node.py:457: DeprecationWarning: Use torch_xla.sync instead
  xm.mark_step()
/home/ubuntu/train_families_e2e_7node.py:457: DeprecationWarning: Use torch_xla.sync instead
  xm.mark_step()
/home/ubuntu/train_families_e2e_7node.py:457: DeprecationWarning: Use torch_xla.sync instead
  xm.mark_step()
/home/ubuntu/train_families_e2e_7node.py:457: DeprecationWarning: Use torch_xla.sync instead
  xm.mark_step()
/home/ubuntu/train_families_e2e_7node.py:457: DeprecationWarning: Use torch_xla.sync instead
  xm.mark_step()
/home/ubuntu/train_families_e2e_7node.py:457: DeprecationWarning: Use torch_xla.sync instead
  xm.mark_step()
/home/ubuntu/train_families_e2e_7node.py:457: DeprecationWarning: Use torch_xla.sync instead
  xm.mark_step()
/home/ubuntu/train_families_e2e_7node.py:457: DeprecationWarning: Use torch_xla.sync instead
  xm.mark_step()
/home/ubuntu/train_families_e2e_7node.py:457: DeprecationWarning: Use torch_xla.sync instead
  xm.mark_step()
/home/ubuntu/train_families_e2e_7node.py:457: DeprecationWarning: Use torch_xla.sync instead
  xm.mark_step()
/home/ubuntu/train_families_e2e_7node.py:457: DeprecationWarning: Use torch_xla.sync instead
  xm.mark_step()
/home/ubuntu/train_families_e2e_7node.py:457: DeprecationWarning: Use torch_xla.sync instead
  xm.mark_step()
/home/ubuntu/train_families_e2e_7node.py:457: DeprecationWarning: Use torch_xla.sync instead
  xm.mark_step()
/home/ubuntu/train_families_e2e_7node.py:457: DeprecationWarning: Use torch_xla.sync instead
  xm.mark_step()
/home/ubuntu/train_families_e2e_7node.py:457: DeprecationWarning: Use torch_xla.sync instead
  xm.mark_step()
/home/ubuntu/train_families_e2e_7node.py:457: DeprecationWarning: Use torch_xla.sync instead
  xm.mark_step()
/home/ubuntu/train_families_e2e_7node.py:457: DeprecationWarning: Use torch_xla.sync instead
  xm.mark_step()
/home/ubuntu/train_families_e2e_7node.py:457: DeprecationWarning: Use torch_xla.sync instead
  xm.mark_step()
/home/ubuntu/train_families_e2e_7node.py:457: DeprecationWarning: Use torch_xla.sync instead
  xm.mark_step()
/home/ubuntu/train_families_e2e_7node.py:457: DeprecationWarning: Use torch_xla.sync instead
  xm.mark_step()
/home/ubuntu/train_families_e2e_7node.py:457: DeprecationWarning: Use torch_xla.sync instead
  xm.mark_step()
/home/ubuntu/train_families_e2e_7node.py:457: DeprecationWarning: Use torch_xla.sync instead
  xm.mark_step()
/home/ubuntu/train_families_e2e_7node.py:457: DeprecationWarning: Use torch_xla.sync instead
  xm.mark_step()
[e2e] step   2 loss=3.9790 chk=0.00e+00 gmax=3.921e-02 ms=364.1
[e2e] step   3 loss=3.7315 chk=0.00e+00 gmax=2.403e-02 ms=366.5
[e2e] step   4 loss=3.6172 chk=0.00e+00 gmax=2.202e-02 ms=374.6
[e2e] step   5 loss=3.5290 chk=0.00e+00 gmax=2.456e-02 ms=373.7
[e2e] step   6 loss=3.4722 chk=0.00e+00 gmax=2.348e-02 ms=355.6
[e2e] step   7 loss=3.4035 chk=0.00e+00 gmax=1.893e-02 ms=357.7
[e2e] step   8 loss=3.3687 chk=0.00e+00 gmax=1.488e-02 ms=360.8
[e2e] step   9 loss=3.3359 chk=0.00e+00 gmax=1.384e-02 ms=355.1
[e2e] step  10 loss=3.3021 chk=0.00e+00 gmax=1.246e-02 ms=359.5
[e2e] step  11 loss=3.2681 chk=0.00e+00 gmax=1.340e-02 ms=359.6
[e2e] step  12 loss=3.2415 chk=0.00e+00 gmax=1.549e-02 ms=357.5
[e2e] step  13 loss=3.2246 chk=0.00e+00 gmax=1.241e-02 ms=361.3
[e2e] step  14 loss=3.1976 chk=0.00e+00 gmax=1.246e-02 ms=371.9
[e2e] step  15 loss=3.1661 chk=0.00e+00 gmax=1.061e-02 ms=359.6
[e2e] step  16 loss=3.1413 chk=0.00e+00 gmax=8.744e-03 ms=365.9
[e2e] step  17 loss=3.1257 chk=0.00e+00 gmax=8.206e-03 ms=365.3
[e2e] step  18 loss=3.0813 chk=0.00e+00 gmax=7.346e-03 ms=373.8
[e2e] step  19 loss=3.0520 chk=0.00e+00 gmax=1.135e-02 ms=358.0
[e2e] step  20 loss=3.0170 chk=0.00e+00 gmax=1.292e-02 ms=357.0
[e2e] step  21 loss=2.9651 chk=0.00e+00 gmax=1.123e-02 ms=363.0
[e2e] step  22 loss=2.9279 chk=0.00e+00 gmax=8.694e-03 ms=356.3
[e2e] step  23 loss=2.9086 chk=0.00e+00 gmax=1.529e-02 ms=368.5
[e2e] step  24 loss=2.8873 chk=0.00e+00 gmax=1.103e-02 ms=356.9
[e2e] step  25 loss=2.8634 chk=0.00e+00 gmax=1.331e-02 ms=373.9
[e2e] step  26 loss=2.8222 chk=0.00e+00 gmax=1.129e-02 ms=361.6
[e2e] step  27 loss=2.8055 chk=0.00e+00 gmax=9.538e-03 ms=361.1
[e2e] step  28 loss=2.7999 chk=0.00e+00 gmax=1.796e-02 ms=357.9
[e2e] step  29 loss=2.7743 chk=0.00e+00 gmax=1.250e-02 ms=354.1
[e2e] step  30 loss=2.7623 chk=0.00e+00 gmax=1.080e-02 ms=363.6
[e2e] step  31 loss=2.7568 chk=0.00e+00 gmax=9.985e-03 ms=359.5
[e2e] step  32 loss=2.7493 chk=0.00e+00 gmax=2.227e-02 ms=360.3
[e2e] step  33 loss=2.7312 chk=0.00e+00 gmax=1.163e-02 ms=357.3
[e2e] step  34 loss=2.7194 chk=0.00e+00 gmax=7.931e-03 ms=365.2
[e2e] step  35 loss=2.7074 chk=0.00e+00 gmax=8.974e-03 ms=361.8
[e2e] step  36 loss=2.6953 chk=0.00e+00 gmax=1.199e-02 ms=355.9
[e2e] step  37 loss=2.6844 chk=0.00e+00 gmax=9.684e-03 ms=356.1
[e2e] step  38 loss=2.6730 chk=0.00e+00 gmax=9.395e-03 ms=352.5
[e2e] step  39 loss=2.6739 chk=0.00e+00 gmax=9.693e-03 ms=367.2
RESULT_JSON {"arch": "moe", "backend": "sorcar", "ws": 224, "params_m": 10.236416, "median_ms_per_step": 360.2933883666992, "mean_ms_per_step": 361.18416488170624, "first_loss": 5.729925632476807, "final_loss": 2.6738975048065186, "losses": [5.729925632476807, 4.343511581420898, 3.9790384769439697, 3.7315433025360107, 3.617189884185791, 3.528959274291992, 3.4722259044647217, 3.4034669399261475, 3.3686697483062744, 3.3359220027923584, 3.3020882606506348, 3.268099784851074, 3.2414956092834473, 3.224571943283081, 3.1976335048675537, 3.1661055088043213, 3.1413145065307617, 3.1256601810455322, 3.081305980682373, 3.0519888401031494, 3.016988515853882, 2.9650793075561523, 2.927929401397705, 2.908613681793213, 2.887301206588745, 2.863399028778076, 2.8221590518951416, 2.8054921627044678, 2.7998576164245605, 2.7743499279022217, 2.7623403072357178, 2.7567641735076904, 2.7493085861206055, 2.7311975955963135, 2.7194101810455322, 2.7074105739593506, 2.6953415870666504, 2.684391736984253, 2.6730306148529053, 2.6738975048065186]}
