[kiss_v11] xor_grid_bcast best=895.9285714285714 us time=158s
[kiss_v12] xor_grid_bcast best=895.9285714285714 us time=157s
[kiss_v11] gray_code_bcast best=60.699999999999996 us time=142s
[kiss_v12] gray_code_bcast best=60.699999999999996 us time=138s
[kiss_v11] piecewise_bcast best=60.699999999999996 us time=133s
[kiss_v12] piecewise_bcast best=60.699999999999996 us time=130s
[kiss_v11] triangle_num_bcast best=60.699999999999996 us time=111s
[kiss_v12] triangle_num_bcast best=861.9428571428571 us time=127s
[kiss_v11] popcount_bcast best=60.699999999999996 us time=122s
[kiss_v12] popcount_bcast best=60.699999999999996 us time=126s
[kiss_v11] hamming_dist_bcast best=60.699999999999996 us time=145s
[kiss_v12] hamming_dist_bcast best=895.9285714285714 us time=171s
[kiss_v11] cond_xor_bcast best=60.699999999999996 us time=123s
[kiss_v12] cond_xor_bcast best=60.699999999999996 us time=145s
[kiss_v11] sum_popcount_bcast best=88.76823431812598 us time=134s
[kiss_v12] sum_popcount_bcast best=88.76823431812598 us time=141s
[kiss_v11] sign_alt_bcast best=895.9285714285714 us time=133s
[kiss_v12] sign_alt_bcast best=895.9285714285714 us time=152s
[kiss_v11] perm_shuffle_bcast best=786.3785714285714 us time=120s
[kiss_v12] perm_shuffle_bcast best=786.3785714285714 us time=131s
[kiss_v11] mod_sq_bcast best=824.1607142857142 us time=105s
[kiss_v12] mod_sq_bcast best=824.1607142857142 us time=108s
[kiss_v11] nested_mod_bcast best=60.699999999999996 us time=106s
[kiss_v12] nested_mod_bcast best=893.9285714285714 us time=111s
[kiss_v11] alltoallv best=5376.428800000001 us time=221s
[kiss_v12] alltoallv best=5388.0 us time=371s
[kiss_v11] uniform_a2a best=6107.94304 us time=357s
[kiss_v12] uniform_a2a best=6107.94304 us time=355s
[kiss_v11] ring_kv best=5200.0 us time=176s
[kiss_v12] ring_kv best=5200.0 us time=184s
[kiss_v11] grad_ar best=53902.4 us time=175s
[kiss_v12] grad_ar best=53902.4 us time=266s
[kiss_v11] dxe best=5272.0 us time=198s
[kiss_v12] dxe best=5272.0 us time=186s
[kiss_v11] pp_send_recv best=6013.75 us time=147s
[kiss_v12] pp_send_recv best=6013.75 us time=145s
[kiss_v11] tp_mlp best=18680.0 us time=142s
[kiss_v12] tp_mlp best=18680.0 us time=126s
[kiss_v11] fsdp_prefetch best=18680.0 us time=141s
[kiss_v12] fsdp_prefetch best=18680.0 us time=176s
[kiss_v11] llama_block_ar best=5984.5 us time=118s
[kiss_v12] llama_block_ar best=5984.5 us time=116s
